<html>
<body>
<pre>
<h1>µVision Build Log</h1>
<h2>Tool Versions:</h2>
IDE-Version: µVision V5.20.0.0
Copyright (C) 2016 ARM Ltd and ARM Germany GmbH. All rights reserved.
License Information: Vladislav Ovchinnikov, TPU, LIC=DSNRA-1DIFL-GPCZR-KJ4B0-82HWL-25LCW
 
Tool Versions:
Toolchain:       MDK-ARM Professional  Version: 5.20
Toolchain Path:  C:\Keil_v5\ARM\ARMCC\Bin
C Compiler:      Armcc.exe V5.06 update 2 (build 183)
Assembler:       Armasm.exe V5.06 update 2 (build 183)
Linker/Locator:  ArmLink.exe V5.06 update 2 (build 183)
Library Manager: ArmAr.exe V5.06 update 2 (build 183)
Hex Converter:   FromElf.exe V5.06 update 2 (build 183)
CPU DLL:         SARMCM3.DLL V5.20
Dialog DLL:      DCM.DLL V1.13.7.0
Target DLL:      STLink\ST-LINKIII-KEIL_SWO.dll V2.0.18.0
Dialog DLL:      TCM.DLL V1.14.9.0
 
<h2>Project:</h2>
C:\Users\FxSlava\Documents\Laser-LAMP-STM32-Test-Firmware\Calipso Ethernet Test\CalipsoEthernetTest.uvprojx
Project File Date:  11/30/2017

<h2>Output:</h2>
*** Using Compiler 'V5.06 update 2 (build 183)', folder: 'C:\Keil_v5\ARM\ARMCC\Bin'
Build target 'EthernetTest'
compiling ServiceFrame.c...
compiling stm32f4xx_hal_msp.c...
compiling LaserDiodePrepareFrame.c...
compiling stm32f4xx_it.c...
compiling PasswordFrame.c...
compiling GlobalVariables.c...
compiling main.c...
compiling SolidStateLaserPrepareFrame.c...
compiling WiFiScanningFrame.c...
compiling LaserDiodeWorkFrame.c...
compiling LaserDiodeInputFrame.c...
compiling ServiceFrameDiodeLaser.c...
compiling SolidStateLaserInputFrame.c...
compiling SolidStateLaserWorkFrame.c...
compiling LongPulseLaserWorkFrame.c...
compiling CoolingServiceFrame.c...
compiling LongPulseLaserPrepareFrame.c...
compiling LongPulseLaserInputFrame.c...
compiling WiFiAuthenticationFrame.c...
compiling FractLaserInputFrame.c...
Erb_Energy_Table.h(12): warning:  #1-D: last line of file ends without a newline
  #endif
FractLaserInputFrame.c: 1 warning, 0 errors
compiling LogFrame.c...
compiling FractLaserPrepareFrame.c...
FractLaserPrepareFrame.c(115): warning:  #1-D: last line of file ends without a newline
  }
FractLaserPrepareFrame.c: 1 warning, 0 errors
compiling LaserDiodeGUIPreset.c...
compiling FractLaserWorkFrame.c...
compiling IPLWorkFrame.c...
IPLWorkFrame.c(24): warning:  #177-D: variable "timer_min" was declared but never referenced
  	uint16_t timer_min = frameData_LaserDiode.timer.timer_minutes;
IPLWorkFrame.c(25): warning:  #177-D: variable "timer_sec" was declared but never referenced
  	uint16_t timer_sec = frameData_LaserDiode.timer.timer_seconds;
IPLWorkFrame.c(17): warning:  #177-D: variable "stacked_pic_id" was declared but never referenced
  static uint16_t stacked_pic_id = FRAME_PICID_IPL_COOLING_TIMER;
IPLWorkFrame.c: 3 warnings, 0 errors
compiling IPLPrepareFrame.c...
IPLPrepareFrame.c(22): warning:  #177-D: variable "ipl_charging_sensor_filter" was declared but never referenced
  static uint32_t ipl_charging_sensor_filter = 0;
IPLPrepareFrame.c(23): warning:  #550-D: variable "stacked_pic_id" was set but never used
  static uint16_t stacked_pic_id = FRAME_PICID_IPL_COOLING_TIMER;
IPLPrepareFrame.c: 2 warnings, 0 errors
compiling IPLInputFrame.c...
IPL_Energy_Table.h(15): warning:  #1-D: last line of file ends without a newline
  #endif
IPLInputFrame.c(52): warning:  #940-D: missing return statement at end of non-void function "Min"
  }
IPLInputFrame.c(59): warning:  #940-D: missing return statement at end of non-void function "Max"
  }
IPLInputFrame.c(249): warning:  #177-D: variable "frequency" was declared but never referenced
  	uint16_t frequency		= frameData_SolidStateLaser.laserprofile.Frequency;
IPLInputFrame.c: 4 warnings, 0 errors
compiling MainThread.c...
compiling DS18B20.c...
compiling LaserTimer.c...
compiling LaserMisc.c...
compiling SPIThread.c...
SPIThread.c(146): warning:  #177-D: variable "laser_set" was declared but never referenced
  		uint32_t laser_set = 0;
SPIThread.c(114): warning:  #177-D: variable "len" was declared but never referenced
  	uint8_t len = 0;
SPIThread.c: 2 warnings, 0 errors
compiling DGUS.c...
DGUS.c(310): warning:  #177-D: function "bcd_decimal16" was declared but never referenced
  static inline int bcd_decimal16(uint16_t hex)
DGUS.c: 1 warning, 0 errors
compiling SolidStateLaser.c...
compiling WiFiThread.c...
compiling SoundLib.c...
compiling IPL_Energy_Table.c...
IPL_Energy_Table.h(15): warning:  #1-D: last line of file ends without a newline
  #endif
IPL_Energy_Table.c: 1 warning, 0 errors
compiling Erb_Energy_Table.c...
Erb_Energy_Table.h(12): warning:  #1-D: last line of file ends without a newline
  #endif
Erb_Energy_Table.c: 1 warning, 0 errors
compiling CANBus.c...
compiling I2CBus.c...
compiling RTX_Conf_CM.c...
RTE\CMSIS\RTX_Conf_CM.c(279): warning:  #1295-D: Deprecated declaration DiodeLaserOff - give arg types
  extern void DiodeLaserOff();
RTE\CMSIS\RTX_Conf_CM.c(280): warning:  #1295-D: Deprecated declaration SolidStateLaserOff - give arg types
  extern void SolidStateLaserOff();
RTE\CMSIS\RTX_Conf_CM.c: 2 warnings, 0 errors
compiling retarget_io.c...
compiling WiFiDriver.c...
compiling SDCard.c...
compiling EventRecorder.c...
compiling MCI_STM32F4xx.c...
compiling SPI_STM32F4xx.c...
compiling stm32f4xx_hal.c...
compiling stm32f4xx_hal_cortex.c...
compiling stm32f4xx_hal_dma.c...
compiling stm32f4xx_hal_flash.c...
compiling stm32f4xx_hal_can.c...
compiling stm32f4xx_hal_dma_ex.c...
compiling USART_STM32F4xx.c...
compiling stm32f4xx_hal_flash_ex.c...
compiling stm32f4xx_hal_pwr_ex.c...
compiling stm32f4xx_hal_rcc.c...
compiling stm32f4xx_hal_gpio.c...
compiling stm32f4xx_hal_pwr.c...
compiling stm32f4xx_hal_rcc_ex.c...
assembling startup_stm32f407xx.s...
compiling stm32f4xx_hal_i2c.c...
compiling system_stm32f4xx.c...
compiling FS_Config.c...
compiling stm32f4xx_hal_usart.c...
compiling stm32f4xx_hal_uart.c...
compiling stm32f4xx_hal_tim_ex.c...
compiling stm32f4xx_hal_spi.c...
compiling stm32f4xx_hal_tim.c...
linking...
Program Size: Code=96852 RO-data=4244 RW-data=3784 ZI-data=87744  
FromELF: creating hex file...
After Build - User command #1: C:\Keil_v5\\ARM\ARMCC\bin\fromelf.exe --bin --output=CalipsoFirmwareV2REV1_0.bin .\Objects\CalipsoEthernetTest.axf
".\Objects\CalipsoEthernetTest.axf" - 0 Error(s), 18 Warning(s).

<h2>Software Packages used:</h2>

Package Vendor: ARM
                http://www.keil.com/pack/ARM.CMSIS.5.0.0.pack
                ::CMSIS Driver:SPI:2.01 (API)
                CMSIS (Cortex Microcontroller Software Interface Standard)
   * Component: SPI Version: 2.01
   * Component: RTOS Version: 1.0
   * Component: USART Version: 2.02
   * Component: MCI Version: 2.02
   * Component: CORE Version: 5.0.0
   * Component: DSP Version: 1.4.6
   * Component: Keil RTX Version: 4.81.0

Package Vendor: Keil
                http://www.keil.com/pack/Keil.ARM_Compiler.1.2.0.pack
                Keil.ARM Compiler::Compiler:I/O:STDOUT:ITM:1.1.0
                Keil ARM Compiler extensions
   * Component: STDOUT Variant: ITM Version: 1.1.0
   * Component: STDERR Variant: ITM Version: 1.1.0
   * Component: STDIN Variant: ITM Version: 1.1.0
   * Component: TTY Variant: Breakpoint Version: 1.1.0
   * Component: Event Recorder Variant: DAP Version: 1.1.0
   * Component: File Variant: File System Version: 1.1.0

Package Vendor: Keil
                http://www.keil.com/pack/Keil.MDK-Middleware.7.3.0.pack
                Keil.MDK-Pro::File System:Drive:Memory Card:6.9.0
                Keil MDK-ARM Professional Middleware for ARM Cortex-M based devices
   * Component: Memory Card Version: 6.9.0
   * Component: CORE Variant: LFN Version: 6.9.0

Package Vendor: Keil
                http://www.keil.com/pack/Keil.STM32F4xx_DFP.2.10.0.pack
                Keil::Device:STM32Cube HAL:SPI:1.5.0
                STMicroelectronics STM32F4 Series Device Support, Drivers and Examples
   * Component: SPI Version: 1.5.0
   * Component: USART Version: 1.5.0
   * Component: MCI Version: 2.6
   * Component: TIM Version: 1.5.0
   * Component: USART Version: 2.7
   * Component: SPI Version: 2.8
   * Component: UART Version: 1.5.0
   * Component: Startup Version: 2.5.0
   * Component: STM32Cube Framework Version: 1.0.0
   * Component: Cortex Version: 1.5.0
   * Component: Common Version: 1.5.0
   * Component: CAN Version: 1.5.0
   * Component: DMA Version: 1.5.0
   * Component: Classic Version: 1.5.0
   * Component: GPIO Version: 1.5.0
   * Component: PWR Version: 1.5.0
   * Component: I2C Version: 1.5.0
   * Component: Flash Version: 1.5.0
   * Component: RCC Version: 1.5.0

<h2>Collection of Component include folders:</h2>
  C:\Users\FxSlava\Documents\Laser-LAMP-STM32-Test-Firmware\Calipso Ethernet Test\RTE
  C:\Users\FxSlava\Documents\Laser-LAMP-STM32-Test-Firmware\Calipso Ethernet Test\RTE\Compiler
  C:\Users\FxSlava\Documents\Laser-LAMP-STM32-Test-Firmware\Calipso Ethernet Test\RTE\Device\STM32F407ZGTx
  C:\Keil_v5\ARM\PACK\ARM\CMSIS\5.0.0\CMSIS\Driver\Include
  C:\Keil_v5\ARM\PACK\ARM\CMSIS\5.0.0\CMSIS\Include
  C:\Keil_v5\ARM\PACK\ARM\CMSIS\5.0.0\CMSIS\RTOS\RTX\INC
  C:\Keil_v5\ARM\PACK\Keil\ARM_Compiler\1.2.0\Include
  C:\Keil_v5\ARM\PACK\Keil\MDK-Middleware\7.3.0\FileSystem\Include
  C:\Keil_v5\ARM\PACK\Keil\STM32F4xx_DFP\2.10.0\Drivers\CMSIS\Device\ST\STM32F4xx\Include
  C:\Keil_v5\ARM\PACK\Keil\STM32F4xx_DFP\2.10.0\Drivers\STM32F4xx_HAL_Driver\Inc

<h2>Collection of Component Files used:</h2>

   * Component: ::CMSIS Driver:SPI:2.01 (API)
      Include file:  CMSIS\Driver\Include\Driver_SPI.h

   * Component: ::CMSIS:RTOS:1.0 (API)

   * Component: ::CMSIS Driver:USART:2.02 (API)
      Include file:  CMSIS\Driver\Include\Driver_USART.h

   * Component: ::CMSIS Driver:MCI:2.02 (API)
      Include file:  CMSIS\Driver\Include\Driver_MCI.h

   * Component: ARM::CMSIS:CORE:5.0.0

   * Component: ARM::CMSIS:DSP:1.4.6
      Library file:  CMSIS\Lib\ARM\arm_cortexM4lf_math.lib
      Include file:  CMSIS\Include\arm_math.h

   * Component: ARM::CMSIS:RTOS:Keil RTX:4.81.0
      Include file:  CMSIS\RTOS\RTX\INC\cmsis_os.h
      Source file:   CMSIS\RTOS\RTX\Templates\RTX_Conf_CM.c
      Source file:   CMSIS\RTOS\RTX\UserCodeTemplates\main.c
      Include file:  CMSIS\RTOS\RTX\UserCodeTemplates\osObjects.h
      Source file:   CMSIS\RTOS\RTX\UserCodeTemplates\MailQueue.c
      Source file:   CMSIS\RTOS\RTX\UserCodeTemplates\MemPool.c
      Source file:   CMSIS\RTOS\RTX\UserCodeTemplates\MsgQueue.c
      Source file:   CMSIS\RTOS\RTX\UserCodeTemplates\Mutex.c
      Library file:  CMSIS\RTOS\RTX\LIB\ARM\RTX_CM4.lib
      Source file:   CMSIS\RTOS\RTX\UserCodeTemplates\Timer.c
      Source file:   CMSIS\RTOS\RTX\UserCodeTemplates\Thread.c
      Source file:   CMSIS\RTOS\RTX\UserCodeTemplates\Semaphore.c
      Source file:   CMSIS\RTOS\RTX\SRC\ARM\SVC_Table.s

   * Component: Keil.ARM Compiler::Compiler:I/O:STDOUT:ITM:1.1.0
      Source file:   Source\retarget_io.c

   * Component: Keil.ARM Compiler::Compiler:I/O:STDERR:ITM:1.1.0
      Source file:   Source\retarget_io.c

   * Component: Keil.ARM Compiler::Compiler:I/O:STDIN:ITM:1.1.0
      Source file:   Source\retarget_io.c

   * Component: Keil.ARM Compiler::Compiler:I/O:TTY:Breakpoint:1.1.0
      Source file:   Source\retarget_io.c

   * Component: Keil.ARM Compiler::Compiler:Event Recorder:DAP:1.1.0
      Source file:   Source\EventRecorder.c
      Include file:  Include\EventRecorder.h
      Include file:  Config\EventRecorderConf.h

   * Component: Keil.ARM Compiler::Compiler:I/O:File:File System:1.1.0
      Source file:   Source\retarget_io.c

   * Component: Keil.MDK-Pro::File System:Drive:Memory Card:6.9.0
      Source file:   FileSystem\Config\FS_Config_MC.h

   * Component: Keil.MDK-Pro::File System:CORE:LFN:6.9.0
      Include file:  FileSystem\Include\rl_fs.h
      Source file:   FileSystem\Config\FS_Config.c
      Library file:  FileSystem\Lib\ARM\FS_LFN_CM3_L.lib

   * Component: Keil::Device:STM32Cube HAL:SPI:1.5.0
      Source file:   Drivers\STM32F4xx_HAL_Driver\Src\stm32f4xx_hal_spi.c

   * Component: Keil::Device:STM32Cube HAL:USART:1.5.0
      Source file:   Drivers\STM32F4xx_HAL_Driver\Src\stm32f4xx_hal_usart.c

   * Component: Keil::CMSIS Driver:MCI:2.6
      Source file:   CMSIS\Driver\MCI_STM32F4xx.c

   * Component: Keil::Device:STM32Cube HAL:TIM:1.5.0
      Source file:   Drivers\STM32F4xx_HAL_Driver\Src\stm32f4xx_hal_tim.c
      Source file:   Drivers\STM32F4xx_HAL_Driver\Src\stm32f4xx_hal_tim_ex.c

   * Component: Keil::CMSIS Driver:USART:2.7
      Source file:   CMSIS\Driver\USART_STM32F4xx.c

   * Component: Keil::CMSIS Driver:SPI:2.8
      Source file:   CMSIS\Driver\SPI_STM32F4xx.c

   * Component: Keil::Device:STM32Cube HAL:UART:1.5.0
      Source file:   Drivers\STM32F4xx_HAL_Driver\Src\stm32f4xx_hal_uart.c

   * Component: Keil::Device:Startup:2.5.0
      Source file:   MDK\Device\Source\ARM\STM32F40xxx_41xxx_OPT.s
      Include file:  Drivers\CMSIS\Device\ST\STM32F4xx\Include\stm32f4xx.h
      Source file:   Drivers\CMSIS\Device\ST\STM32F4xx\Source\Templates\arm\startup_stm32f407xx.s
      Source file:   MDK\Device\Source\ARM\STM32F4xx_OTP.s
      Source file:   Drivers\CMSIS\Device\ST\STM32F4xx\Source\Templates\system_stm32f4xx.c

   * Component: ::Device:STM32Cube Framework:1.0.0 (API)

   * Component: Keil::Device:STM32Cube HAL:Cortex:1.5.0
      Source file:   Drivers\STM32F4xx_HAL_Driver\Src\stm32f4xx_hal_cortex.c

   * Component: Keil::Device:STM32Cube HAL:Common:1.5.0
      Source file:   Drivers\STM32F4xx_HAL_Driver\Src\stm32f4xx_hal.c
      Include file:  Drivers\STM32F4xx_HAL_Driver\Inc\stm32f4xx_hal.h

   * Component: Keil::Device:STM32Cube HAL:CAN:1.5.0
      Source file:   Drivers\STM32F4xx_HAL_Driver\Src\stm32f4xx_hal_can.c

   * Component: Keil::Device:STM32Cube HAL:DMA:1.5.0
      Source file:   Drivers\STM32F4xx_HAL_Driver\Src\stm32f4xx_hal_dma_ex.c
      Source file:   Drivers\STM32F4xx_HAL_Driver\Src\stm32f4xx_hal_dma.c

   * Component: Keil::Device:STM32Cube Framework:Classic:1.5.0
      Source file:   MDK\Templates\Src\stm32f4xx_hal_msp.c
      Include file:  CMSIS\Driver\Config\RTE_Device.h
      Include file:  MDK\Templates\Inc\stm32f4xx_it.h
      Include file:  MDK\Templates\Inc\stm32f4xx_hal_conf.h
      Source file:   MDK\Templates\Src\stm32f4xx_it.c
      Include file:  MDK\Templates\Inc\main.h
      Source file:   MDK\Templates\Src\main.c

   * Component: Keil::Device:STM32Cube HAL:GPIO:1.5.0
      Source file:   Drivers\STM32F4xx_HAL_Driver\Src\stm32f4xx_hal_gpio.c

   * Component: Keil::Device:STM32Cube HAL:PWR:1.5.0
      Source file:   Drivers\STM32F4xx_HAL_Driver\Src\stm32f4xx_hal_pwr.c
      Source file:   Drivers\STM32F4xx_HAL_Driver\Src\stm32f4xx_hal_pwr_ex.c

   * Component: Keil::Device:STM32Cube HAL:I2C:1.5.0
      Source file:   Drivers\STM32F4xx_HAL_Driver\Src\stm32f4xx_hal_i2c.c

   * Component: Keil::Device:STM32Cube HAL:Flash:1.5.0
      Source file:   Drivers\STM32F4xx_HAL_Driver\Src\stm32f4xx_hal_flash_ex.c
      Source file:   Drivers\STM32F4xx_HAL_Driver\Src\stm32f4xx_hal_flash.c

   * Component: Keil::Device:STM32Cube HAL:RCC:1.5.0
      Source file:   Drivers\STM32F4xx_HAL_Driver\Src\stm32f4xx_hal_rcc_ex.c
      Source file:   Drivers\STM32F4xx_HAL_Driver\Src\stm32f4xx_hal_rcc.c
Build Time Elapsed:  00:00:24
</pre>
</body>
</html>
