Component: ARM Compiler 5.06 update 4 (build 422) Tool: armlink [4d35d2]

==============================================================================

Section Cross References

    main.o(i.EraseSector) refers to rt_memclr_w.o(.text) for __aeabi_memclr4
    main.o(i.EraseSector) refers to stm32f4xx_hal_flash.o(i.HAL_FLASH_Unlock) for HAL_FLASH_Unlock
    main.o(i.EraseSector) refers to stm32f4xx_hal_flash_ex.o(i.HAL_FLASHEx_Erase) for HAL_FLASHEx_Erase
    main.o(i.EraseSector) refers to stm32f4xx_hal_flash.o(i.FLASH_WaitForLastOperation) for FLASH_WaitForLastOperation
    main.o(i.EraseSector) refers to stm32f4xx_hal_flash.o(i.HAL_FLASH_Lock) for HAL_FLASH_Lock
    main.o(i.GetSectorByAddr) refers to main.o(.data) for flashSectorAddrTable
    main.o(i.HAL_GetTick) refers to rt_time.o(.data) for os_time
    main.o(i.SystemClock_Config) refers to stm32f4xx_hal_rcc.o(i.HAL_RCC_OscConfig) for HAL_RCC_OscConfig
    main.o(i.SystemClock_Config) refers to main.o(i.Error_Handler) for Error_Handler
    main.o(i.SystemClock_Config) refers to stm32f4xx_hal_rcc.o(i.HAL_RCC_ClockConfig) for HAL_RCC_ClockConfig
    main.o(i.SystemClock_Config) refers to stm32f4xx_hal.o(i.HAL_GetREVID) for HAL_GetREVID
    main.o(i.main) refers to rt_cmsis.o(i.osKernelInitialize) for osKernelInitialize
    main.o(i.main) refers to stm32f4xx_hal.o(i.HAL_Init) for HAL_Init
    main.o(i.main) refers to main.o(i.SystemClock_Config) for SystemClock_Config
    main.o(i.main) refers to system_stm32f4xx.o(i.SystemCoreClockUpdate) for SystemCoreClockUpdate
    main.o(i.main) refers to sdcardbase.o(i.init_filesystem) for init_filesystem
    main.o(i.main) refers to dgus.o(i.Initialize_DGUS) for Initialize_DGUS
    main.o(i.main) refers to stm32f4xx_hal.o(i.HAL_Delay) for HAL_Delay
    main.o(i.main) refers to rt_cmsis.o(i.osKernelStart) for osKernelStart
    main.o(i.main) refers to mainthread.o(i.Init_Main_Thread) for Init_Main_Thread
    main.o(i.main) refers to fopen_locked.o(.text) for fopen
    main.o(i.main) refers to fgets_locked.o(.text) for fgets
    main.o(i.main) refers to main.o(i.hextoint) for hextoint
    main.o(i.main) refers to fclose_locked.o(.text) for fclose
    main.o(i.main) refers to main.o(.bss) for buffer
    main.o(i.main) refers to main.o(.data) for baseAddr
    stm32f4xx_hal_msp.o(i.HAL_MspDeInit) refers to stm32f4xx_hal_gpio.o(i.HAL_GPIO_DeInit) for HAL_GPIO_DeInit
    stm32f4xx_hal_msp.o(i.HAL_MspInit) refers to rt_memclr_w.o(.text) for __aeabi_memclr4
    stm32f4xx_hal_msp.o(i.HAL_MspInit) refers to stm32f4xx_hal_gpio.o(i.HAL_GPIO_Init) for HAL_GPIO_Init
    stm32f4xx_it.o(i.USART1_IRQHandler) refers to stm32f4xx_hal_uart.o(i.HAL_UART_IRQHandler) for HAL_UART_IRQHandler
    stm32f4xx_it.o(i.USART1_IRQHandler) refers to dgus.o(.bss) for huart1
    dgus.o(i.DWIN_USART_callback) refers to rt_cmsis.o(i.osSignalSet) for osSignalSet
    dgus.o(i.DWIN_USART_callback) refers to mainthread.o(.data) for tid_MainThread
    dgus.o(i.GetDateTime) refers to dgus.o(i.ReadRegister) for ReadRegister
    dgus.o(i.GetDateTime) refers to rt_cmsis.o(i.osSignalWait) for osSignalWait
    dgus.o(i.GetDateTime) refers to dgus.o(i.bcd_decimal) for bcd_decimal
    dgus.o(i.GetPicId) refers to dgus.o(i.ReadRegister) for ReadRegister
    dgus.o(i.GetPicId) refers to rt_cmsis.o(i.osSignalWait) for osSignalWait
    dgus.o(i.GetPicId) refers to dgus.o(i.convert_w) for convert_w
    dgus.o(i.HAL_UART_RxCpltCallback) refers to rt_cmsis.o(i.osSignalSet) for osSignalSet
    dgus.o(i.HAL_UART_RxCpltCallback) refers to mainthread.o(.data) for tid_MainThread
    dgus.o(i.HAL_UART_TxCpltCallback) refers to rt_cmsis.o(i.osSignalSet) for osSignalSet
    dgus.o(i.HAL_UART_TxCpltCallback) refers to mainthread.o(.data) for tid_MainThread
    dgus.o(i.Initialize_DGUS) refers to rt_memclr_w.o(.text) for __aeabi_memclr4
    dgus.o(i.Initialize_DGUS) refers to rt_memcpy_w.o(.text) for __aeabi_memcpy4
    dgus.o(i.Initialize_DGUS) refers to stm32f4xx_hal_uart.o(i.HAL_UART_Init) for HAL_UART_Init
    dgus.o(i.Initialize_DGUS) refers to stm32f4xx_hal_cortex.o(i.HAL_NVIC_SetPriority) for HAL_NVIC_SetPriority
    dgus.o(i.Initialize_DGUS) refers to stm32f4xx_hal_cortex.o(i.HAL_NVIC_EnableIRQ) for HAL_NVIC_EnableIRQ
    dgus.o(i.Initialize_DGUS) refers to dgus.o(.bss) for huart1
    dgus.o(i.ReadRegister) refers to dgus.o(i.convert_w) for convert_w
    dgus.o(i.ReadRegister) refers to dgus.o(i.crc16_update) for crc16_update
    dgus.o(i.ReadRegister) refers to rt_cmsis.o(i.osSignalClear) for osSignalClear
    dgus.o(i.ReadRegister) refers to dgus.o(i.HAL_UART_Transmit_ITMY) for HAL_UART_Transmit_ITMY
    dgus.o(i.ReadRegister) refers to dgus.o(i.HAL_UART_Receive_ITMY) for HAL_UART_Receive_ITMY
    dgus.o(i.ReadRegister) refers to dgus.o(.bss) for dgus_buffer_tx
    dgus.o(i.ReadRegister) refers to mainthread.o(.data) for tid_MainThread
    dgus.o(i.ReadVariable) refers to dgus.o(i.convert_w) for convert_w
[...]
    fs_config                                0x08006e01   Thumb Code    70  fs_config.o(i.fs_config)
    fs_drive_id                              0x08006e59   Thumb Code   130  fs_common.o(i.fs_drive_id)
    fs_get_rtos_tick_freq                    0x08006ee9   Thumb Code     6  fs_config.o(i.fs_get_rtos_tick_freq)
    fs_get_sys_tick                          0x08006eef   Thumb Code     4  fs_config.o(i.fs_get_sys_tick)
    fs_get_sys_tick_us                       0x08006ef5   Thumb Code    18  fs_config.o(i.fs_get_sys_tick_us)
    fs_get_time                              0x08006f11   Thumb Code    26  fs_time.o(i.fs_get_time)
    fs_mc_lock_unlock                        0x08006f2b   Thumb Code     4  fs_mc_mci.o(i.fs_mc_lock_unlock)
    fs_mutex_acquire                         0x08006f2f   Thumb Code    18  fs_config.o(i.fs_mutex_acquire)
    fs_mutex_new                             0x08006f41   Thumb Code     4  fs_config.o(i.fs_mutex_new)
    fs_mutex_release                         0x08006f45   Thumb Code    14  fs_config.o(i.fs_mutex_release)
    fs_set_cdrive                            0x08006f55   Thumb Code    24  fs_common.o(i.fs_set_cdrive)
    fs_set_rtos_delay                        0x08006f75   Thumb Code    10  fs_config.o(i.fs_set_rtos_delay)
    fsj_write                                0x0800705d   Thumb Code     4  fs_config.o(i.fsj_write)
    fvol                                     0x08007061   Thumb Code    78  fs_mapi.o(i.fvol)
    get_u16                                  0x080071f1   Thumb Code    10  fs_common.o(i.get_u16)
    get_u32                                  0x080071fb   Thumb Code    22  fs_common.o(i.get_u32)
    hextoint                                 0x08007211   Thumb Code    92  main.o(i.hextoint)
    init_filesystem                          0x0800726d   Thumb Code    86  sdcardbase.o(i.init_filesystem)
    isrMessageGet                            0x0800734d   Thumb Code    42  rt_cmsis.o(i.isrMessageGet)
    isrMessagePut                            0x08007377   Thumb Code    44  rt_cmsis.o(i.isrMessagePut)
    isrSignalSet                             0x080073a3   Thumb Code    36  rt_cmsis.o(i.isrSignalSet)
    isr_evt_set                              0x080073c9   Thumb Code    34  rt_event.o(i.isr_evt_set)
    isr_mbx_receive                          0x080073f1   Thumb Code    86  rt_mailbox.o(i.isr_mbx_receive)
    isr_mbx_send                             0x08007447   Thumb Code    14  rt_mailbox.o(i.isr_mbx_send)
    main                                     0x08007555   Thumb Code   246  main.o(i.main)
    mc_mci_DevCtrl                           0x0800793f   Thumb Code   390  fs_mc_mci.o(i.mc_mci_DevCtrl)
    mc_mci_DrvEvent                          0x08007ac5   Thumb Code    80  fs_mc_mci.o(i.mc_mci_DrvEvent)
    mc_mci_Init                              0x08007b15   Thumb Code   220  fs_mc_mci.o(i.mc_mci_Init)
    mc_mci_ReadInfo                          0x08007bf5   Thumb Code    28  fs_mc_mci.o(i.mc_mci_ReadInfo)
    mc_mci_ReadSector                        0x08007c11   Thumb Code   208  fs_mc_mci.o(i.mc_mci_ReadSector)
    mc_mci_UnInit                            0x08007ce1   Thumb Code    68  fs_mc_mci.o(i.mc_mci_UnInit)
    mc_mci_WriteSector                       0x08007d25   Thumb Code   228  fs_mc_mci.o(i.mc_mci_WriteSector)
    mc_wfe                                   0x080085b5   Thumb Code    44  fs_mc_mci.o(i.mc_wfe)
    osDelay                                  0x0800898d   Thumb Code    18  rt_cmsis.o(i.osDelay)
    osKernelInitialize                       0x080089a5   Thumb Code    30  rt_cmsis.o(i.osKernelInitialize)
    osKernelStart                            0x080089c9   Thumb Code    98  rt_cmsis.o(i.osKernelStart)
    osKernelSysTick                          0x08008a35   Thumb Code    18  rt_cmsis.o(i.osKernelSysTick)
    osMessageGet                             0x08008a4d   Thumb Code    18  rt_cmsis.o(i.osMessageGet)
    osMutexCreate                            0x08008a65   Thumb Code    36  rt_cmsis.o(i.osMutexCreate)
    osMutexRelease                           0x08008a91   Thumb Code    18  rt_cmsis.o(i.osMutexRelease)
    osMutexWait                              0x08008aa9   Thumb Code    18  rt_cmsis.o(i.osMutexWait)
    osSignalClear                            0x08008ac1   Thumb Code    20  rt_cmsis.o(i.osSignalClear)
    osSignalSet                              0x08008ad9   Thumb Code    18  rt_cmsis.o(i.osSignalSet)
    osSignalWait                             0x08008af1   Thumb Code    18  rt_cmsis.o(i.osSignalWait)
    osThreadCreate                           0x08008b09   Thumb Code    36  rt_cmsis.o(i.osThreadCreate)
    osThreadExit                             0x08008b35   Thumb Code    14  rt_cmsis.o(i.osThreadExit)
    osThreadYield                            0x08008b4d   Thumb Code    18  rt_cmsis.o(i.osThreadYield)
    osTimerCall                              0x08008b65   Thumb Code     8  rt_cmsis.o(i.osTimerCall)
    osTimerThread                            0x08008b71   Thumb Code    38  rt_cmsis.o(i.osTimerThread)
    os_error                                 0x08008b9d   Thumb Code    34  rtx_conf_cm.o(i.os_error)
    os_idle_demon                            0x08008bbf   Thumb Code     4  rtx_conf_cm.o(i.os_idle_demon)
    os_tick_init                             0x08008bc5   Thumb Code    32  rt_system.o(i.os_tick_init)
    os_tick_irqack                           0x08008bed   Thumb Code     2  rt_system.o(i.os_tick_irqack)
    os_tick_ovf                              0x08008bf1   Thumb Code    10  rt_system.o(i.os_tick_ovf)
    os_tick_val                              0x08008c01   Thumb Code    14  rt_system.o(i.os_tick_val)
    path_validate                            0x08008f0d   Thumb Code    60  fs_fat.o(i.path_validate)
    rt_alloc_box                             0x08009015   Thumb Code    26  rt_membox.o(i.rt_alloc_box)
    rt_alloc_mem                             0x0800902f   Thumb Code    62  rt_memory.o(i.rt_alloc_mem)
    rt_block                                 0x0800906d   Thumb Code    48  rt_task.o(i.rt_block)
    rt_chk_robin                             0x080090a5   Thumb Code    60  rt_robin.o(i.rt_chk_robin)
    rt_dec_dly                               0x080090ed   Thumb Code   102  rt_list.o(i.rt_dec_dly)
    rt_dispatch                              0x0800915d   Thumb Code    60  rt_task.o(i.rt_dispatch)
    rt_dly_wait                              0x080091a1   Thumb Code     6  rt_time.o(i.rt_dly_wait)
    rt_evt_clr                               0x080091a9   Thumb Code    22  rt_event.o(i.rt_evt_clr)
    rt_evt_psh                               0x080091c5   Thumb Code    76  rt_event.o(i.rt_evt_psh)
    rt_evt_set                               0x08009215   Thumb Code    88  rt_event.o(i.rt_evt_set)
    rt_evt_wait                              0x08009271   Thumb Code    56  rt_event.o(i.rt_evt_wait)
    rt_free_box                              0x080092ad   Thumb Code    44  rt_membox.o(i.rt_free_box)
    rt_free_mem                              0x080092d9   Thumb Code    40  rt_memory.o(i.rt_free_mem)
    rt_get_first                             0x08009301   Thumb Code    40  rt_list.o(i.rt_get_first)
    rt_get_same_rdy_prio                     0x08009329   Thumb Code    26  rt_list.o(i.rt_get_same_rdy_prio)
    rt_init_mem                              0x0800939d   Thumb Code    26  rt_memory.o(i.rt_init_mem)
    rt_init_robin                            0x080093b9   Thumb Code    14  rt_robin.o(i.rt_init_robin)
    rt_init_stack                            0x080093d1   Thumb Code   118  hal_cm.o(i.rt_init_stack)
    rt_mbx_check                             0x08009451   Thumb Code     8  rt_mailbox.o(i.rt_mbx_check)
    rt_mbx_init                              0x08009459   Thumb Code    26  rt_mailbox.o(i.rt_mbx_init)
    rt_mbx_psh                               0x08009475   Thumb Code   236  rt_mailbox.o(i.rt_mbx_psh)
    rt_mbx_wait                              0x08009565   Thumb Code   174  rt_mailbox.o(i.rt_mbx_wait)
    rt_mut_init                              0x0800965d   Thumb Code    16  rt_mutex.o(i.rt_mut_init)
    rt_mut_release                           0x0800966d   Thumb Code   208  rt_mutex.o(i.rt_mut_release)
    rt_mut_wait                              0x08009745   Thumb Code   114  rt_mutex.o(i.rt_mut_wait)
    rt_pop_req                               0x080097bd   Thumb Code   112  rt_system.o(i.rt_pop_req)
    rt_psh_req                               0x08009839   Thumb Code    22  rt_system.o(i.rt_psh_req)
    rt_psq_enq                               0x08009859   Thumb Code    88  rt_list.o(i.rt_psq_enq)
    rt_put_dly                               0x080098b5   Thumb Code    68  rt_list.o(i.rt_put_dly)
    rt_put_prio                              0x080098fd   Thumb Code    54  rt_list.o(i.rt_put_prio)
    rt_put_rdy_first                         0x08009935   Thumb Code    14  rt_list.o(i.rt_put_rdy_first)
    rt_resort_prio                           0x08009949   Thumb Code    46  rt_list.o(i.rt_resort_prio)
    rt_ret_val                               0x0800998d   Thumb Code    12  hal_cm.o(i.rt_ret_val)
    rt_ret_val2                              0x08009999   Thumb Code    16  hal_cm.o(i.rt_ret_val2)
    rt_rmv_dly                               0x080099a9   Thumb Code    40  rt_list.o(i.rt_rmv_dly)
    rt_rmv_list                              0x080099d1   Thumb Code    44  rt_list.o(i.rt_rmv_list)
    rt_sem_psh                               0x08009a01   Thumb Code    48  rt_semaphore.o(i.rt_sem_psh)
    rt_stk_check                             0x08009a35   Thumb Code    28  rt_system.o(i.rt_stk_check)
    rt_switch_req                            0x08009a59   Thumb Code    30  rt_task.o(i.rt_switch_req)
    rt_sys_init                              0x08009a81   Thumb Code   138  rt_task.o(i.rt_sys_init)
    rt_sys_start                             0x08009b4d   Thumb Code   110  rt_task.o(i.rt_sys_start)
    rt_systick                               0x08009bc5   Thumb Code    50  rt_system.o(i.rt_systick)
    rt_tsk_create                            0x08009c4d   Thumb Code   118  rt_task.o(i.rt_tsk_create)
    rt_tsk_delete                            0x08009cd5   Thumb Code   352  rt_task.o(i.rt_tsk_delete)
    rt_tsk_pass                              0x08009e51   Thumb Code    38  rt_task.o(i.rt_tsk_pass)
    rt_tsk_prio                              0x08009e81   Thumb Code   108  rt_task.o(i.rt_tsk_prio)
    rt_tsk_self                              0x08009efd   Thumb Code    12  rt_task.o(i.rt_tsk_self)
    set_u16                                  0x08009f0d   Thumb Code     8  fs_common.o(i.set_u16)
    set_u32                                  0x08009f15   Thumb Code    16  fs_common.o(i.set_u32)
    svcDelay                                 0x08009fcd   Thumb Code    18  rt_cmsis.o(i.svcDelay)
    svcKernelInitialize                      0x08009fe1   Thumb Code    80  rt_cmsis.o(i.svcKernelInitialize)
    svcKernelStart                           0x0800a051   Thumb Code    62  rt_cmsis.o(i.svcKernelStart)
    svcKernelSysTick                         0x0800a099   Thumb Code    46  rt_cmsis.o(i.svcKernelSysTick)
    svcMessageCreate                         0x0800a0d1   Thumb Code    36  rt_cmsis.o(i.svcMessageCreate)
    svcMessageGet                            0x0800a0f5   Thumb Code    58  rt_cmsis.o(i.svcMessageGet)
    svcMutexCreate                           0x0800a12f   Thumb Code    28  rt_cmsis.o(i.svcMutexCreate)
    svcMutexRelease                          0x0800a14b   Thumb Code    34  rt_cmsis.o(i.svcMutexRelease)
    svcMutexWait                             0x0800a16d   Thumb Code    58  rt_cmsis.o(i.svcMutexWait)
    svcSignalClear                           0x0800a1a7   Thumb Code    36  rt_cmsis.o(i.svcSignalClear)
    svcSignalSet                             0x0800a1cb   Thumb Code    36  rt_cmsis.o(i.svcSignalSet)
    svcSignalWait                            0x0800a1f1   Thumb Code    80  rt_cmsis.o(i.svcSignalWait)
    svcThreadCreate                          0x0800a245   Thumb Code    96  rt_cmsis.o(i.svcThreadCreate)
    svcThreadGetId                           0x0800a2b1   Thumb Code    22  rt_cmsis.o(i.svcThreadGetId)
    svcThreadTerminate                       0x0800a2cd   Thumb Code    50  rt_cmsis.o(i.svcThreadTerminate)
    svcThreadYield                           0x0800a305   Thumb Code    10  rt_cmsis.o(i.svcThreadYield)
    svcTimerCall                             0x0800a30f   Thumb Code    24  rt_cmsis.o(i.svcTimerCall)
    sysTimerTick                             0x0800a329   Thumb Code    84  rt_cmsis.o(i.sysTimerTick)
    _get_lc_ctype                            0x0800a4c5   Thumb Code    44  lc_ctype_c.o(locale$$code)
    _fp_init                                 0x0800a4f1   Thumb Code    10  fpinit.o(x$fpl$fpinit)
    __fplib_config_fpu_vfp                   0x0800a4f9   Thumb Code     0  fpinit.o(x$fpl$fpinit)
    __fplib_config_pureend_doubles           0x0800a4f9   Thumb Code     0  fpinit.o(x$fpl$fpinit)
    os_thread_def_MainThread                 0x0800a4fc   Data          16  mainthread.o(.constdata)
    os_maxtaskrun                            0x0800a50c   Data           2  rtx_conf_cm.o(.constdata)
    os_stackinfo                             0x0800a510   Data           4  rtx_conf_cm.o(.constdata)
    os_rrobin                                0x0800a514   Data           4  rtx_conf_cm.o(.constdata)
    os_tickfreq                              0x0800a518   Data           4  rtx_conf_cm.o(.constdata)
    os_tickus_i                              0x0800a51c   Data           2  rtx_conf_cm.o(.constdata)
    os_tickus_f                              0x0800a51e   Data           2  rtx_conf_cm.o(.constdata)
    os_trv                                   0x0800a520   Data           4  rtx_conf_cm.o(.constdata)
    os_flags                                 0x0800a524   Data           1  rtx_conf_cm.o(.constdata)
    CMSIS_RTOS_API_Version                   0x0800a528   Data           4  rtx_conf_cm.o(.constdata)
    CMSIS_RTOS_RTX_Version                   0x0800a52c   Data           4  rtx_conf_cm.o(.constdata)
    os_clockrate                             0x0800a530   Data           4  rtx_conf_cm.o(.constdata)
    os_timernum                              0x0800a534   Data           4  rtx_conf_cm.o(.constdata)
    mp_tcb_size                              0x0800a538   Data           2  rtx_conf_cm.o(.constdata)
    mp_stk_size                              0x0800a53c   Data           4  rtx_conf_cm.o(.constdata)
    os_stack_sz                              0x0800a540   Data           4  rtx_conf_cm.o(.constdata)
    os_fifo_size                             0x0800a544   Data           1  rtx_conf_cm.o(.constdata)
    os_thread_def_osTimerThread              0x0800a548   Data          16  rtx_conf_cm.o(.constdata)
    os_messageQ_def_osTimerMessageQ          0x0800a558   Data           8  rtx_conf_cm.o(.constdata)
    mp_tmr_size                              0x0800a560   Data           2  rtx_conf_cm.o(.constdata)
    os_thread_def_main                       0x0800a564   Data          16  rtx_conf_cm.o(.constdata)
    Driver_MCI0                              0x0800a57c   Data          52  mci_stm32f4xx.o(.constdata)
    EventRecorderInfo                        0x0800a5b0   Data          24  eventrecorder.o(.constdata)
    __stdin_name                             0x0800a5c8   Data           7  retarget_io.o(.constdata)
    __stdout_name                            0x0800a5cf   Data           8  retarget_io.o(.constdata)
    __stderr_name                            0x0800a5d7   Data           8  retarget_io.o(.constdata)
    APBAHBPrescTable                         0x0800a5e7   Data          16  stm32f4xx_hal_rcc.o(.constdata)
    AHBPrescTable                            0x0800a5f7   Data          16  system_stm32f4xx.o(.constdata)
    fs_fat_fh_cnt                            0x0800a608   Data           1  fs_config.o(.constdata)
    fs_efs_fh_cnt                            0x0800a609   Data           1  fs_config.o(.constdata)
    fs_ndrv                                  0x0800a60a   Data           1  fs_config.o(.constdata)
    os_mutex_def_fs_mc0_mtx_def              0x0800a60c   Data           4  fs_config.o(.constdata)
    fs_DevPool                               0x0800a628   Data           8  fs_config.o(.constdata)
    Region$$Table$$Base                      0x0800ab00   Number         0  anon$$obj.o(Region$$Table)
    Region$$Table$$Limit                     0x0800ab20   Number         0  anon$$obj.o(Region$$Table)
    __ctype                                  0x0800ab2d   Data           0  lc_ctype_c.o(locale$$data)
    flashSectorSizeTable                     0x20000000   Data          48  main.o(.data)
    flashSectorAddrTable                     0x20000030   Data          52  main.o(.data)
    currentSector                            0x20000064   Data           2  main.o(.data)
    baseAddr                                 0x20000068   Data           4  main.o(.data)
    end_of_file                              0x2000006c   Data           1  main.o(.data)
    global_flash_data                        0x20000070   Data           4  globalvariables.o(.data)
    g_wDGUSTimeout                           0x20000074   Data           2  globalvariables.o(.data)
    m_wMillSec                               0x20000076   Data           2  globalvariables.o(.data)
    m_wSeconds                               0x20000078   Data           2  globalvariables.o(.data)
    m_wMinutes                               0x2000007a   Data           2  globalvariables.o(.data)
    m_wSetSec                                0x2000007c   Data           2  globalvariables.o(.data)
    m_wSetMin                                0x2000007e   Data           2  globalvariables.o(.data)
    temperature_cool_on                      0x20000080   Data           4  globalvariables.o(.data)
    temperature_cool_off                     0x20000084   Data           4  globalvariables.o(.data)
    temperature_overheat                     0x20000088   Data           4  globalvariables.o(.data)
    temperature_overheat_solidstate          0x2000008c   Data           4  globalvariables.o(.data)
    temperature_normal                       0x20000090   Data           4  globalvariables.o(.data)
    flow_low                                 0x20000094   Data           4  globalvariables.o(.data)
    flow_normal                              0x20000098   Data           4  globalvariables.o(.data)
    password                                 0x2000009c   Data           6  globalvariables.o(.data)
    ip_addr_updated                          0x200000a2   Data           1  globalvariables.o(.data)
    temperature                              0x200000a4   Data           4  globalvariables.o(.data)
    flow1                                    0x200000a8   Data           4  globalvariables.o(.data)
    flow2                                    0x200000ac   Data           4  globalvariables.o(.data)
    VoltageMonitor                           0x200000b0   Data           4  globalvariables.o(.data)
    CurrentMonitor                           0x200000b4   Data           4  globalvariables.o(.data)
    LaserID                                  0x200000b8   Data           1  globalvariables.o(.data)
    MenuID                                   0x200000b9   Data           1  globalvariables.o(.data)
    pic_id                                   0x200000ba   Data           2  globalvariables.o(.data)
    g_peltier_en                             0x200000bc   Data           1  globalvariables.o(.data)
    prepare                                  0x200000bd   Data           1  globalvariables.o(.data)
    RemoteControl                            0x200000be   Data           1  globalvariables.o(.data)
    WiFiConnectionEstabilished               0x200000bf   Data           1  globalvariables.o(.data)
    LaserStarted                             0x200000c0   Data           1  globalvariables.o(.data)
    SolidStateLaser_en                       0x200000c1   Data           1  globalvariables.o(.data)
    DiodeLaser_en                            0x200000c2   Data           1  globalvariables.o(.data)
    DiodeLaserOnePulse_en                    0x200000c3   Data           1  globalvariables.o(.data)
    subFlushes                               0x200000c4   Data           2  globalvariables.o(.data)
    subFlushesCount                          0x200000c6   Data           2  globalvariables.o(.data)
    Flushes                                  0x200000c8   Data           4  globalvariables.o(.data)
    FlushesCount                             0x200000cc   Data           4  globalvariables.o(.data)
    FlushesSessionLD                         0x200000d0   Data           4  globalvariables.o(.data)
    FlushesGlobalLD                          0x200000d4   Data           4  globalvariables.o(.data)
    FlushesSessionSS                         0x200000d8   Data           4  globalvariables.o(.data)
    FlushesGlobalSS                          0x200000dc   Data           4  globalvariables.o(.data)
    FlushesSessionSS2                        0x200000e0   Data           4  globalvariables.o(.data)
    FlushesGlobalSS2                         0x200000e4   Data           4  globalvariables.o(.data)
    FlushesSessionLP                         0x200000e8   Data           4  globalvariables.o(.data)
    FlushesGlobalLP                          0x200000ec   Data           4  globalvariables.o(.data)
    switch_filter_threshold                  0x200000f0   Data           2  globalvariables.o(.data)
    switch_filter                            0x200000f2   Data           2  globalvariables.o(.data)
    footswitch_en                            0x200000f4   Data           1  globalvariables.o(.data)
    footswitch_on                            0x200000f5   Data           1  globalvariables.o(.data)
    MinDurationTable                         0x200000f6   Data          22  globalvariables.o(.data)
    MaxDurationTable                         0x2000010c   Data          22  globalvariables.o(.data)
    TableNum                                 0x20000122   Data          22  globalvariables.o(.data)
    EnergyTable                              0x20000138   Data         220  globalvariables.o(.data)
    step_table                               0x20000214   Data          20  globalvariables.o(.data)
    Profile                                  0x20000228   Data           1  globalvariables.o(.data)
    tid_MainThread                           0x2000022c   Data           4  mainthread.o(.data)
    flog                                     0x20000230   Data           4  sdcardbase.o(.data)
    ftable                                   0x20000234   Data           4  sdcardbase.o(.data)
    fwifilog                                 0x20000238   Data           4  sdcardbase.o(.data)
    sdcard_ready                             0x2000023c   Data           1  sdcardbase.o(.data)
    start_logging                            0x2000023d   Data           1  sdcardbase.o(.data)
    start_slogging                           0x2000023e   Data           1  sdcardbase.o(.data)
    start_wifilogging                        0x2000023f   Data           1  sdcardbase.o(.data)
    osThreadId_osTimerThread                 0x20000240   Data           4  rtx_conf_cm.o(.data)
    osMessageQId_osTimerMessageQ             0x20000244   Data           4  rtx_conf_cm.o(.data)
    os_tmr                                   0x20000248   Data           4  rtx_conf_cm.o(.data)
    m_tmr                                    0x2000024c   Data           4  rtx_conf_cm.o(.data)
    ITM_RxBuffer                             0x20000254   Data           4  retarget_io.o(.data)
    SystemCoreClock                          0x20000258   Data           4  system_stm32f4xx.o(.data)
    fs_ms_rtos_tick                          0x2000025c   Data           4  fs_config.o(.data)
    os_initialized                           0x20000260   Data           1  rt_cmsis.o(.data)
    os_running                               0x20000261   Data           1  rt_cmsis.o(.data)
    os_timer_head                            0x20000264   Data           4  rt_cmsis.o(.data)
    os_tsk                                   0x20000268   Data           8  rt_task.o(.data)
    os_time                                  0x20000270   Data           4  rt_time.o(.data)
    os_tick_irqn                             0x2000027c   Data           4  rt_system.o(.data)
    os_robin                                 0x20000280   Data           8  rt_robin.o(.data)
    dbg_msg                                  0x20000288   Data           1  hal_cm.o(.data)
    __aeabi_stdin                            0x2000028c   Data           4  stdio_streams.o(.data)
    __aeabi_stdout                           0x20000290   Data           4  stdio_streams.o(.data)
    __aeabi_stderr                           0x20000294   Data           4  stdio_streams.o(.data)
    _stream_list_lock                        0x20000298   Data           4  streamlock.o(.data)
    flashSectorIsCleared                     0x2000029c   Data          12  main.o(.bss)
    buffer                                   0x200002a8   Data         256  main.o(.bss)
    packet                                   0x200003a8   Data          16  main.o(.bss)
    huart1                                   0x200003b8   Data          64  dgus.o(.bss)
    dgus_buffer_tx                           0x200003f8   Data        1024  dgus.o(.bss)
    dgus_buffer_rx                           0x200007f8   Data        1024  dgus.o(.bss)
    datetime                                 0x20000bf8   Data          16  globalvariables.o(.bss)
    LOGHASH                                  0x20000c08   Data          64  globalvariables.o(.bss)
    ip_addr                                  0x20000c48   Data          16  globalvariables.o(.bss)
    frameData_LaserDiode                     0x20000c58   Data          50  globalvariables.o(.bss)
    frameData_SolidStateLaser                0x20000c8a   Data          36  globalvariables.o(.bss)
    pstGUI                                   0x20000cae   Data         110  globalvariables.o(.bss)
    m_structLaserProfile                     0x20000d1c   Data          30  globalvariables.o(.bss)
    m_structLaserSettings                    0x20000d3a   Data          30  globalvariables.o(.bss)
    mp_tcb                                   0x20000d58   Data         480  rtx_conf_cm.o(.bss)
    mp_stk                                   0x20000f38   Data        8208  rtx_conf_cm.o(.bss)
    os_stack_mem                             0x20002f48   Data       10504  rtx_conf_cm.o(.bss)
    os_fifo                                  0x20005850   Data         132  rtx_conf_cm.o(.bss)
    os_active_TCB                            0x200058d4   Data          36  rtx_conf_cm.o(.bss)
    os_messageQ_q_osTimerMessageQ            0x200058f8   Data          32  rtx_conf_cm.o(.bss)
    fs_fat_fh                                0x20005dd8   Data         144  fs_config.o(.bss)
    fs_efs_fh                                0x20005e68   Data          28  fs_config.o(.bss)
    os_mutex_cb_fs_mc0_mtx_def               0x20005e84   Data          16  fs_config.o(.bss)
    os_idle_TCB                              0x2000733c   Data          52  rt_task.o(.bss)
    os_rdy                                   0x20007370   Data          24  rt_list.o(.bss)
    os_dly                                   0x20007388   Data          24  rt_list.o(.bss)
    __libspace_start                         0x200073a0   Data          96  libspace.o(.bss)
    __stdin                                  0x20007400   Data          84  stdio_streams.o(.bss)
    __temporary_stack_top$libspace           0x20007400   Data           0  libspace.o(.bss)
    __stdout                                 0x20007454   Data          84  stdio_streams.o(.bss)
    __stderr                                 0x200074a8   Data          84  stdio_streams.o(.bss)



==============================================================================

Memory Map of the image

  Image Entry point : 0x08000189

  Load Region LR_IROM1 (Base: 0x08000000, Size: 0x0000aecc, Max: 0x00100000, ABSOLUTE, COMPRESSED[0x0000ad30])

    Execution Region ER_IROM1 (Base: 0x08000000, Size: 0x0000ac30, Max: 0x00100000, ABSOLUTE)

    Base Addr    Size         Type   Attr      Idx    E Section Name        Object

    0x08000000   0x00000188   Data   RO         2672    RESET               startup_stm32f407xx.o
    0x08000188   0x00000008   Code   RO         4749  * !!!main             c_w.l(__main.o)
    0x08000190   0x00000034   Code   RO         5177    !!!scatter          c_w.l(__scatter.o)
    0x080001c4   0x0000005a   Code   RO         5175    !!dczerorl2         c_w.l(__dczerorl2.o)
    0x0800021e   0x00000002   PAD
    0x08000220   0x0000001c   Code   RO         5179    !!handler_zi        c_w.l(__scatter_zi.o)
    0x0800023c   0x00000000   Code   RO         4705    .ARM.Collect$$_printf_percent$$00000000  c_w.l(_printf_percent.o)
    0x0800023c   0x00000006   Code   RO         4699    .ARM.Collect$$_printf_percent$$00000009  c_w.l(_printf_d.o)
    0x08000242   0x00000006   Code   RO         4695    .ARM.Collect$$_printf_percent$$00000014  c_w.l(_printf_s.o)
    0x08000248   0x00000004   Code   RO         4845    .ARM.Collect$$_printf_percent$$00000017  c_w.l(_printf_percent_end.o)
    0x0800024c   0x00000002   Code   RO         5121    .ARM.Collect$$libinit$$00000000  c_w.l(libinit.o)
    0x0800024e   0x00000004   Code   RO         4987    .ARM.Collect$$libinit$$00000001  c_w.l(libinit2.o)
    0x08000252   0x00000000   Code   RO         4990    .ARM.Collect$$libinit$$00000004  c_w.l(libinit2.o)
    0x08000252   0x00000008   Code   RO         4991    .ARM.Collect$$libinit$$00000005  c_w.l(libinit2.o)
    0x0800025a   0x00000000   Code   RO         4993    .ARM.Collect$$libinit$$0000000A  c_w.l(libinit2.o)
    0x0800025a   0x00000000   Code   RO         4995    .ARM.Collect$$libinit$$0000000C  c_w.l(libinit2.o)
    0x0800025a   0x00000000   Code   RO         4997    .ARM.Collect$$libinit$$0000000E  c_w.l(libinit2.o)
    0x0800025a   0x00000006   Code   RO         4998    .ARM.Collect$$libinit$$0000000F  c_w.l(libinit2.o)
    0x08000260   0x00000000   Code   RO         5000    .ARM.Collect$$libinit$$00000011  c_w.l(libinit2.o)
    0x08000260   0x0000000c   Code   RO         5001    .ARM.Collect$$libinit$$00000012  c_w.l(libinit2.o)
    0x0800026c   0x00000000   Code   RO         5002    .ARM.Collect$$libinit$$00000013  c_w.l(libinit2.o)
    0x0800026c   0x00000000   Code   RO         5004    .ARM.Collect$$libinit$$00000015  c_w.l(libinit2.o)
    0x0800026c   0x00000000   Code   RO         5006    .ARM.Collect$$libinit$$00000017  c_w.l(libinit2.o)
    0x0800026c   0x00000000   Code   RO         5008    .ARM.Collect$$libinit$$00000019  c_w.l(libinit2.o)
    0x0800026c   0x00000000   Code   RO         5010    .ARM.Collect$$libinit$$0000001B  c_w.l(libinit2.o)
    0x0800026c   0x00000000   Code   RO         5012    .ARM.Collect$$libinit$$0000001D  c_w.l(libinit2.o)
    0x0800026c   0x00000000   Code   RO         5014    .ARM.Collect$$libinit$$0000001F  c_w.l(libinit2.o)
    0x0800026c   0x00000000   Code   RO         5016    .ARM.Collect$$libinit$$00000021  c_w.l(libinit2.o)
    0x0800026c   0x00000000   Code   RO         5018    .ARM.Collect$$libinit$$00000023  c_w.l(libinit2.o)
    0x0800026c   0x00000004   Code   RO         5019    .ARM.Collect$$libinit$$00000024  c_w.l(libinit2.o)
    0x08000270   0x00000000   Code   RO         5020    .ARM.Collect$$libinit$$00000025  c_w.l(libinit2.o)
    0x08000270   0x00000000   Code   RO         5024    .ARM.Collect$$libinit$$0000002C  c_w.l(libinit2.o)
    0x08000270   0x00000000   Code   RO         5026    .ARM.Collect$$libinit$$0000002E  c_w.l(libinit2.o)
    0x08000270   0x00000000   Code   RO         5028    .ARM.Collect$$libinit$$00000030  c_w.l(libinit2.o)
    0x08000270   0x00000000   Code   RO         5030    .ARM.Collect$$libinit$$00000032  c_w.l(libinit2.o)
    0x08000270   0x00000002   Code   RO         5031    .ARM.Collect$$libinit$$00000033  c_w.l(libinit2.o)
    0x08000272   0x00000002   Code   RO         5122    .ARM.Collect$$libshutdown$$00000000  c_w.l(libshutdown.o)
    0x08000274   0x00000000   Code   RO         5033    .ARM.Collect$$libshutdown$$00000002  c_w.l(libshutdown2.o)
    0x08000274   0x00000004   Code   RO         5034    .ARM.Collect$$libshutdown$$00000003  c_w.l(libshutdown2.o)
    0x08000278   0x00000000   Code   RO         5035    .ARM.Collect$$libshutdown$$00000004  c_w.l(libshutdown2.o)
    0x08000278   0x00000000   Code   RO         5038    .ARM.Collect$$libshutdown$$00000007  c_w.l(libshutdown2.o)
    0x08000278   0x00000000   Code   RO         5041    .ARM.Collect$$libshutdown$$0000000A  c_w.l(libshutdown2.o)
    0x08000278   0x00000000   Code   RO         5043    .ARM.Collect$$libshutdown$$0000000C  c_w.l(libshutdown2.o)
    0x08000278   0x00000000   Code   RO         5046    .ARM.Collect$$libshutdown$$0000000F  c_w.l(libshutdown2.o)
    0x08000278   0x00000002   Code   RO         5047    .ARM.Collect$$libshutdown$$00000010  c_w.l(libshutdown2.o)
    0x0800027a   0x00000000   Code   RO         4761    .ARM.Collect$$rtentry$$00000000  c_w.l(__rtentry.o)
    0x0800027a   0x00000000   Code   RO         4874    .ARM.Collect$$rtentry$$00000002  c_w.l(__rtentry2.o)
    0x0800027a   0x00000006   Code   RO         4886    .ARM.Collect$$rtentry$$00000004  c_w.l(__rtentry4.o)
    0x08000280   0x00000000   Code   RO         4876    .ARM.Collect$$rtentry$$00000009  c_w.l(__rtentry2.o)
    0x08000280   0x00000004   Code   RO         4877    .ARM.Collect$$rtentry$$0000000A  c_w.l(__rtentry2.o)
    0x08000284   0x00000008   Code   RO         4878    .ARM.Collect$$rtentry$$0000000B  c_w.l(__rtentry2.o)
    0x0800028c   0x00000008   Code   RO         4880    .ARM.Collect$$rtentry$$0000000D  c_w.l(__rtentry2.o)
    0x08000294   0x00000002   Code   RO         4762    .ARM.Collect$$rtexit$$00000000  c_w.l(rtexit.o)
    0x08000296   0x00000000   Code   RO         4889    .ARM.Collect$$rtexit$$00000002  c_w.l(rtexit2.o)
    0x08000296   0x00000004   Code   RO         4890    .ARM.Collect$$rtexit$$00000003  c_w.l(rtexit2.o)
    0x0800029a   0x00000006   Code   RO         4891    .ARM.Collect$$rtexit$$00000004  c_w.l(rtexit2.o)
    0x080002a0   0x0000001c   Code   RO          724    .emb_text           rtx_conf_cm.o
    0x080002bc   0x00000198   Code   RO         4373    .emb_text           RTX_CM4.lib(hal_cm4.o)
    0x08000454   0x00000000   Code   RO         5071    .emb_text           c_w.l(maybetermalloc1.o)
    0x08000454   0x00000040   Code   RO         2673    .text               startup_stm32f407xx.o
    0x08000494   0x00000008   Code   RO         4621    .text               c_w.l(libspace.o)
    0x0800049c   0x000000ee   Code   RO         4624    .text               c_w.l(lludivv7m.o)
    0x0800058a   0x00000002   PAD
    0x0800058c   0x00000018   Code   RO         4630    .text               c_w.l(noretval__2printf.o)
    0x080005a4   0x00000052   Code   RO         4640    .text               c_w.l(_printf_str.o)
    0x080005f6   0x00000002   PAD
    0x080005f8   0x00000078   Code   RO         4642    .text               c_w.l(_printf_dec.o)
    0x08000670   0x00000188   Code   RO         4691    .text               c_w.l(__printf_flags_ss_wp.o)
    0x080007f8   0x00000004   Code   RO         4711    .text               c_w.l(getc.o)
    0x080007fc   0x0000004c   Code   RO         4721    .text               c_w.l(fclose.o)
    0x08000848   0x00000034   Code   RO         4723    .text               c_w.l(fclose_locked.o)
    0x0800087c   0x00000090   Code   RO         4725    .text               c_w.l(fflush_locked.o)
    0x0800090c   0x00000144   Code   RO         4727    .text               c_w.l(fopen_locked.o)
    0x08000a50   0x00000012   Code   RO         4729    .text               c_w.l(exit.o)
    0x08000a62   0x00000032   Code   RO         4731    .text               c_w.l(strncasecmp.o)
    0x08000a94   0x0000003e   Code   RO         4733    .text               c_w.l(strlen.o)
    0x08000ad2   0x0000008a   Code   RO         4735    .text               c_w.l(rt_memcpy_v6.o)
    0x08000b5c   0x00000064   Code   RO         4737    .text               c_w.l(rt_memcpy_w.o)
    0x08000bc0   0x00000010   Code   RO         4739    .text               c_w.l(aeabi_memset.o)
    0x08000bd0   0x00000044   Code   RO         4741    .text               c_w.l(rt_memclr.o)
    0x08000c14   0x0000004e   Code   RO         4743    .text               c_w.l(rt_memclr_w.o)
    0x08000c62   0x00000002   PAD
    0x08000c64   0x00000080   Code   RO         4745    .text               c_w.l(strcmpv7m.o)
    0x08000ce4   0x00000006   Code   RO         4747    .text               c_w.l(heapauxi.o)
    0x08000cea   0x0000009e   Code   RO         4776    .text               c_w.l(h1_alloc_mt.o)
    0x08000d88   0x00000076   Code   RO         4778    .text               c_w.l(h1_free_mt.o)
    0x08000dfe   0x0000001a   Code   RO         4830    .text               c_w.l(tolower.o)
    0x08000e18   0x000000b2   Code   RO         4832    .text               c_w.l(_printf_intcommon.o)
    0x08000eca   0x0000002c   Code   RO         4839    .text               c_w.l(_printf_char.o)
    0x08000ef6   0x00000002   PAD
    0x08000ef8   0x000000f8   Code   RO         4853    .text               c_w.l(fseek.o)
    0x08000ff0   0x000000f0   Code   RO         4855    .text               c_w.l(stdio.o)
    0x080010e0   0x00000020   Code   RO         4860    .text               c_w.l(fgetc_locked.o)
    0x08001100   0x000001c8   Code   RO         4864    .text               c_w.l(initio_locked.o)
    0x080012c8   0x00000010   Code   RO         4895    .text               c_w.l(rt_ctype_table.o)
    0x080012d8   0x0000000a   Code   RO         4904    .text               c_w.l(rt_heap_descriptor_twolibspace.o)
    0x080012e2   0x0000000a   Code   RO         4911    .text               c_w.l(rt_locale_twolibspace.o)
    0x080012ec   0x00000004   Code   RO         4913    .text               c_w.l(hguard.o)
    0x080012f0   0x0000008a   Code   RO         4915    .text               c_w.l(init_alloc.o)
    0x0800137a   0x00000012   Code   RO         4921    .text               c_w.l(h1_init_mt.o)
    0x0800138c   0x00000030   Code   RO         4935    .text               c_w.l(_printf_char_common.o)
    0x080013bc   0x0000023a   Code   RO         4964    .text               c_w.l(filbuf.o)
    0x080015f6   0x00000042   Code   RO         4970    .text               c_w.l(ftell.o)
    0x08001638   0x00000068   Code   RO         4976    .text               c_w.l(setvbuf_locked.o)
    0x080016a0   0x0000000e   Code   RO         4981    .text               c_w.l(defsig_rtred_outer.o)
    0x080016ae   0x00000002   PAD
    0x080016b0   0x0000000c   Code   RO         5056    .text               c_w.l(sys_exit.o)
    0x080016bc   0x0000004a   Code   RO         5058    .text               c_w.l(sys_stackheap_outer.o)
    0x08001706   0x00000004   Code   RO         5067    .text               c_w.l(rt_errno_addr_twolibspace.o)
    0x0800170a   0x0000003e   Code   RO         5075    .text               c_w.l(h1_extend_mt.o)
    0x08001748   0x000001d6   Code   RO         5079    .text               c_w.l(flsbuf.o)
    0x0800191e   0x00000056   Code   RO         5087    .text               c_w.l(fgets_locked.o)
    0x08001974   0x0000005c   Code   RO         5093    .text               c_w.l(flushlinebuffered_locked.o)
    0x080019d0   0x0000000a   Code   RO         5098    .text               c_w.l(defsig_exit.o)
    0x080019da   0x00000002   PAD
    0x080019dc   0x00000034   Code   RO         5104    .text               c_w.l(defsig_rtred_inner.o)
    0x08001a10   0x0000000e   Code   RO         5106    .text               c_w.l(defsig_rtmem_outer.o)
    0x08001a1e   0x00000002   Code   RO         5127    .text               c_w.l(use_no_semi.o)
    0x08001a20   0x00000000   Code   RO         5129    .text               c_w.l(indicate_semi.o)
    0x08001a20   0x00000040   Code   RO         5132    .text               c_w.l(_printf_char_file_locked.o)
    0x08001a60   0x00000032   Code   RO         5140    .text               c_w.l(defsig_general.o)
    0x08001a92   0x00000002   PAD
    0x08001a94   0x00000050   Code   RO         5144    .text               c_w.l(defsig_rtmem_inner.o)
    0x08001ae4   0x00000004   Code   RO         4608    SVC_TABLE           RTX_CM4.lib(svc_table.o)
    0x08001ae8   0x000000a4   Code   RO          785    i.AbortTransfer     mci_stm32f4xx.o
    0x08001b8c   0x00000004   Code   RO          225    i.BusFault_Handler  stm32f4xx_it.o
    0x08001b90   0x0000001c   Code   RO          786    i.CardPower         mci_stm32f4xx.o
    0x08001bac   0x000001bc   Code   RO          787    i.Control           mci_stm32f4xx.o
    0x08001d68   0x00000014   Code   RO          788    i.DMA2_Stream3_IRQHandler  mci_stm32f4xx.o
    0x08001d7c   0x00000014   Code   RO          789    i.DMA2_Stream6_IRQHandler  mci_stm32f4xx.o
    0x08001d90   0x00000034   Code   RO         1427    i.DMA_CalcBaseAndBitshift  stm32f4xx_hal_dma.o
    0x08001dc4   0x000000ba   Code   RO         1428    i.DMA_CheckFifoParam  stm32f4xx_hal_dma.o
    0x08001e7e   0x0000002c   Code   RO         1429    i.DMA_SetConfig     stm32f4xx_hal_dma.o
    0x08001eaa   0x00000002   Code   RO          226    i.DebugMon_Handler  stm32f4xx_it.o
    0x08001eac   0x00000184   Code   RO          790    i.Enable_GPIO_Clock  mci_stm32f4xx.o
    0x08002030   0x00000004   Code   RO            5    i.Error_Handler     main.o
    0x08002034   0x0000000c   Code   RO          791    i.GetCapabilities   mci_stm32f4xx.o
    0x08002040   0x00000078   Code   RO          290    i.GetDateTime       dgus.o
    0x080020b8   0x00000040   Code   RO          291    i.GetPicId          dgus.o
    0x080020f8   0x0000000c   Code   RO          792    i.GetStatus         mci_stm32f4xx.o
    0x08002104   0x00000010   Code   RO          793    i.GetVersion        mci_stm32f4xx.o
    0x08002114   0x000000aa   Code   RO         1430    i.HAL_DMA_Abort     stm32f4xx_hal_dma.o
    0x080021be   0x00000028   Code   RO         1431    i.HAL_DMA_Abort_IT  stm32f4xx_hal_dma.o
    0x080021e6   0x00000062   Code   RO         1432    i.HAL_DMA_DeInit    stm32f4xx_hal_dma.o
    0x08002248   0x00000248   Code   RO         1435    i.HAL_DMA_IRQHandler  stm32f4xx_hal_dma.o
    0x08002490   0x000000e8   Code   RO         1436    i.HAL_DMA_Init      stm32f4xx_hal_dma.o
    0x08002578   0x0000009e   Code   RO         1440    i.HAL_DMA_Start_IT  stm32f4xx_hal_dma.o
    0x08002616   0x0000001a   Code   RO         1159    i.HAL_Delay         stm32f4xx_hal.o
    0x08002630   0x00000174   Code   RO         1797    i.HAL_GPIO_DeInit   stm32f4xx_hal_gpio.o
    0x080027a4   0x0000020c   Code   RO         1800    i.HAL_GPIO_Init     stm32f4xx_hal_gpio.o
    0x080029b0   0x0000000c   Code   RO         1164    i.HAL_GetREVID      stm32f4xx_hal.o
    0x080029bc   0x0000000c   Code   RO            7    i.HAL_GetTick       main.o
    0x080029c8   0x0000003c   Code   RO         1167    i.HAL_Init          stm32f4xx_hal.o
    0x08002a04   0x00000028   Code   RO         1168    i.HAL_InitTick      stm32f4xx_hal.o
    0x08002a2c   0x00000074   Code   RO          196    i.HAL_MspInit       stm32f4xx_hal_msp.o
    0x08002aa0   0x00000024   Code   RO         1300    i.HAL_NVIC_ClearPendingIRQ  stm32f4xx_hal_cortex.o
    0x08002ac4   0x00000024   Code   RO         1301    i.HAL_NVIC_DisableIRQ  stm32f4xx_hal_cortex.o
    0x08002ae8   0x00000020   Code   RO         1302    i.HAL_NVIC_EnableIRQ  stm32f4xx_hal_cortex.o
    0x08002b08   0x0000007c   Code   RO         1308    i.HAL_NVIC_SetPriority  stm32f4xx_hal_cortex.o
    0x08002b84   0x00000028   Code   RO         1309    i.HAL_NVIC_SetPriorityGrouping  stm32f4xx_hal_cortex.o
    0x08002bac   0x000001d0   Code   RO         2038    i.HAL_RCC_ClockConfig  stm32f4xx_hal_rcc.o
    0x08002d7c   0x0000000c   Code   RO         2043    i.HAL_RCC_GetHCLKFreq  stm32f4xx_hal_rcc.o
    0x08002d88   0x0000002c   Code   RO         2045    i.HAL_RCC_GetPCLK1Freq  stm32f4xx_hal_rcc.o
    0x08002db4   0x0000002c   Code   RO         2046    i.HAL_RCC_GetPCLK2Freq  stm32f4xx_hal_rcc.o
    0x08002de0   0x000000b4   Code   RO         2047    i.HAL_RCC_GetSysClockFreq  stm32f4xx_hal_rcc.o
    0x08002e94   0x0000039c   Code   RO         2050    i.HAL_RCC_OscConfig  stm32f4xx_hal_rcc.o
    0x08003230   0x00000034   Code   RO         1313    i.HAL_SYSTICK_Config  stm32f4xx_hal_cortex.o
    0x08003264   0x00000006   Code   RO          292    i.HAL_UART_ErrorCallback  dgus.o
    0x0800326a   0x00000002   PAD
    0x0800326c   0x00000148   Code   RO         2193    i.HAL_UART_IRQHandler  stm32f4xx_hal_uart.o
    0x080033b4   0x00000072   Code   RO         2194    i.HAL_UART_Init     stm32f4xx_hal_uart.o
    0x08003426   0x00000002   Code   RO         2196    i.HAL_UART_MspInit  stm32f4xx_hal_uart.o
    0x08003428   0x00000064   Code   RO          293    i.HAL_UART_Receive_ITMY  dgus.o
    0x0800348c   0x00000014   Code   RO          294    i.HAL_UART_RxCpltCallback  dgus.o
    0x080034a0   0x0000004c   Code   RO          295    i.HAL_UART_Transmit_ITMY  dgus.o
    0x080034ec   0x00000014   Code   RO          296    i.HAL_UART_TxCpltCallback  dgus.o
    0x08003500   0x00000004   Code   RO          227    i.HardFault_Handler  stm32f4xx_it.o
    0x08003504   0x00000024   Code   RO         1041    i.ITM_ReceiveChar   retarget_io.o
    0x08003528   0x00000030   Code   RO         1042    i.ITM_SendChar      retarget_io.o
    0x08003558   0x00000028   Code   RO          606    i.Init_Main_Thread  mainthread.o
    0x08003580   0x000001b8   Code   RO          794    i.Initialize        mci_stm32f4xx.o
    0x08003738   0x0000007c   Code   RO          297    i.Initialize_DGUS   dgus.o
    0x080037b4   0x0000000c   Code   RO         2715    i.MC0_MCI_SignalEvent  fs_config.o
    0x080037c0   0x00000058   Code   RO          607    i.MainThread        mainthread.o
    0x08003818   0x00000004   Code   RO          228    i.MemManage_Handler  stm32f4xx_it.o
    0x0800381c   0x00000002   Code   RO          229    i.NMI_Handler       stm32f4xx_it.o
    0x0800381e   0x00000002   PAD
    0x08003820   0x00000198   Code   RO          795    i.PowerControl      mci_stm32f4xx.o
    0x080039b8   0x00000024   Code   RO          796    i.RX_DMA_Complete   mci_stm32f4xx.o
    0x080039dc   0x00000018   Code   RO          797    i.ReadCD            mci_stm32f4xx.o
    0x080039f4   0x00000088   Code   RO          298    i.ReadRegister      dgus.o
    0x08003a7c   0x00000018   Code   RO          798    i.ReadWP            mci_stm32f4xx.o
    0x08003a94   0x0000028c   Code   RO          799    i.SDIO_IRQHandler   mci_stm32f4xx.o
    0x08003d20   0x00000160   Code   RO          800    i.SendCommand       mci_stm32f4xx.o
    0x08003e80   0x00000026   Code   RO          300    i.SetPicId          dgus.o
    0x08003ea6   0x00000002   PAD
    0x08003ea8   0x00000118   Code   RO          801    i.SetupTransfer     mci_stm32f4xx.o
    0x08003fc0   0x000000bc   Code   RO            8    i.SystemClock_Config  main.o
    0x0800407c   0x000000c0   Code   RO         2680    i.SystemCoreClockUpdate  system_stm32f4xx.o
    0x0800413c   0x00000064   Code   RO         2681    i.SystemInit        system_stm32f4xx.o
    0x080041a0   0x00000014   Code   RO         2207    i.UART_DMAAbortOnError  stm32f4xx_hal_uart.o
    0x080041b4   0x00000020   Code   RO         2213    i.UART_EndRxTransfer  stm32f4xx_hal_uart.o
    0x080041d4   0x00000020   Code   RO         2214    i.UART_EndTransmit_IT  stm32f4xx_hal_uart.o
    0x080041f4   0x0000009a   Code   RO         2216    i.UART_Receive_IT   stm32f4xx_hal_uart.o
    0x0800428e   0x00000002   PAD
    0x08004290   0x00000368   Code   RO         2217    i.UART_SetConfig    stm32f4xx_hal_uart.o
    0x080045f8   0x00000068   Code   RO         2218    i.UART_Transmit_IT  stm32f4xx_hal_uart.o
    0x08004660   0x00000010   Code   RO          230    i.USART1_IRQHandler  stm32f4xx_it.o
    0x08004670   0x00000034   Code   RO          802    i.Uninitialize      mci_stm32f4xx.o
    0x080046a4   0x00000004   Code   RO          231    i.UsageFault_Handler  stm32f4xx_it.o
    0x080046a8   0x00000080   Code   RO          302    i.WriteRegister     dgus.o
    0x08004728   0x00000010   Code   RO         1315    i.__NVIC_GetPriorityGrouping  stm32f4xx_hal_cortex.o
    0x08004738   0x00000028   Code   RO         1316    i.__NVIC_SetPriority  stm32f4xx_hal_cortex.o
    0x08004760   0x00000070   Code   RO         3926    i.__sys_close       FS_LFN_CM3_L.lib(fs_sys.o)
    0x080047d0   0x00000064   Code   RO         3928    i.__sys_flen        FS_LFN_CM3_L.lib(fs_sys.o)
    0x08004834   0x00000090   Code   RO         3929    i.__sys_open        FS_LFN_CM3_L.lib(fs_sys.o)
    0x080048c4   0x00000088   Code   RO         3930    i.__sys_read        FS_LFN_CM3_L.lib(fs_sys.o)
    0x0800494c   0x00000070   Code   RO         3931    i.__sys_seek        FS_LFN_CM3_L.lib(fs_sys.o)
    0x080049bc   0x00000078   Code   RO         3932    i.__sys_write       FS_LFN_CM3_L.lib(fs_sys.o)
    0x08004a34   0x0000002c   Code   RO          725    i.__user_perthread_libspace  rtx_conf_cm.o
    0x08004a60   0x00000046   Code   RO         4267    i._init_box         RTX_CM4.lib(rt_membox.o)
    0x08004aa6   0x0000000e   Code   RO         4684    i._is_digit         c_w.l(__printf_wp.o)
    0x08004ab4   0x00000020   Code   RO          726    i._mutex_acquire    rtx_conf_cm.o
    0x08004ad4   0x0000002c   Code   RO          727    i._mutex_initialize  rtx_conf_cm.o
    0x08004b00   0x0000001c   Code   RO          728    i._mutex_release    rtx_conf_cm.o
    0x08004b1c   0x0000002a   Code   RO         1043    i._sys_close        retarget_io.o
    0x08004b46   0x0000002a   Code   RO         1044    i._sys_flen         retarget_io.o
    0x08004b70   0x00000024   Code   RO         1045    i._sys_istty        retarget_io.o
    0x08004b94   0x0000006c   Code   RO         1046    i._sys_open         retarget_io.o
    0x08004c00   0x00000052   Code   RO         1047    i._sys_read         retarget_io.o
    0x08004c52   0x00000034   Code   RO         1048    i._sys_seek         retarget_io.o
    0x08004c86   0x0000005e   Code   RO         1049    i._sys_write        retarget_io.o
    0x08004ce4   0x00000004   Code   RO         1050    i._ttywrch          retarget_io.o
    0x08004ce8   0x0000006a   Code   RO         4408    i.alloc_clus        FS_LFN_CM3_L.lib(fs_fat.o)
    0x08004d52   0x0000009a   Code   RO         4409    i.alloc_table_read  FS_LFN_CM3_L.lib(fs_fat.o)
    0x08004dec   0x000000dc   Code   RO         4410    i.alloc_table_write  FS_LFN_CM3_L.lib(fs_fat.o)
    0x08004ec8   0x00000012   Code   RO          307    i.bcd_decimal       dgus.o
    0x08004eda   0x000000b4   Code   RO         4411    i.bs_read           FS_LFN_CM3_L.lib(fs_fat.o)
    0x08004f8e   0x00000002   PAD
    0x08004f90   0x000001d4   Code   RO         4412    i.bs_write          FS_LFN_CM3_L.lib(fs_fat.o)
    0x08005164   0x00000096   Code   RO         4413    i.cache_fat         FS_LFN_CM3_L.lib(fs_fat.o)
    0x080051fa   0x00000060   Code   RO         4414    i.char_validate     FS_LFN_CM3_L.lib(fs_fat.o)
    0x0800525a   0x00000044   Code   RO         4415    i.clear_clus        FS_LFN_CM3_L.lib(fs_fat.o)
    0x0800529e   0x00000024   Code   RO         4416    i.clus_to_sect      FS_LFN_CM3_L.lib(fs_fat.o)
    0x080052c2   0x00000002   PAD
    0x080052c4   0x000000ec   Code   RO          656    i.cmd_format        sdcardbase.o
    0x080053b0   0x0000000c   Code   RO          312    i.convert_w         dgus.o
    0x080053bc   0x00000020   Code   RO          314    i.crc16_update      dgus.o
    0x080053dc   0x000000d4   Code   RO         4417    i.create_dot_entries  FS_LFN_CM3_L.lib(fs_fat.o)
    0x080054b0   0x000000e4   Code   RO         4418    i.create_lfn_entry  FS_LFN_CM3_L.lib(fs_fat.o)
    0x08005594   0x0000008a   Code   RO         4419    i.create_sfn_entry  FS_LFN_CM3_L.lib(fs_fat.o)
    0x0800561e   0x00000002   PAD
    0x08005620   0x00000030   Code   RO         4320    i.dbg_init          RTX_CM4.lib(hal_cm.o)
    0x08005650   0x00000020   Code   RO         4321    i.dbg_task_notify   RTX_CM4.lib(hal_cm.o)
    0x08005670   0x00000010   Code   RO         4322    i.dbg_task_switch   RTX_CM4.lib(hal_cm.o)
    0x08005680   0x00000004   Code   RO         2718    i.efs_close         fs_config.o
    0x08005684   0x00000006   Code   RO         2722    i.efs_flen          fs_config.o
    0x0800568a   0x00000004   Code   RO         2724    i.efs_format        fs_config.o
    0x0800568e   0x00000006   Code   RO         2726    i.efs_handle_get    fs_config.o
    0x08005694   0x00000004   Code   RO         2727    i.efs_init          fs_config.o
    0x08005698   0x00000004   Code   RO         2728    i.efs_mount         fs_config.o
    0x0800569c   0x00000004   Code   RO         2729    i.efs_open          fs_config.o
    0x080056a0   0x00000004   Code   RO         2730    i.efs_read          fs_config.o
    0x080056a4   0x00000004   Code   RO         2732    i.efs_seek          fs_config.o
    0x080056a8   0x00000006   Code   RO         2735    i.efs_write         fs_config.o
    0x080056ae   0x00000004   Code   RO         2736    i.elink_cmd         fs_config.o
    0x080056b2   0x00000004   Code   RO         2738    i.elink_dir         fs_config.o
    0x080056b6   0x00000004   Code   RO         2739    i.elink_init        fs_config.o
    0x080056ba   0x00000004   Code   RO         2740    i.elink_insert      fs_config.o
    0x080056be   0x00000004   Code   RO         2741    i.elink_scan        fs_config.o
    0x080056c2   0x00000038   Code   RO         4420    i.entry_flush       FS_LFN_CM3_L.lib(fs_fat.o)
    0x080056fa   0x0000001c   Code   RO         4421    i.entry_pos_comp    FS_LFN_CM3_L.lib(fs_fat.o)
    0x08005716   0x00000060   Code   RO         4422    i.entry_pos_inc     FS_LFN_CM3_L.lib(fs_fat.o)
    0x08005776   0x00000044   Code   RO         4423    i.entry_read        FS_LFN_CM3_L.lib(fs_fat.o)
    0x080057ba   0x0000002e   Code   RO         4424    i.entry_type        FS_LFN_CM3_L.lib(fs_fat.o)
    0x080057e8   0x00000120   Code   RO         4427    i.fat_close         FS_LFN_CM3_L.lib(fs_fat.o)
    0x08005908   0x00000030   Code   RO         4428    i.fat_crc32         FS_LFN_CM3_L.lib(fs_fat.o)
    0x08005938   0x00000020   Code   RO         4432    i.fat_flen          FS_LFN_CM3_L.lib(fs_fat.o)
    0x08005958   0x000004a0   Code   RO         4434    i.fat_format        FS_LFN_CM3_L.lib(fs_fat.o)
    0x08005df8   0x00000040   Code   RO         4436    i.fat_handle_get    FS_LFN_CM3_L.lib(fs_fat.o)
    0x08005e38   0x00000040   Code   RO         4437    i.fat_init          FS_LFN_CM3_L.lib(fs_fat.o)
    0x08005e78   0x00000004   Code   RO         2742    i.fat_jour_init     fs_config.o
    0x08005e7c   0x00000004   Code   RO         2743    i.fat_jour_prep     fs_config.o
    0x08005e80   0x000001e4   Code   RO         4441    i.fat_mount         FS_LFN_CM3_L.lib(fs_fat.o)
    0x08006064   0x000001c8   Code   RO         4442    i.fat_open          FS_LFN_CM3_L.lib(fs_fat.o)
    0x0800622c   0x00000108   Code   RO         4444    i.fat_read          FS_LFN_CM3_L.lib(fs_fat.o)
    0x08006334   0x00000208   Code   RO         4447    i.fat_seek          FS_LFN_CM3_L.lib(fs_fat.o)
    0x0800653c   0x00000052   Code   RO         4450    i.fat_vol           FS_LFN_CM3_L.lib(fs_fat.o)
    0x0800658e   0x00000090   Code   RO         4451    i.fat_vol_chk       FS_LFN_CM3_L.lib(fs_fat.o)
    0x0800661e   0x00000002   PAD
    0x08006620   0x00000184   Code   RO         4452    i.fat_write         FS_LFN_CM3_L.lib(fs_fat.o)
    0x080067a4   0x00000058   Code   RO         3811    i.fformat           FS_LFN_CM3_L.lib(fs_mapi.o)
    0x080067fc   0x00000018   Code   RO         4850    i.fgetc             c_w.l(fgetc.o)
    0x08006814   0x00000048   Code   RO         4453    i.file_locked       FS_LFN_CM3_L.lib(fs_fat.o)
    0x0800685c   0x00000076   Code   RO         3855    i.fill_cid          FS_LFN_CM3_L.lib(fs_mc_mci.o)
    0x080068d2   0x00000050   Code   RO         4454    i.find_param        FS_LFN_CM3_L.lib(fs_fat.o)
    0x08006922   0x00000002   PAD
    0x08006924   0x00000070   Code   RO         3814    i.finit             FS_LFN_CM3_L.lib(fs_mapi.o)
    0x08006994   0x00000054   Code   RO         3817    i.fmount            FS_LFN_CM3_L.lib(fs_mapi.o)
    0x080069e8   0x0000002c   Code   RO         4455    i.format_date       FS_LFN_CM3_L.lib(fs_fat.o)
    0x08006a14   0x0000002e   Code   RO         4456    i.format_time       FS_LFN_CM3_L.lib(fs_fat.o)
    0x08006a42   0x0000001a   Code   RO         4967    i.fputc             c_w.l(fputc.o)
    0x08006a5c   0x000000aa   Code   RO         4457    i.frec_allocate     FS_LFN_CM3_L.lib(fs_fat.o)
    0x08006b06   0x00000002   PAD
    0x08006b08   0x000001f8   Code   RO         4460    i.frec_find         FS_LFN_CM3_L.lib(fs_fat.o)
    0x08006d00   0x0000005a   Code   RO         4461    i.frec_find_elink   FS_LFN_CM3_L.lib(fs_fat.o)
    0x08006d5a   0x00000002   PAD
    0x08006d5c   0x000000a4   Code   RO         3821    i.fs_component_init  FS_LFN_CM3_L.lib(fs_mapi.o)
    0x08006e00   0x00000058   Code   RO         2745    i.fs_config         fs_config.o
    0x08006e58   0x00000090   Code   RO         4383    i.fs_drive_id       FS_LFN_CM3_L.lib(fs_common.o)
    0x08006ee8   0x00000006   Code   RO         2746    i.fs_get_rtos_tick_freq  fs_config.o
    0x08006eee   0x00000004   Code   RO         2747    i.fs_get_sys_tick   fs_config.o
    0x08006ef2   0x00000002   PAD
    0x08006ef4   0x0000001c   Code   RO         2748    i.fs_get_sys_tick_us  fs_config.o
    0x08006f10   0x0000001a   Code   RO         4611    i.fs_get_time       FS_LFN_CM3_L.lib(fs_time.o)
    0x08006f2a   0x00000004   Code   RO         3856    i.fs_mc_lock_unlock  FS_LFN_CM3_L.lib(fs_mc_mci.o)
    0x08006f2e   0x00000012   Code   RO         2749    i.fs_mutex_acquire  fs_config.o
    0x08006f40   0x00000004   Code   RO         2751    i.fs_mutex_new      fs_config.o
    0x08006f44   0x0000000e   Code   RO         2752    i.fs_mutex_release  fs_config.o
    0x08006f52   0x00000002   PAD
    0x08006f54   0x00000020   Code   RO         4384    i.fs_set_cdrive     FS_LFN_CM3_L.lib(fs_common.o)
    0x08006f74   0x0000000a   Code   RO         2753    i.fs_set_rtos_delay  fs_config.o
    0x08006f7e   0x00000002   PAD
    0x08006f80   0x0000007c   Code   RO         4463    i.fsinfo_read       FS_LFN_CM3_L.lib(fs_fat.o)
    0x08006ffc   0x00000060   Code   RO         4464    i.fsinfo_write      FS_LFN_CM3_L.lib(fs_fat.o)
    0x0800705c   0x00000004   Code   RO         2756    i.fsj_write         fs_config.o
    0x08007060   0x00000054   Code   RO         3824    i.fvol              FS_LFN_CM3_L.lib(fs_mapi.o)
    0x080070b4   0x00000022   Code   RO         4465    i.get_EOC           FS_LFN_CM3_L.lib(fs_fat.o)
    0x080070d6   0x00000002   PAD
    0x080070d8   0x000000a0   Code   RO         3857    i.get_block_number  FS_LFN_CM3_L.lib(fs_mc_mci.o)
    0x08007178   0x00000036   Code   RO          657    i.get_drive         sdcardbase.o
    0x080071ae   0x00000032   Code   RO         4467    i.get_fat_sect      FS_LFN_CM3_L.lib(fs_fat.o)
    0x080071e0   0x00000010   Code   RO         4468    i.get_root_clus     FS_LFN_CM3_L.lib(fs_fat.o)
    0x080071f0   0x0000000a   Code   RO         4388    i.get_u16           FS_LFN_CM3_L.lib(fs_common.o)
    0x080071fa   0x00000016   Code   RO         4389    i.get_u32           FS_LFN_CM3_L.lib(fs_common.o)
    0x08007210   0x0000005c   Code   RO            9    i.hextoint          main.o
    0x0800726c   0x000000e0   Code   RO          658    i.init_filesystem   sdcardbase.o
    0x0800734c   0x0000002a   Code   RO         3032    i.isrMessageGet     RTX_CM4.lib(rt_cmsis.o)
    0x08007376   0x0000002c   Code   RO         3033    i.isrMessagePut     RTX_CM4.lib(rt_cmsis.o)
    0x080073a2   0x00000024   Code   RO         3035    i.isrSignalSet      RTX_CM4.lib(rt_cmsis.o)
    0x080073c6   0x00000002   PAD
    0x080073c8   0x00000028   Code   RO         4037    i.isr_evt_set       RTX_CM4.lib(rt_event.o)
    0x080073f0   0x00000056   Code   RO         4155    i.isr_mbx_receive   RTX_CM4.lib(rt_mailbox.o)
    0x08007446   0x0000000e   Code   RO         4156    i.isr_mbx_send      RTX_CM4.lib(rt_mailbox.o)
    0x08007454   0x0000006a   Code   RO         4477    i.label_read        FS_LFN_CM3_L.lib(fs_fat.o)
    0x080074be   0x0000006a   Code   RO         4478    i.label_write       FS_LFN_CM3_L.lib(fs_fat.o)
    0x08007528   0x00000004   Code   RO         4480    i.link_clus         FS_LFN_CM3_L.lib(fs_fat.o)
    0x0800752c   0x00000028   Code   RO         4481    i.long_ent_hash     FS_LFN_CM3_L.lib(fs_fat.o)
    0x08007554   0x00000130   Code   RO           10    i.main              main.o
    0x08007684   0x000000c0   Code   RO         4482    i.mbr_write         FS_LFN_CM3_L.lib(fs_fat.o)
    0x08007744   0x0000000c   Code   RO         2757    i.mc0_DevCtrl       fs_config.o
    0x08007750   0x0000000c   Code   RO         2758    i.mc0_Init          fs_config.o
    0x0800775c   0x0000000c   Code   RO         2759    i.mc0_RdInfo        fs_config.o
    0x08007768   0x0000000c   Code   RO         2760    i.mc0_RdSect        fs_config.o
    0x08007774   0x0000000c   Code   RO         2761    i.mc0_UnInit        fs_config.o
    0x08007780   0x0000000c   Code   RO         2762    i.mc0_WrSect        fs_config.o
    0x0800778c   0x000000f6   Code   RO         3858    i.mc_control_lock   FS_LFN_CM3_L.lib(fs_mc_mci.o)
    0x08007882   0x00000084   Code   RO         3859    i.mc_control_sleep  FS_LFN_CM3_L.lib(fs_mc_mci.o)
    0x08007906   0x00000038   Code   RO         3860    i.mc_enable_acmd    FS_LFN_CM3_L.lib(fs_mc_mci.o)
    0x0800793e   0x00000186   Code   RO         3861    i.mc_mci_DevCtrl    FS_LFN_CM3_L.lib(fs_mc_mci.o)
    0x08007ac4   0x00000050   Code   RO         3862    i.mc_mci_DrvEvent   FS_LFN_CM3_L.lib(fs_mc_mci.o)
    0x08007b14   0x000000e0   Code   RO         3863    i.mc_mci_Init       FS_LFN_CM3_L.lib(fs_mc_mci.o)
    0x08007bf4   0x0000001c   Code   RO         3864    i.mc_mci_ReadInfo   FS_LFN_CM3_L.lib(fs_mc_mci.o)
    0x08007c10   0x000000d0   Code   RO         3865    i.mc_mci_ReadSector  FS_LFN_CM3_L.lib(fs_mc_mci.o)
    0x08007ce0   0x00000044   Code   RO         3866    i.mc_mci_UnInit     FS_LFN_CM3_L.lib(fs_mc_mci.o)
    0x08007d24   0x000000e4   Code   RO         3867    i.mc_mci_WriteSector  FS_LFN_CM3_L.lib(fs_mc_mci.o)
    0x08007e08   0x0000046c   Code   RO         3868    i.mc_native_init    FS_LFN_CM3_L.lib(fs_mc_mci.o)
    0x08008274   0x00000030   Code   RO         3869    i.mc_read_status    FS_LFN_CM3_L.lib(fs_mc_mci.o)
    0x080082a4   0x000000dc   Code   RO         3870    i.mc_select_bus_width  FS_LFN_CM3_L.lib(fs_mc_mci.o)
    0x08008380   0x0000003e   Code   RO         3871    i.mc_select_deselect  FS_LFN_CM3_L.lib(fs_mc_mci.o)
    0x080083be   0x00000002   PAD
    0x080083c0   0x000000a8   Code   RO         3872    i.mc_select_tran_state  FS_LFN_CM3_L.lib(fs_mc_mci.o)
    0x08008468   0x00000038   Code   RO         3873    i.mc_set_block_len  FS_LFN_CM3_L.lib(fs_mc_mci.o)
    0x080084a0   0x0000003a   Code   RO         3874    i.mc_sleep_awake    FS_LFN_CM3_L.lib(fs_mc_mci.o)
    0x080084da   0x00000030   Code   RO         3875    i.mc_stop_transmission  FS_LFN_CM3_L.lib(fs_mc_mci.o)
    0x0800850a   0x00000038   Code   RO         3876    i.mc_switch         FS_LFN_CM3_L.lib(fs_mc_mci.o)
    0x08008542   0x00000072   Code   RO         3877    i.mc_switch_func    FS_LFN_CM3_L.lib(fs_mc_mci.o)
    0x080085b4   0x00000030   Code   RO         3878    i.mc_wfe            FS_LFN_CM3_L.lib(fs_mc_mci.o)
    0x080085e4   0x0000000a   Code   RO         3879    i.mci_bus_speed     FS_LFN_CM3_L.lib(fs_mc_mci.o)
    0x080085ee   0x00000016   Code   RO         3880    i.mci_bus_speed_mode  FS_LFN_CM3_L.lib(fs_mc_mci.o)
    0x08008604   0x00000016   Code   RO         3881    i.mci_bus_width     FS_LFN_CM3_L.lib(fs_mc_mci.o)
    0x0800861a   0x0000003e   Code   RO         3882    i.mci_card_power    FS_LFN_CM3_L.lib(fs_mc_mci.o)
    0x08008658   0x00000016   Code   RO         3883    i.mci_cmd_bus_mode  FS_LFN_CM3_L.lib(fs_mc_mci.o)
    0x0800866e   0x0000001e   Code   RO         3884    i.mci_data_timeout  FS_LFN_CM3_L.lib(fs_mc_mci.o)
    0x0800868c   0x00000016   Code   RO         3885    i.mci_idle_clock    FS_LFN_CM3_L.lib(fs_mc_mci.o)
    0x080086a2   0x000000b0   Code   RO         4483    i.name_analyse      FS_LFN_CM3_L.lib(fs_fat.o)
    0x08008752   0x000000b4   Code   RO         4484    i.name_basis_gen    FS_LFN_CM3_L.lib(fs_fat.o)
    0x08008806   0x00000008   Code   RO         4485    i.name_hash         FS_LFN_CM3_L.lib(fs_fat.o)
    0x0800880e   0x00000002   PAD
    0x08008810   0x00000128   Code   RO         4486    i.name_nt_gen       FS_LFN_CM3_L.lib(fs_fat.o)
    0x08008938   0x00000052   Code   RO         4487    i.name_strip        FS_LFN_CM3_L.lib(fs_fat.o)
    0x0800898a   0x00000002   PAD
    0x0800898c   0x00000018   Code   RO         3036    i.osDelay           RTX_CM4.lib(rt_cmsis.o)
    0x080089a4   0x00000024   Code   RO         3037    i.osKernelInitialize  RTX_CM4.lib(rt_cmsis.o)
    0x080089c8   0x0000006c   Code   RO         3039    i.osKernelStart     RTX_CM4.lib(rt_cmsis.o)
    0x08008a34   0x00000018   Code   RO         3040    i.osKernelSysTick   RTX_CM4.lib(rt_cmsis.o)
    0x08008a4c   0x00000018   Code   RO         3048    i.osMessageGet      RTX_CM4.lib(rt_cmsis.o)
    0x08008a64   0x0000002c   Code   RO         3050    i.osMutexCreate     RTX_CM4.lib(rt_cmsis.o)
    0x08008a90   0x00000018   Code   RO         3052    i.osMutexRelease    RTX_CM4.lib(rt_cmsis.o)
    0x08008aa8   0x00000018   Code   RO         3053    i.osMutexWait       RTX_CM4.lib(rt_cmsis.o)
    0x08008ac0   0x00000018   Code   RO         3062    i.osSignalClear     RTX_CM4.lib(rt_cmsis.o)
    0x08008ad8   0x00000018   Code   RO         3063    i.osSignalSet       RTX_CM4.lib(rt_cmsis.o)
    0x08008af0   0x00000018   Code   RO         3064    i.osSignalWait      RTX_CM4.lib(rt_cmsis.o)
    0x08008b08   0x0000002c   Code   RO         3065    i.osThreadCreate    RTX_CM4.lib(rt_cmsis.o)
    0x08008b34   0x00000018   Code   RO         3066    i.osThreadExit      RTX_CM4.lib(rt_cmsis.o)
    0x08008b4c   0x00000018   Code   RO         3071    i.osThreadYield     RTX_CM4.lib(rt_cmsis.o)
    0x08008b64   0x0000000c   Code   RO         3072    i.osTimerCall       RTX_CM4.lib(rt_cmsis.o)
    0x08008b70   0x0000002c   Code   RO         3077    i.osTimerThread     RTX_CM4.lib(rt_cmsis.o)
    0x08008b9c   0x00000022   Code   RO          729    i.os_error          rtx_conf_cm.o
    0x08008bbe   0x00000004   Code   RO          730    i.os_idle_demon     rtx_conf_cm.o
    0x08008bc2   0x00000002   PAD
    0x08008bc4   0x00000028   Code   RO         3947    i.os_tick_init      RTX_CM4.lib(rt_system.o)
    0x08008bec   0x00000002   Code   RO         3948    i.os_tick_irqack    RTX_CM4.lib(rt_system.o)
    0x08008bee   0x00000002   PAD
    0x08008bf0   0x00000010   Code   RO         3949    i.os_tick_ovf       RTX_CM4.lib(rt_system.o)
    0x08008c00   0x00000014   Code   RO         3950    i.os_tick_val       RTX_CM4.lib(rt_system.o)
    0x08008c14   0x00000220   Code   RO         4488    i.path_create       FS_LFN_CM3_L.lib(fs_fat.o)
    0x08008e34   0x00000032   Code   RO         4489    i.path_init         FS_LFN_CM3_L.lib(fs_fat.o)
    0x08008e66   0x000000a6   Code   RO         4490    i.path_open         FS_LFN_CM3_L.lib(fs_fat.o)
    0x08008f0c   0x0000003c   Code   RO         4491    i.path_validate     FS_LFN_CM3_L.lib(fs_fat.o)
    0x08008f48   0x0000007a   Code   RO         4492    i.read_cache        FS_LFN_CM3_L.lib(fs_fat.o)
    0x08008fc2   0x00000052   Code   RO         4493    i.read_sector       FS_LFN_CM3_L.lib(fs_fat.o)
    0x08009014   0x0000001a   Code   RO         4268    i.rt_alloc_box      RTX_CM4.lib(rt_membox.o)
    0x0800902e   0x0000003e   Code   RO         4296    i.rt_alloc_mem      RTX_CM4.lib(rt_memory.o)
    0x0800906c   0x00000038   Code   RO         3651    i.rt_block          RTX_CM4.lib(rt_task.o)
    0x080090a4   0x00000048   Code   RO         4245    i.rt_chk_robin      RTX_CM4.lib(rt_robin.o)
    0x080090ec   0x00000070   Code   RO         4079    i.rt_dec_dly        RTX_CM4.lib(rt_list.o)
    0x0800915c   0x00000044   Code   RO         3652    i.rt_dispatch       RTX_CM4.lib(rt_task.o)
    0x080091a0   0x00000006   Code   RO         3735    i.rt_dly_wait       RTX_CM4.lib(rt_time.o)
    0x080091a6   0x00000002   PAD
    0x080091a8   0x0000001c   Code   RO         4038    i.rt_evt_clr        RTX_CM4.lib(rt_event.o)
    0x080091c4   0x00000050   Code   RO         4040    i.rt_evt_psh        RTX_CM4.lib(rt_event.o)
    0x08009214   0x0000005c   Code   RO         4041    i.rt_evt_set        RTX_CM4.lib(rt_event.o)
    0x08009270   0x0000003c   Code   RO         4042    i.rt_evt_wait       RTX_CM4.lib(rt_event.o)
    0x080092ac   0x0000002c   Code   RO         4269    i.rt_free_box       RTX_CM4.lib(rt_membox.o)
    0x080092d8   0x00000028   Code   RO         4297    i.rt_free_mem       RTX_CM4.lib(rt_memory.o)
    0x08009300   0x00000028   Code   RO         4080    i.rt_get_first      RTX_CM4.lib(rt_list.o)
    0x08009328   0x00000024   Code   RO         4081    i.rt_get_same_rdy_prio  RTX_CM4.lib(rt_list.o)
    0x0800934c   0x00000008   Code   RO         3082    i.rt_id2obj         RTX_CM4.lib(rt_cmsis.o)
    0x08009354   0x00000048   Code   RO         3653    i.rt_init_context   RTX_CM4.lib(rt_task.o)
    0x0800939c   0x0000001a   Code   RO         4298    i.rt_init_mem       RTX_CM4.lib(rt_memory.o)
    0x080093b6   0x00000002   PAD
    0x080093b8   0x00000018   Code   RO         4246    i.rt_init_robin     RTX_CM4.lib(rt_robin.o)
    0x080093d0   0x00000080   Code   RO         4323    i.rt_init_stack     RTX_CM4.lib(hal_cm.o)
    0x08009450   0x00000008   Code   RO         4157    i.rt_mbx_check      RTX_CM4.lib(rt_mailbox.o)
    0x08009458   0x0000001a   Code   RO         4158    i.rt_mbx_init       RTX_CM4.lib(rt_mailbox.o)
    0x08009472   0x00000002   PAD
    0x08009474   0x000000f0   Code   RO         4159    i.rt_mbx_psh        RTX_CM4.lib(rt_mailbox.o)
    0x08009564   0x000000b4   Code   RO         4161    i.rt_mbx_wait       RTX_CM4.lib(rt_mailbox.o)
    0x08009618   0x00000044   Code   RO         3083    i.rt_ms2tick        RTX_CM4.lib(rt_cmsis.o)
    0x0800965c   0x00000010   Code   RO         3769    i.rt_mut_init       RTX_CM4.lib(rt_mutex.o)
    0x0800966c   0x000000d8   Code   RO         3770    i.rt_mut_release    RTX_CM4.lib(rt_mutex.o)
    0x08009744   0x00000078   Code   RO         3771    i.rt_mut_wait       RTX_CM4.lib(rt_mutex.o)
    0x080097bc   0x0000007c   Code   RO         3951    i.rt_pop_req        RTX_CM4.lib(rt_system.o)
    0x08009838   0x00000020   Code   RO         3952    i.rt_psh_req        RTX_CM4.lib(rt_system.o)
    0x08009858   0x0000005c   Code   RO         4082    i.rt_psq_enq        RTX_CM4.lib(rt_list.o)
    0x080098b4   0x00000048   Code   RO         4083    i.rt_put_dly        RTX_CM4.lib(rt_list.o)
    0x080098fc   0x00000036   Code   RO         4084    i.rt_put_prio       RTX_CM4.lib(rt_list.o)
    0x08009932   0x00000002   PAD
    0x08009934   0x00000014   Code   RO         4085    i.rt_put_rdy_first  RTX_CM4.lib(rt_list.o)
    0x08009948   0x00000034   Code   RO         4086    i.rt_resort_prio    RTX_CM4.lib(rt_list.o)
    0x0800997c   0x00000010   Code   RO         4324    i.rt_ret_regs       RTX_CM4.lib(hal_cm.o)
    0x0800998c   0x0000000c   Code   RO         4325    i.rt_ret_val        RTX_CM4.lib(hal_cm.o)
    0x08009998   0x00000010   Code   RO         4326    i.rt_ret_val2       RTX_CM4.lib(hal_cm.o)
    0x080099a8   0x00000028   Code   RO         4087    i.rt_rmv_dly        RTX_CM4.lib(rt_list.o)
    0x080099d0   0x00000030   Code   RO         4088    i.rt_rmv_list       RTX_CM4.lib(rt_list.o)
    0x08009a00   0x00000034   Code   RO         4206    i.rt_sem_psh        RTX_CM4.lib(rt_semaphore.o)
    0x08009a34   0x00000024   Code   RO         3954    i.rt_stk_check      RTX_CM4.lib(rt_system.o)
    0x08009a58   0x00000028   Code   RO         3654    i.rt_switch_req     RTX_CM4.lib(rt_task.o)
    0x08009a80   0x000000cc   Code   RO         3655    i.rt_sys_init       RTX_CM4.lib(rt_task.o)
    0x08009b4c   0x00000078   Code   RO         3656    i.rt_sys_start      RTX_CM4.lib(rt_task.o)
    0x08009bc4   0x00000040   Code   RO         3956    i.rt_systick        RTX_CM4.lib(rt_system.o)
    0x08009c04   0x00000012   Code   RO         3084    i.rt_tid2ptcb       RTX_CM4.lib(rt_cmsis.o)
    0x08009c16   0x00000002   PAD
    0x08009c18   0x00000034   Code   RO         3085    i.rt_timer_insert   RTX_CM4.lib(rt_cmsis.o)
    0x08009c4c   0x00000088   Code   RO         3657    i.rt_tsk_create     RTX_CM4.lib(rt_task.o)
    0x08009cd4   0x0000017c   Code   RO         3658    i.rt_tsk_delete     RTX_CM4.lib(rt_task.o)
    0x08009e50   0x00000030   Code   RO         3659    i.rt_tsk_pass       RTX_CM4.lib(rt_task.o)
    0x08009e80   0x0000007c   Code   RO         3660    i.rt_tsk_prio       RTX_CM4.lib(rt_task.o)
    0x08009efc   0x00000010   Code   RO         3661    i.rt_tsk_self       RTX_CM4.lib(rt_task.o)
    0x08009f0c   0x00000008   Code   RO         4390    i.set_u16           FS_LFN_CM3_L.lib(fs_common.o)
    0x08009f14   0x00000010   Code   RO         4391    i.set_u32           FS_LFN_CM3_L.lib(fs_common.o)
    0x08009f24   0x00000048   Code   RO         4494    i.sfn_extract       FS_LFN_CM3_L.lib(fs_fat.o)
    0x08009f6c   0x0000001a   Code   RO         4495    i.short_ent_hash    FS_LFN_CM3_L.lib(fs_fat.o)
    0x08009f86   0x0000001e   Code   RO         4496    i.sn_chksum         FS_LFN_CM3_L.lib(fs_fat.o)
    0x08009fa4   0x0000000c   Code   RO         1051    i.stderr_putchar    retarget_io.o
    0x08009fb0   0x00000010   Code   RO         1052    i.stdin_getchar     retarget_io.o
    0x08009fc0   0x0000000c   Code   RO         1053    i.stdout_putchar    retarget_io.o
    0x08009fcc   0x00000012   Code   RO         3087    i.svcDelay          RTX_CM4.lib(rt_cmsis.o)
    0x08009fde   0x00000002   PAD
    0x08009fe0   0x00000070   Code   RO         3088    i.svcKernelInitialize  RTX_CM4.lib(rt_cmsis.o)
    0x0800a050   0x00000048   Code   RO         3090    i.svcKernelStart    RTX_CM4.lib(rt_cmsis.o)
    0x0800a098   0x00000038   Code   RO         3091    i.svcKernelSysTick  RTX_CM4.lib(rt_cmsis.o)
    0x0800a0d0   0x00000024   Code   RO         3093    i.svcMessageCreate  RTX_CM4.lib(rt_cmsis.o)
    0x0800a0f4   0x0000003a   Code   RO         3094    i.svcMessageGet     RTX_CM4.lib(rt_cmsis.o)
    0x0800a12e   0x0000001c   Code   RO         3096    i.svcMutexCreate    RTX_CM4.lib(rt_cmsis.o)
    0x0800a14a   0x00000022   Code   RO         3098    i.svcMutexRelease   RTX_CM4.lib(rt_cmsis.o)
    0x0800a16c   0x0000003a   Code   RO         3099    i.svcMutexWait      RTX_CM4.lib(rt_cmsis.o)
    0x0800a1a6   0x00000024   Code   RO         3105    i.svcSignalClear    RTX_CM4.lib(rt_cmsis.o)
    0x0800a1ca   0x00000024   Code   RO         3106    i.svcSignalSet      RTX_CM4.lib(rt_cmsis.o)
    0x0800a1ee   0x00000002   PAD
    0x0800a1f0   0x00000054   Code   RO         3107    i.svcSignalWait     RTX_CM4.lib(rt_cmsis.o)
    0x0800a244   0x0000006c   Code   RO         3108    i.svcThreadCreate   RTX_CM4.lib(rt_cmsis.o)
    0x0800a2b0   0x0000001c   Code   RO         3109    i.svcThreadGetId    RTX_CM4.lib(rt_cmsis.o)
    0x0800a2cc   0x00000038   Code   RO         3112    i.svcThreadTerminate  RTX_CM4.lib(rt_cmsis.o)
    0x0800a304   0x0000000a   Code   RO         3113    i.svcThreadYield    RTX_CM4.lib(rt_cmsis.o)
    0x0800a30e   0x00000018   Code   RO         3114    i.svcTimerCall      RTX_CM4.lib(rt_cmsis.o)
    0x0800a326   0x00000002   PAD
    0x0800a328   0x0000005c   Code   RO         3123    i.sysTimerTick      RTX_CM4.lib(rt_cmsis.o)
    0x0800a384   0x00000060   Code   RO         4498    i.unlink_clus       FS_LFN_CM3_L.lib(fs_fat.o)
    0x0800a3e4   0x000000ae   Code   RO         4499    i.write_cache       FS_LFN_CM3_L.lib(fs_fat.o)
    0x0800a492   0x00000030   Code   RO         4500    i.write_sector      FS_LFN_CM3_L.lib(fs_fat.o)
    0x0800a4c2   0x00000002   PAD
    0x0800a4c4   0x0000002c   Code   RO         5096    locale$$code        c_w.l(lc_ctype_c.o)
    0x0800a4f0   0x0000000a   Code   RO         5125    x$fpl$fpinit        fz_wm.l(fpinit.o)
    0x0800a4fa   0x00000002   PAD
    0x0800a4fc   0x00000010   Data   RO          608    .constdata          mainthread.o
    0x0800a50c   0x00000068   Data   RO          732    .constdata          rtx_conf_cm.o
    0x0800a574   0x0000003c   Data   RO          804    .constdata          mci_stm32f4xx.o
    0x0800a5b0   0x00000018   Data   RO          928    .constdata          eventrecorder.o
    0x0800a5c8   0x00000017   Data   RO         1054    .constdata          retarget_io.o
    0x0800a5df   0x00000008   Data   RO         1442    .constdata          stm32f4xx_hal_dma.o
    0x0800a5e7   0x00000010   Data   RO         2051    .constdata          stm32f4xx_hal_rcc.o
    0x0800a5f7   0x00000010   Data   RO         2682    .constdata          system_stm32f4xx.o
    0x0800a607   0x00000001   PAD
    0x0800a608   0x00000028   Data   RO         2764    .constdata          fs_config.o
    0x0800a630   0x00000010   Data   RO         3886    .constdata          FS_LFN_CM3_L.lib(fs_mc_mci.o)
    0x0800a640   0x000004ac   Data   RO         4501    .constdata          FS_LFN_CM3_L.lib(fs_fat.o)
    0x0800aaec   0x00000011   Data   RO         4692    .constdata          c_w.l(__printf_flags_ss_wp.o)
    0x0800aafd   0x00000003   PAD
    0x0800ab00   0x00000020   Data   RO         5174    Region$$Table       anon$$obj.o
    0x0800ab20   0x00000110   Data   RO         5095    locale$$data        c_w.l(lc_ctype_c.o)


    Execution Region RW_IRAM1 (Base: 0x20000000, Size: 0x00007fa8, Max: 0x00020000, ABSOLUTE, COMPRESSED[0x00000100])

    Base Addr    Size         Type   Attr      Idx    E Section Name        Object

    0x20000000   0x0000006d   Data   RW           12    .data               main.o
    0x2000006d   0x00000003   PAD
    0x20000070   0x000001b9   Data   RW          497    .data               globalvariables.o
    0x20000229   0x00000003   PAD
    0x2000022c   0x00000004   Data   RW          609    .data               mainthread.o
    0x20000230   0x00000010   Data   RW          663    .data               sdcardbase.o
    0x20000240   0x00000014   Data   RW          733    .data               rtx_conf_cm.o
    0x20000254   0x00000004   Data   RW         1055    .data               retarget_io.o
    0x20000258   0x00000004   Data   RW         2683    .data               system_stm32f4xx.o
    0x2000025c   0x00000004   Data   RW         2765    .data               fs_config.o
    0x20000260   0x00000008   Data   RW         3126    .data               RTX_CM4.lib(rt_cmsis.o)
    0x20000268   0x00000008   Data   RW         3663    .data               RTX_CM4.lib(rt_task.o)
    0x20000270   0x00000004   Data   RW         3739    .data               RTX_CM4.lib(rt_time.o)
    0x20000274   0x00000001   Data   RW         3825    .data               FS_LFN_CM3_L.lib(fs_mapi.o)
    0x20000275   0x00000003   PAD
    0x20000278   0x00000008   Data   RW         3959    .data               RTX_CM4.lib(rt_system.o)
    0x20000280   0x00000008   Data   RW         4247    .data               RTX_CM4.lib(rt_robin.o)
    0x20000288   0x00000001   Data   RW         4327    .data               RTX_CM4.lib(hal_cm.o)
    0x20000289   0x00000001   Data   RW         4392    .data               FS_LFN_CM3_L.lib(fs_common.o)
    0x2000028a   0x00000002   PAD
    0x2000028c   0x00000004   Data   RW         4718    .data               c_w.l(stdio_streams.o)
    0x20000290   0x00000004   Data   RW         4719    .data               c_w.l(stdio_streams.o)
    0x20000294   0x00000004   Data   RW         4720    .data               c_w.l(stdio_streams.o)
    0x20000298   0x00000004   Data   RW         4857    .data               c_w.l(streamlock.o)
    0x2000029c   0x0000011c   Zero   RW           11    .bss                main.o
    0x200003b8   0x00000840   Zero   RW          315    .bss                dgus.o
    0x20000bf8   0x00000160   Zero   RW          496    .bss                globalvariables.o
    0x20000d58   0x00004fa0   Zero   RW          731    .bss                rtx_conf_cm.o
    0x20005cf8   0x000000e0   Zero   RW          803    .bss                mci_stm32f4xx.o
    0x20005dd8   0x00001564   Zero   RW         2763    .bss                fs_config.o
    0x2000733c   0x00000034   Zero   RW         3662    .bss                RTX_CM4.lib(rt_task.o)
    0x20007370   0x00000030   Zero   RW         4089    .bss                RTX_CM4.lib(rt_list.o)
    0x200073a0   0x00000060   Zero   RW         4622    .bss                c_w.l(libspace.o)
    0x20007400   0x00000054   Zero   RW         4715    .bss                c_w.l(stdio_streams.o)
    0x20007454   0x00000054   Zero   RW         4716    .bss                c_w.l(stdio_streams.o)
    0x200074a8   0x00000054   Zero   RW         4717    .bss                c_w.l(stdio_streams.o)
    0x200074fc   0x00000004   PAD
    0x20007500   0x000004a4   Zero   RW          929    .noinit             eventrecorder.o
    0x200079a4   0x00000004   PAD
    0x200079a8   0x00000200   Zero   RW         2671    HEAP                startup_stm32f407xx.o
    0x20007ba8   0x00000400   Zero   RW         2670    STACK               startup_stm32f407xx.o


==============================================================================

Image component sizes


      Code (inc. data)   RO Data    RW Data    ZI Data      Debug   Object Name

       894         48          0          0       2112      19014   dgus.o
         0          0         24          0       1188       3924   eventrecorder.o
       334         70         40          4       5476      31132   fs_config.o
         0          0          0        441        352       5937   globalvariables.o
       600         76          0        109        284     319207   main.o
       128         22         16          4          0       2014   mainthread.o
      3372        248         60          0        224      22614   mci_stm32f4xx.o
       584         40         23          4          0      13587   retarget_io.o
       214         48        104         20      20384      10955   rtx_conf_cm.o
       514        264          0         16          0       4237   sdcardbase.o
        64         26        392          0       1536        904   startup_stm32f407xx.o
       138         14          0          0          0       3697   stm32f4xx_hal.o
       376         34          0          0          0      35796   stm32f4xx_hal_cortex.o
      1564         20          8          0          0       8243   stm32f4xx_hal_dma.o
       896         94          0          0          0       2822   stm32f4xx_hal_gpio.o
       116         10          0          0          0       1022   stm32f4xx_hal_msp.o
      1668         70         16          0          0       6015   stm32f4xx_hal_rcc.o
      1658         12          0          0          0       7077   stm32f4xx_hal_uart.o
        36          6          0          0          0       3401   stm32f4xx_it.o
       292         40         16          4          0       2157   system_stm32f4xx.o

    ----------------------------------------------------------------------
     13464       1142        732        608      31560     503755   Object Totals
         0          0         32          0          0          0   (incl. Generated)
        16          0          1          6          4          0   (incl. Padding)

    ----------------------------------------------------------------------

      Code (inc. data)   RO Data    RW Data    ZI Data      Debug   Library Member Name

       232         22          0          1          0        424   fs_common.o
     10354        260       1196          0          0       5240   fs_fat.o
       532         56          0          1          0        408   fs_mapi.o
      4142         50         16          0          0       2492   fs_mc_mci.o
       724         54          0          0          0        500   fs_sys.o
        26          0          0          0          0         68   fs_time.o
       268         24          0          1          0       4524   hal_cm.o
       408         34          0          0          0        824   hal_cm4.o
      1742        206          0          8          0      47201   rt_cmsis.o
       300         24          0          0          0       3423   rt_event.o
       566         44          0          0         48       9272   rt_list.o
       554         10          0          0          0       4237   rt_mailbox.o
       140          0          0          0          0       2069   rt_membox.o
       128          0          0          0          0       2451   rt_memory.o
       352         14          0          0          0       2249   rt_mutex.o
        96         22          0          8          0       1254   rt_robin.o
        52          4          0          0          0        621   rt_semaphore.o
       334         64          0          8          0       7475   rt_system.o
      1264        184          0          8         52      10675   rt_task.o
         6          0          0          4          0        700   rt_time.o
         4          4          0          0          0        208   svc_table.o
        90          0          0          0          0          0   __dczerorl2.o
         8          0          0          0          0         68   __main.o
       392          4         17          0          0         92   __printf_flags_ss_wp.o
        14          0          0          0          0         68   __printf_wp.o
         0          0          0          0          0          0   __rtentry.o
        20          0          0          0          0          0   __rtentry2.o
         6          0          0          0          0          0   __rtentry4.o
        52          8          0          0          0          0   __scatter.o
        28          0          0          0          0          0   __scatter_zi.o
        44          0          0          0          0        108   _printf_char.o
        48          6          0          0          0         96   _printf_char_common.o
        64          6          0          0          0         84   _printf_char_file_locked.o
         6          0          0          0          0          0   _printf_d.o
       120         16          0          0          0         92   _printf_dec.o
       178          0          0          0          0         88   _printf_intcommon.o
         0          0          0          0          0          0   _printf_percent.o
         4          0          0          0          0          0   _printf_percent_end.o
         6          0          0          0          0          0   _printf_s.o
        82          0          0          0          0         80   _printf_str.o
        16          0          0          0          0         68   aeabi_memset.o
        10          0          0          0          0         68   defsig_exit.o
        50          0          0          0          0         88   defsig_general.o
        80         58          0          0          0         76   defsig_rtmem_inner.o
        14          0          0          0          0         80   defsig_rtmem_outer.o
        52         38          0          0          0         76   defsig_rtred_inner.o
        14          0          0          0          0         80   defsig_rtred_outer.o
        18          0          0          0          0         80   exit.o
        76          0          0          0          0         88   fclose.o
        52          6          0          0          0         80   fclose_locked.o
       144         10          0          0          0        128   fflush_locked.o
        24          0          0          0          0         68   fgetc.o
        32          0          0          0          0         80   fgetc_locked.o
        86          0          0          0          0         84   fgets_locked.o
       570          0          0          0          0        132   filbuf.o
       470          0          0          0          0         88   flsbuf.o
        92          8          0          0          0         88   flushlinebuffered_locked.o
       324          8          0          0          0        152   fopen_locked.o
        26          0          0          0          0         68   fputc.o
       248          6          0          0          0         84   fseek.o
        66          0          0          0          0         76   ftell.o
         4          0          0          0          0         68   getc.o
       158          0          0          0          0        128   h1_alloc_mt.o
        62          0          0          0          0         80   h1_extend_mt.o
       118          0          0          0          0        108   h1_free_mt.o
        18          0          0          0          0         84   h1_init_mt.o
         6          0          0          0          0        152   heapauxi.o
         4          0          0          0          0        136   hguard.o
         0          0          0          0          0          0   indicate_semi.o
       138          0          0          0          0        168   init_alloc.o
       456         48          0          0          0        116   initio_locked.o
        44         10        272          0          0         76   lc_ctype_c.o
         2          0          0          0          0          0   libinit.o
        36          0          0          0          0          0   libinit2.o
         2          0          0          0          0          0   libshutdown.o
         6          0          0          0          0          0   libshutdown2.o
         8          4          0          0         96         68   libspace.o
       238          0          0          0          0        100   lludivv7m.o
         0          0          0          0          0          0   maybetermalloc1.o
        24          4          0          0          0         84   noretval__2printf.o
        16          4          0          0          0         76   rt_ctype_table.o
         4          0          0          0          0         68   rt_errno_addr_twolibspace.o
        10          0          0          0          0         76   rt_heap_descriptor_twolibspace.o
        10          0          0          0          0         76   rt_locale_twolibspace.o
        68          0          0          0          0         68   rt_memclr.o
        78          0          0          0          0         80   rt_memclr_w.o
       138          0          0          0          0         68   rt_memcpy_v6.o
       100          0          0          0          0         80   rt_memcpy_w.o
         2          0          0          0          0          0   rtexit.o
        10          0          0          0          0          0   rtexit2.o
       104          0          0          0          0         88   setvbuf_locked.o
       240          6          0          0          0        156   stdio.o
         0          0          0         12        252          0   stdio_streams.o
       128          0          0          0          0         68   strcmpv7m.o
         0          0          0          4          0          0   streamlock.o
        62          0          0          0          0         76   strlen.o
        50          0          0          0          0         84   strncasecmp.o
        12          4          0          0          0         68   sys_exit.o
        74          0          0          0          0         80   sys_stackheap_outer.o
        26          0          0          0          0         76   tolower.o
         2          0          0          0          0         68   use_no_semi.o
        10          0          0          0          0        116   fpinit.o

    ----------------------------------------------------------------------
     28380       1330       1504         60        452     111763   Library Totals
        62          0          3          5          4          0   (incl. Padding)

    ----------------------------------------------------------------------

      Code (inc. data)   RO Data    RW Data    ZI Data      Debug   Library Name

     16010        442       1212          2          0       9132   FS_LFN_CM3_L.lib
      6214        634          0         37        100      97183   RTX_CM4.lib
      6084        254        289         16        348       5332   c_w.l
        10          0          0          0          0        116   fz_wm.l

    ----------------------------------------------------------------------
     28380       1330       1504         60        452     111763   Library Totals

    ----------------------------------------------------------------------

==============================================================================


      Code (inc. data)   RO Data    RW Data    ZI Data      Debug   

     41844       2472       2236        668      32012     583282   Grand Totals
     41844       2472       2236        256      32012     583282   ELF Image Totals (compressed)
     41844       2472       2236        256          0          0   ROM Totals

==============================================================================

    Total RO  Size (Code + RO Data)                44080 (  43.05kB)
    Total RW  Size (RW Data + ZI Data)             32680 (  31.91kB)
    Total ROM Size (Code + RO Data + RW Data)      44336 (  43.30kB)

==============================================================================

