<html>
<body>
<pre>
<h1>µVision Build Log</h1>
<h2>Tool Versions:</h2>
IDE-Version: µVision V5.22.0.0
Copyright (C) 2016 ARM Ltd and ARM Germany GmbH. All rights reserved.
License Information: Vladislav Ovchinnikov, COLT, LIC=9N08T-R1K1M-5A8DF-6PZXQ-8DHA0-17KNY
 
Tool Versions:
Toolchain:       MDK-ARM Professional  Version: 5.22
Toolchain Path:  C:\Keil_v5\ARM\ARMCC\Bin
C Compiler:      Armcc.exe V5.06 update 4 (build 422)
Assembler:       Armasm.exe V5.06 update 4 (build 422)
Linker/Locator:  ArmLink.exe V5.06 update 4 (build 422)
Library Manager: ArmAr.exe V5.06 update 4 (build 422)
Hex Converter:   FromElf.exe V5.06 update 4 (build 422)
CPU DLL:         SARMCM3.DLL V5.22
Dialog DLL:      DCM.DLL V1.13.9.0
Target DLL:      STLink\ST-LINKIII-KEIL_SWO.dll V2.0.18.0
Dialog DLL:      TCM.DLL V1.21.0.0
 
<h2>Project:</h2>
C:\Users\PCB-Designer\Documents\Laser-LAMP-STM32-Test-Firmware\Calipso Bootloader\CalipsoBootloader.uvprojx
Project File Date:  03/01/2017

<h2>Output:</h2>
*** Using Compiler 'V5.06 update 4 (build 422)', folder: 'C:\Keil_v5\ARM\ARMCC\Bin'
Build target 'Calipso-Bootloader'
compiling stm32f4xx_hal_msp.c...
compiling stm32f4xx_it.c...
compiling MainThread.c...
compiling GlobalVariables.c...
compiling DGUSBase.c...
DGUSBase.c(264): warning:  #177-D: function "bcd_decimal16"  was declared but never referenced
  static inline int bcd_decimal16(uint16_t hex)
DGUSBase.c: 1 warning, 0 errors
compiling main.c...
compiling SDCardBase.c...
compiling rtEventSystem.c...
compiling MCI_STM32F4xx.c...
compiling retarget_io.c...
compiling EventRecorder.c...
compiling RTX_Conf_CM.c...
compiling stm32f4xx_hal_cortex.c...
compiling stm32f4xx_hal_dma.c...
compiling stm32f4xx_hal.c...
compiling stm32f4xx_hal_flash_ex.c...
compiling stm32f4xx_hal_flash.c...
compiling stm32f4xx_hal_dma_ex.c...
compiling stm32f4xx_hal_gpio.c...
assembling startup_stm32f407xx.s...
compiling system_stm32f4xx.c...
compiling FS_Config.c...
compiling stm32f4xx_hal_pwr_ex.c...
compiling stm32f4xx_hal_rcc_ex.c...
compiling stm32f4xx_hal_rcc.c...
compiling stm32f4xx_hal_uart.c...
compiling stm32f4xx_hal_usart.c...
compiling stm32f4xx_hal_pwr.c...
linking...
Program Size: Code=45100 RO-data=2236 RW-data=696 ZI-data=42480  
FromELF: creating hex file...
".\CalipsoBootloader.axf" - 0 Error(s), 1 Warning(s).

<h2>Software Packages used:</h2>

Package Vendor: ARM
                http://www.keil.com/pack/ARM.CMSIS.5.0.0.pack
                ::CMSIS Driver:MCI:2.02 (API)
                CMSIS (Cortex Microcontroller Software Interface Standard)
   * Component: MCI Version: 2.02
   * Component: RTOS Version: 1.0

Package Vendor: Keil
                http://www.keil.com/pack/Keil.ARM_Compiler.1.2.0.pack
                Keil.ARM Compiler::Compiler:I/O:STDIN:ITM:1.1.0
                Keil ARM Compiler extensions
   * Component: STDIN Variant: ITM Version: 1.1.0
   * Component: STDERR Variant: ITM Version: 1.1.0
   * Component: File Variant: File System Version: 1.1.0
   * Component: STDOUT Variant: ITM Version: 1.1.0
   * Component: Event Recorder Variant: DAP Version: 1.1.0
   * Component: TTY Variant: Breakpoint Version: 1.1.0
   * Component: CORE Version: 5.0.0
   * Component: Keil RTX Version: 4.81.0

Package Vendor: Keil
                http://www.keil.com/pack/Keil.MDK-Middleware.7.3.0.pack
                Keil.MDK-Pro::File System:Drive:Memory Card:6.9.0
                Keil MDK-ARM Professional Middleware for ARM Cortex-M based devices
   * Component: Memory Card Version: 6.9.0
   * Component: CORE Variant: LFN Version: 6.9.0

Package Vendor: Keil
                http://www.keil.com/pack/Keil.STM32F4xx_DFP.2.10.0.pack
                ::Device:STM32Cube Framework:1.0.0 (API)
                STMicroelectronics STM32F4 Series Device Support, Drivers and Examples
   * Component: STM32Cube Framework Version: 1.0.0
   * Component: Startup Version: 2.5.0
   * Component: Common Version: 1.5.0
   * Component: Cortex Version: 1.5.0
   * Component: DMA Version: 1.5.0
   * Component: Flash Version: 1.5.0
   * Component: Classic Version: 1.5.0
   * Component: GPIO Version: 1.5.0
   * Component: PWR Version: 1.5.0
   * Component: RCC Version: 1.5.0
   * Component: USART Version: 1.5.0
   * Component: UART Version: 1.5.0
   * Component: MCI Version: 2.6

<h2>Collection of Component include folders:</h2>
  C:\Users\PCB-Designer\Documents\Laser-LAMP-STM32-Test-Firmware\Calipso Bootloader\RTE\Compiler
  C:\Users\PCB-Designer\Documents\Laser-LAMP-STM32-Test-Firmware\Calipso Bootloader\RTE\Device\STM32F407ZGTx
  C:\Users\PCB-Designer\Documents\Laser-LAMP-STM32-Test-Firmware\Calipso Bootloader\RTE\_Calipso-Bootloader
  C:\Keil_v5\ARM\PACK\ARM\CMSIS\5.0.0\CMSIS\Driver\Include
  C:\Keil_v5\ARM\PACK\ARM\CMSIS\5.0.0\CMSIS\Include
  C:\Keil_v5\ARM\PACK\ARM\CMSIS\5.0.0\CMSIS\RTOS\RTX\INC
  C:\Keil_v5\ARM\PACK\Keil\ARM_Compiler\1.2.0\Include
  C:\Keil_v5\ARM\PACK\Keil\MDK-Middleware\7.3.0\FileSystem\Include
  C:\Keil_v5\ARM\PACK\Keil\STM32F4xx_DFP\2.10.0\Drivers\CMSIS\Device\ST\STM32F4xx\Include
  C:\Keil_v5\ARM\PACK\Keil\STM32F4xx_DFP\2.10.0\Drivers\STM32F4xx_HAL_Driver\Inc

<h2>Collection of Component Files used:</h2>

   * Component: ::CMSIS Driver:MCI:2.02 (API)
      Include file:  CMSIS\Driver\Include\Driver_MCI.h

   * Component: ::CMSIS:RTOS:1.0 (API)

   * Component: Keil.ARM Compiler::Compiler:I/O:STDIN:ITM:1.1.0
      Source file:   Source\retarget_io.c

   * Component: Keil.ARM Compiler::Compiler:I/O:STDERR:ITM:1.1.0
      Source file:   Source\retarget_io.c

   * Component: Keil.ARM Compiler::Compiler:I/O:File:File System:1.1.0
      Source file:   Source\retarget_io.c

   * Component: Keil.ARM Compiler::Compiler:I/O:STDOUT:ITM:1.1.0
      Source file:   Source\retarget_io.c

   * Component: Keil.ARM Compiler::Compiler:Event Recorder:DAP:1.1.0
      Include file:  Include\EventRecorder.h
      Source file:   Source\EventRecorder.c
      Include file:  Config\EventRecorderConf.h

   * Component: Keil.ARM Compiler::Compiler:I/O:TTY:Breakpoint:1.1.0
      Source file:   Source\retarget_io.c

   * Component: ARM::CMSIS:CORE:5.0.0

   * Component: ARM::CMSIS:RTOS:Keil RTX:4.81.0
      Source file:   CMSIS\RTOS\RTX\SRC\ARM\SVC_Table.s
      Library file:  CMSIS\RTOS\RTX\LIB\ARM\RTX_CM4.lib
      Include file:  CMSIS\RTOS\RTX\UserCodeTemplates\osObjects.h
      Include file:  CMSIS\RTOS\RTX\INC\cmsis_os.h
      Source file:   CMSIS\RTOS\RTX\Templates\RTX_Conf_CM.c
      Source file:   CMSIS\RTOS\RTX\UserCodeTemplates\main.c
      Source file:   CMSIS\RTOS\RTX\UserCodeTemplates\Mutex.c
      Source file:   CMSIS\RTOS\RTX\UserCodeTemplates\Thread.c
      Source file:   CMSIS\RTOS\RTX\UserCodeTemplates\Timer.c
      Source file:   CMSIS\RTOS\RTX\UserCodeTemplates\MailQueue.c
      Source file:   CMSIS\RTOS\RTX\UserCodeTemplates\MsgQueue.c
      Source file:   CMSIS\RTOS\RTX\UserCodeTemplates\Semaphore.c
      Source file:   CMSIS\RTOS\RTX\UserCodeTemplates\MemPool.c

   * Component: Keil.MDK-Pro::File System:Drive:Memory Card:6.9.0
      Source file:   FileSystem\Config\FS_Config_MC.h

   * Component: Keil.MDK-Pro::File System:CORE:LFN:6.9.0
      Source file:   FileSystem\Config\FS_Config.c
      Library file:  FileSystem\Lib\ARM\FS_LFN_CM3_L.lib
      Include file:  FileSystem\Include\rl_fs.h

   * Component: ::Device:STM32Cube Framework:1.0.0 (API)

   * Component: Keil::Device:Startup:2.5.0
      Source file:   Drivers\CMSIS\Device\ST\STM32F4xx\Source\Templates\arm\startup_stm32f407xx.s
      Source file:   MDK\Device\Source\ARM\STM32F4xx_OTP.s
      Source file:   MDK\Device\Source\ARM\STM32F40xxx_41xxx_OPT.s
      Include file:  Drivers\CMSIS\Device\ST\STM32F4xx\Include\stm32f4xx.h
      Source file:   Drivers\CMSIS\Device\ST\STM32F4xx\Source\Templates\system_stm32f4xx.c

   * Component: Keil::Device:STM32Cube HAL:Common:1.5.0
      Include file:  Drivers\STM32F4xx_HAL_Driver\Inc\stm32f4xx_hal.h
      Source file:   Drivers\STM32F4xx_HAL_Driver\Src\stm32f4xx_hal.c

   * Component: Keil::Device:STM32Cube HAL:Cortex:1.5.0
      Source file:   Drivers\STM32F4xx_HAL_Driver\Src\stm32f4xx_hal_cortex.c

   * Component: Keil::Device:STM32Cube HAL:DMA:1.5.0
      Source file:   Drivers\STM32F4xx_HAL_Driver\Src\stm32f4xx_hal_dma.c
      Source file:   Drivers\STM32F4xx_HAL_Driver\Src\stm32f4xx_hal_dma_ex.c

   * Component: Keil::Device:STM32Cube HAL:Flash:1.5.0
      Source file:   Drivers\STM32F4xx_HAL_Driver\Src\stm32f4xx_hal_flash.c
      Source file:   Drivers\STM32F4xx_HAL_Driver\Src\stm32f4xx_hal_flash_ex.c

   * Component: Keil::Device:STM32Cube Framework:Classic:1.5.0
      Source file:   MDK\Templates\Src\main.c
      Source file:   MDK\Templates\Src\stm32f4xx_hal_msp.c
      Include file:  MDK\Templates\Inc\stm32f4xx_it.h
      Include file:  CMSIS\Driver\Config\RTE_Device.h
      Source file:   MDK\Templates\Src\stm32f4xx_it.c
      Include file:  MDK\Templates\Inc\stm32f4xx_hal_conf.h
      Include file:  MDK\Templates\Inc\main.h

   * Component: Keil::Device:STM32Cube HAL:GPIO:1.5.0
      Source file:   Drivers\STM32F4xx_HAL_Driver\Src\stm32f4xx_hal_gpio.c

   * Component: Keil::Device:STM32Cube HAL:PWR:1.5.0
      Source file:   Drivers\STM32F4xx_HAL_Driver\Src\stm32f4xx_hal_pwr.c
      Source file:   Drivers\STM32F4xx_HAL_Driver\Src\stm32f4xx_hal_pwr_ex.c

   * Component: Keil::Device:STM32Cube HAL:RCC:1.5.0
      Source file:   Drivers\STM32F4xx_HAL_Driver\Src\stm32f4xx_hal_rcc.c
      Source file:   Drivers\STM32F4xx_HAL_Driver\Src\stm32f4xx_hal_rcc_ex.c

   * Component: Keil::Device:STM32Cube HAL:USART:1.5.0
      Source file:   Drivers\STM32F4xx_HAL_Driver\Src\stm32f4xx_hal_usart.c

   * Component: Keil::Device:STM32Cube HAL:UART:1.5.0
      Source file:   Drivers\STM32F4xx_HAL_Driver\Src\stm32f4xx_hal_uart.c

   * Component: Keil::CMSIS Driver:MCI:2.6
      Source file:   CMSIS\Driver\MCI_STM32F4xx.c
Build Time Elapsed:  00:00:11
</pre>
</body>
</html>
