Component: ARM Compiler 5.06 update 2 (build 183) Tool: armlink [4d35b7]

==============================================================================

Section Cross References

    main.o(i.HAL_GetTick) refers to rt_time.o(.data) for os_time
    main.o(i.SystemClock_Config) refers to stm32f4xx_hal_rcc.o(i.HAL_RCC_OscConfig) for HAL_RCC_OscConfig
    main.o(i.SystemClock_Config) refers to main.o(i.Error_Handler) for Error_Handler
    main.o(i.SystemClock_Config) refers to stm32f4xx_hal_rcc.o(i.HAL_RCC_ClockConfig) for HAL_RCC_ClockConfig
    main.o(i.SystemClock_Config) refers to stm32f4xx_hal.o(i.HAL_GetREVID) for HAL_GetREVID
    main.o(i.main) refers to rt_cmsis.o(i.osKernelInitialize) for osKernelInitialize
    main.o(i.main) refers to globalvariables.o(i.LoadGlobalVariables) for LoadGlobalVariables
    main.o(i.main) refers to stm32f4xx_hal.o(i.HAL_Init) for HAL_Init
    main.o(i.main) refers to main.o(i.SystemClock_Config) for SystemClock_Config
    main.o(i.main) refers to system_stm32f4xx.o(i.SystemCoreClockUpdate) for SystemCoreClockUpdate
    main.o(i.main) refers to dgus.o(i.Initialize_DGUS) for Initialize_DGUS
    main.o(i.main) refers to lasermisc.o(i.SpeakerInit) for SpeakerInit
    main.o(i.main) refers to rt_cmsis.o(i.osKernelStart) for osKernelStart
    main.o(i.main) refers to spithread.o(i.Init_MainSPI_Thread) for Init_MainSPI_Thread
    main.o(i.main) refers to wifithread.o(i.Init_WiFi_Thread) for Init_WiFi_Thread
    main.o(i.main) refers to ds18b20.o(i.Init_DS18B20) for Init_DS18B20
    main.o(i.main) refers to lasertimer.o(i.Init_Timers) for Init_Timers
    main.o(i.main) refers to stm32f4xx_hal.o(i.HAL_Delay) for HAL_Delay
    main.o(i.main) refers to mainthread.o(i.Init_Main_Thread) for Init_Main_Thread
    main.o(i.main) refers to ds18b20.o(i.DS18B20_Reset) for DS18B20_Reset
    main.o(i.main) refers to ds18b20.o(i.DS18B20_StartConvertion) for DS18B20_StartConvertion
    main.o(i.main) refers to ds18b20.o(i.DS18B20_ReadData) for DS18B20_ReadData
    main.o(i.main) refers to main.o(i.absf) for absf
    main.o(i.main) refers to stm32f4xx_hal_gpio.o(i.HAL_GPIO_WritePin) for HAL_GPIO_WritePin
    main.o(i.main) refers to globalvariables.o(.data) for temperature
    stm32f4xx_it.o(i.EXTI0_IRQHandler) refers to stm32f4xx_hal_gpio.o(i.HAL_GPIO_EXTI_IRQHandler) for HAL_GPIO_EXTI_IRQHandler
    stm32f4xx_it.o(i.EXTI15_10_IRQHandler) refers to stm32f4xx_hal_gpio.o(i.HAL_GPIO_EXTI_IRQHandler) for HAL_GPIO_EXTI_IRQHandler
    stm32f4xx_it.o(i.EXTI1_IRQHandler) refers to stm32f4xx_hal_gpio.o(i.HAL_GPIO_EXTI_IRQHandler) for HAL_GPIO_EXTI_IRQHandler
    stm32f4xx_it.o(i.EXTI3_IRQHandler) refers to stm32f4xx_hal_gpio.o(i.HAL_GPIO_EXTI_IRQHandler) for HAL_GPIO_EXTI_IRQHandler
    stm32f4xx_it.o(i.EXTI4_IRQHandler) refers to stm32f4xx_hal_gpio.o(i.HAL_GPIO_EXTI_IRQHandler) for HAL_GPIO_EXTI_IRQHandler
    stm32f4xx_it.o(i.TIM1_BRK_TIM9_IRQHandler) refers to stm32f4xx_hal_tim.o(i.HAL_TIM_IRQHandler) for HAL_TIM_IRQHandler
    stm32f4xx_it.o(i.TIM1_BRK_TIM9_IRQHandler) refers to solidstatelaser.o(.bss) for hTIM9
    stm32f4xx_it.o(i.TIM1_TRG_COM_TIM11_IRQHandler) refers to stm32f4xx_hal_tim.o(i.HAL_TIM_IRQHandler) for HAL_TIM_IRQHandler
    stm32f4xx_it.o(i.TIM1_TRG_COM_TIM11_IRQHandler) refers to solidstatelaser.o(.bss) for hTIM11
    stm32f4xx_it.o(i.TIM1_UP_TIM10_IRQHandler) refers to stm32f4xx_hal_tim.o(i.HAL_TIM_IRQHandler) for HAL_TIM_IRQHandler
    stm32f4xx_it.o(i.TIM1_UP_TIM10_IRQHandler) refers to solidstatelaser.o(.bss) for hTIM10
    stm32f4xx_it.o(i.USART1_IRQHandler) refers to stm32f4xx_hal_uart.o(i.HAL_UART_IRQHandler) for HAL_UART_IRQHandler
    stm32f4xx_it.o(i.USART1_IRQHandler) refers to dgus.o(.bss) for huart1
    stm32f4xx_hal_msp.o(i.HAL_MspDeInit) refers to stm32f4xx_hal_gpio.o(i.HAL_GPIO_DeInit) for HAL_GPIO_DeInit
    stm32f4xx_hal_msp.o(i.HAL_MspInit) refers to rt_memclr_w.o(.text) for __aeabi_memclr4
    stm32f4xx_hal_msp.o(i.HAL_MspInit) refers to stm32f4xx_hal_gpio.o(i.HAL_GPIO_Init) for HAL_GPIO_Init
    stm32f4xx_hal_msp.o(i.HAL_MspInit) refers to stm32f4xx_hal_gpio.o(i.HAL_GPIO_WritePin) for HAL_GPIO_WritePin
    stm32f4xx_hal_msp.o(i.HAL_MspInit) refers to solidstatelaser.o(i.LampControlInit) for LampControlInit
    stm32f4xx_hal_msp.o(i.HAL_MspInit) refers to lasermisc.o(i.FlowInit) for FlowInit
    stm32f4xx_hal_msp.o(i.HAL_MspInit) refers to lasermisc.o(i.CoolInit) for CoolInit
    globalvariables.o(i.CalculateAllSteps) refers to globalvariables.o(i.NormalizeStep) for NormalizeStep
    globalvariables.o(i.CalculateAllSteps) refers to globalvariables.o(i.max) for max
    globalvariables.o(i.CalculateAllSteps) refers to globalvariables.o(i.min) for min
    globalvariables.o(i.CalculateAllSteps) refers to globalvariables.o(.data) for MinDurationTable
    globalvariables.o(i.CalculateAllSteps) refers to globalvariables.o(.bss) for pstGUI
    globalvariables.o(i.CalculateDurationSteps) refers to globalvariables.o(i.NormalizeStep) for NormalizeStep
[...]
    osTimerThread                            0x0800bfd5   Thumb Code    38  rt_cmsis.o(i.osTimerThread)
    os_error                                 0x0800c001   Thumb Code    34  rtx_conf_cm.o(i.os_error)
    os_idle_demon                            0x0800c023   Thumb Code     4  rtx_conf_cm.o(i.os_idle_demon)
    os_tick_init                             0x0800c029   Thumb Code    32  rt_system.o(i.os_tick_init)
    os_tick_irqack                           0x0800c051   Thumb Code     2  rt_system.o(i.os_tick_irqack)
    rt_alloc_box                             0x0800c053   Thumb Code    26  rt_membox.o(i.rt_alloc_box)
    rt_alloc_mem                             0x0800c06d   Thumb Code    62  rt_memory.o(i.rt_alloc_mem)
    rt_block                                 0x0800c0ad   Thumb Code    48  rt_task.o(i.rt_block)
    rt_chk_robin                             0x0800c0e5   Thumb Code    60  rt_robin.o(i.rt_chk_robin)
    rt_dec_dly                               0x0800c12d   Thumb Code   102  rt_list.o(i.rt_dec_dly)
    rt_dispatch                              0x0800c19d   Thumb Code    60  rt_task.o(i.rt_dispatch)
    rt_dly_wait                              0x0800c1e1   Thumb Code     6  rt_time.o(i.rt_dly_wait)
    rt_evt_clr                               0x0800c1e9   Thumb Code    22  rt_event.o(i.rt_evt_clr)
    rt_evt_psh                               0x0800c205   Thumb Code    76  rt_event.o(i.rt_evt_psh)
    rt_evt_set                               0x0800c255   Thumb Code    88  rt_event.o(i.rt_evt_set)
    rt_evt_wait                              0x0800c2b1   Thumb Code    56  rt_event.o(i.rt_evt_wait)
    rt_free_box                              0x0800c2ed   Thumb Code    44  rt_membox.o(i.rt_free_box)
    rt_free_mem                              0x0800c319   Thumb Code    40  rt_memory.o(i.rt_free_mem)
    rt_get_first                             0x0800c341   Thumb Code    40  rt_list.o(i.rt_get_first)
    rt_get_same_rdy_prio                     0x0800c369   Thumb Code    26  rt_list.o(i.rt_get_same_rdy_prio)
    rt_init_mem                              0x0800c3dd   Thumb Code    26  rt_memory.o(i.rt_init_mem)
    rt_init_robin                            0x0800c3f9   Thumb Code    14  rt_robin.o(i.rt_init_robin)
    rt_init_stack                            0x0800c411   Thumb Code   118  hal_cm.o(i.rt_init_stack)
    rt_mbx_check                             0x0800c491   Thumb Code     8  rt_mailbox.o(i.rt_mbx_check)
    rt_mbx_init                              0x0800c499   Thumb Code    26  rt_mailbox.o(i.rt_mbx_init)
    rt_mbx_psh                               0x0800c4b5   Thumb Code   236  rt_mailbox.o(i.rt_mbx_psh)
    rt_mbx_wait                              0x0800c5a5   Thumb Code   174  rt_mailbox.o(i.rt_mbx_wait)
    rt_mut_release                           0x0800c69d   Thumb Code   208  rt_mutex.o(i.rt_mut_release)
    rt_mut_wait                              0x0800c775   Thumb Code   100  rt_mutex.o(i.rt_mut_wait)
    rt_pop_req                               0x0800c7dd   Thumb Code   112  rt_system.o(i.rt_pop_req)
    rt_psh_req                               0x0800c859   Thumb Code    22  rt_system.o(i.rt_psh_req)
    rt_psq_enq                               0x0800c879   Thumb Code    88  rt_list.o(i.rt_psq_enq)
    rt_put_dly                               0x0800c8d5   Thumb Code    68  rt_list.o(i.rt_put_dly)
    rt_put_prio                              0x0800c91d   Thumb Code    54  rt_list.o(i.rt_put_prio)
    rt_put_rdy_first                         0x0800c955   Thumb Code    14  rt_list.o(i.rt_put_rdy_first)
    rt_resort_prio                           0x0800c969   Thumb Code    46  rt_list.o(i.rt_resort_prio)
    rt_ret_val                               0x0800c9ad   Thumb Code    12  hal_cm.o(i.rt_ret_val)
    rt_ret_val2                              0x0800c9b9   Thumb Code    16  hal_cm.o(i.rt_ret_val2)
    rt_rmv_dly                               0x0800c9c9   Thumb Code    40  rt_list.o(i.rt_rmv_dly)
    rt_rmv_list                              0x0800c9f1   Thumb Code    44  rt_list.o(i.rt_rmv_list)
    rt_sem_psh                               0x0800ca21   Thumb Code    48  rt_semaphore.o(i.rt_sem_psh)
    rt_stk_check                             0x0800ca55   Thumb Code    28  rt_system.o(i.rt_stk_check)
    rt_switch_req                            0x0800ca79   Thumb Code    30  rt_task.o(i.rt_switch_req)
    rt_sys_init                              0x0800caa1   Thumb Code   138  rt_task.o(i.rt_sys_init)
    rt_sys_start                             0x0800cb6d   Thumb Code   110  rt_task.o(i.rt_sys_start)
    rt_systick                               0x0800cbe5   Thumb Code    50  rt_system.o(i.rt_systick)
    rt_tsk_create                            0x0800cca9   Thumb Code   118  rt_task.o(i.rt_tsk_create)
    rt_tsk_delete                            0x0800cd31   Thumb Code   352  rt_task.o(i.rt_tsk_delete)
    rt_tsk_pass                              0x0800cead   Thumb Code    38  rt_task.o(i.rt_tsk_pass)
    rt_tsk_prio                              0x0800cedd   Thumb Code   108  rt_task.o(i.rt_tsk_prio)
    rt_tsk_self                              0x0800cf59   Thumb Code    12  rt_task.o(i.rt_tsk_self)
    svcDelay                                 0x0800cf69   Thumb Code    18  rt_cmsis.o(i.svcDelay)
    svcKernelInitialize                      0x0800cf7d   Thumb Code    80  rt_cmsis.o(i.svcKernelInitialize)
    svcKernelStart                           0x0800cfed   Thumb Code    62  rt_cmsis.o(i.svcKernelStart)
    svcMessageCreate                         0x0800d035   Thumb Code    36  rt_cmsis.o(i.svcMessageCreate)
    svcMessageGet                            0x0800d059   Thumb Code    58  rt_cmsis.o(i.svcMessageGet)
    svcSignalClear                           0x0800d093   Thumb Code    36  rt_cmsis.o(i.svcSignalClear)
    svcSignalSet                             0x0800d0b7   Thumb Code    36  rt_cmsis.o(i.svcSignalSet)
    svcSignalWait                            0x0800d0dd   Thumb Code    80  rt_cmsis.o(i.svcSignalWait)
    svcThreadCreate                          0x0800d131   Thumb Code   100  rt_cmsis.o(i.svcThreadCreate)
    svcThreadGetId                           0x0800d1a1   Thumb Code    22  rt_cmsis.o(i.svcThreadGetId)
    svcThreadTerminate                       0x0800d1bd   Thumb Code    50  rt_cmsis.o(i.svcThreadTerminate)
    svcThreadYield                           0x0800d1f5   Thumb Code    10  rt_cmsis.o(i.svcThreadYield)
    svcTimerCall                             0x0800d1ff   Thumb Code    24  rt_cmsis.o(i.svcTimerCall)
    svcTimerCreate                           0x0800d219   Thumb Code    52  rt_cmsis.o(i.svcTimerCreate)
    svcTimerStart                            0x0800d251   Thumb Code    96  rt_cmsis.o(i.svcTimerStart)
    sysTimerTick                             0x0800d2b5   Thumb Code    84  rt_cmsis.o(i.sysTimerTick)
    _get_lc_numeric                          0x0800d311   Thumb Code    44  lc_numeric_c.o(locale$$code)
    _get_lc_ctype                            0x0800d33d   Thumb Code    44  lc_ctype_c.o(locale$$code)
    __fpl_dretinf                            0x0800d369   Thumb Code    12  dretinf.o(x$fpl$dretinf)
    __aeabi_f2d                              0x0800d375   Thumb Code     0  f2d.o(x$fpl$f2d)
    _f2d                                     0x0800d375   Thumb Code    86  f2d.o(x$fpl$f2d)
    __fpl_fnaninf                            0x0800d3cb   Thumb Code   140  fnaninf.o(x$fpl$fnaninf)
    _fp_init                                 0x0800d457   Thumb Code    10  fpinit.o(x$fpl$fpinit)
    __fplib_config_fpu_vfp                   0x0800d45f   Thumb Code     0  fpinit.o(x$fpl$fpinit)
    __fplib_config_pureend_doubles           0x0800d45f   Thumb Code     0  fpinit.o(x$fpl$fpinit)
    _printf_fp_dec                           0x0800d461   Thumb Code     4  printf1.o(x$fpl$printf1)
    __I$use$fp                               0x0800d464   Number         0  usenofp.o(x$fpl$usenofp)
    os_thread_def_MainThread                 0x0800d464   Data          16  mainthread.o(.constdata)
    os_thread_def_MainSPI_Thread             0x0800d474   Data          16  spithread.o(.constdata)
    os_thread_def_WiFiThread                 0x0800d484   Data          16  wifithread.o(.constdata)
    os_thread_def_UserWiFiThread             0x0800d494   Data          16  wifithread.o(.constdata)
    os_timer_def_Timer2                      0x0800d4a4   Data           8  lasertimer.o(.constdata)
    convert_T                                0x0800d4ac   Data          16  ds18b20.o(.constdata)
    read_scratch                             0x0800d4bc   Data          32  ds18b20.o(.constdata)
    sine_sound_128                           0x0800d4dc   Data         256  lasermisc.o(.constdata)
    sine_sound_64                            0x0800d5dc   Data         128  lasermisc.o(.constdata)
    os_maxtaskrun                            0x0800d65c   Data           2  rtx_conf_cm.o(.constdata)
    os_stackinfo                             0x0800d660   Data           4  rtx_conf_cm.o(.constdata)
    os_rrobin                                0x0800d664   Data           4  rtx_conf_cm.o(.constdata)
    os_tickfreq                              0x0800d668   Data           4  rtx_conf_cm.o(.constdata)
    os_tickus_i                              0x0800d66c   Data           2  rtx_conf_cm.o(.constdata)
    os_tickus_f                              0x0800d66e   Data           2  rtx_conf_cm.o(.constdata)
    os_trv                                   0x0800d670   Data           4  rtx_conf_cm.o(.constdata)
    os_flags                                 0x0800d674   Data           1  rtx_conf_cm.o(.constdata)
    CMSIS_RTOS_API_Version                   0x0800d678   Data           4  rtx_conf_cm.o(.constdata)
    CMSIS_RTOS_RTX_Version                   0x0800d67c   Data           4  rtx_conf_cm.o(.constdata)
    os_clockrate                             0x0800d680   Data           4  rtx_conf_cm.o(.constdata)
    os_timernum                              0x0800d684   Data           4  rtx_conf_cm.o(.constdata)
    mp_tcb_size                              0x0800d688   Data           2  rtx_conf_cm.o(.constdata)
    mp_stk_size                              0x0800d68c   Data           4  rtx_conf_cm.o(.constdata)
    os_stack_sz                              0x0800d690   Data           4  rtx_conf_cm.o(.constdata)
    os_fifo_size                             0x0800d694   Data           1  rtx_conf_cm.o(.constdata)
    os_thread_def_osTimerThread              0x0800d698   Data          16  rtx_conf_cm.o(.constdata)
    os_messageQ_def_osTimerMessageQ          0x0800d6a8   Data           8  rtx_conf_cm.o(.constdata)
    mp_tmr_size                              0x0800d6b0   Data           2  rtx_conf_cm.o(.constdata)
    os_thread_def_main                       0x0800d6b4   Data          16  rtx_conf_cm.o(.constdata)
    Driver_SPI2                              0x0800d71c   Data          44  spi_stm32f4xx.o(.constdata)
    Driver_USART3                            0x0800d814   Data          56  usart_stm32f4xx.o(.constdata)
    Driver_USART6                            0x0800d84c   Data          56  usart_stm32f4xx.o(.constdata)
    EventRecorderInfo                        0x0800d884   Data          16  eventrecorder.o(.constdata)
    APBAHBPrescTable                         0x0800d89c   Data          16  stm32f4xx_hal_rcc.o(.constdata)
    AHBPrescTable                            0x0800d8ac   Data          16  system_stm32f4xx.o(.constdata)
    Region$$Table$$Base                      0x0800d950   Number         0  anon$$obj.o(Region$$Table)
    Region$$Table$$Limit                     0x0800d970   Number         0  anon$$obj.o(Region$$Table)
    __ctype                                  0x0800d999   Data           0  lc_ctype_c.o(locale$$data)
    global_flash_data                        0x20000000   Data           4  globalvariables.o(.data)
    g_wDGUSTimeout                           0x20000004   Data           2  globalvariables.o(.data)
    m_wMillSec                               0x20000006   Data           2  globalvariables.o(.data)
    m_wSeconds                               0x20000008   Data           2  globalvariables.o(.data)
    m_wMinutes                               0x2000000a   Data           2  globalvariables.o(.data)
    m_wSetSec                                0x2000000c   Data           2  globalvariables.o(.data)
    m_wSetMin                                0x2000000e   Data           2  globalvariables.o(.data)
    temperature_cool_on                      0x20000010   Data           4  globalvariables.o(.data)
    temperature_cool_off                     0x20000014   Data           4  globalvariables.o(.data)
    temperature_overheat                     0x20000018   Data           4  globalvariables.o(.data)
    temperature_overheat_solidstate          0x2000001c   Data           4  globalvariables.o(.data)
    temperature_normal                       0x20000020   Data           4  globalvariables.o(.data)
    flow_low                                 0x20000024   Data           4  globalvariables.o(.data)
    flow_normal                              0x20000028   Data           4  globalvariables.o(.data)
    password                                 0x2000002c   Data           6  globalvariables.o(.data)
    temperature                              0x20000034   Data           4  globalvariables.o(.data)
    flow1                                    0x20000038   Data           4  globalvariables.o(.data)
    flow2                                    0x2000003c   Data           4  globalvariables.o(.data)
    VoltageMonitor                           0x20000040   Data           4  globalvariables.o(.data)
    CurrentMonitor                           0x20000044   Data           4  globalvariables.o(.data)
    LaserID                                  0x20000048   Data           1  globalvariables.o(.data)
    pic_id                                   0x2000004a   Data           2  globalvariables.o(.data)
    g_peltier_en                             0x2000004c   Data           1  globalvariables.o(.data)
    prepare                                  0x2000004d   Data           1  globalvariables.o(.data)
    RemoteControl                            0x2000004e   Data           1  globalvariables.o(.data)
    LaserStarted                             0x2000004f   Data           1  globalvariables.o(.data)
    SolidStateLaser_en                       0x20000050   Data           1  globalvariables.o(.data)
    DiodeLaser_en                            0x20000051   Data           1  globalvariables.o(.data)
    DiodeLaserOnePulse_en                    0x20000052   Data           1  globalvariables.o(.data)
    subFlushes                               0x20000054   Data           2  globalvariables.o(.data)
    subFlushesCount                          0x20000056   Data           2  globalvariables.o(.data)
    Flushes                                  0x20000058   Data           4  globalvariables.o(.data)
    FlushesCount                             0x2000005c   Data           4  globalvariables.o(.data)
    FlushesSessionLD                         0x20000060   Data           4  globalvariables.o(.data)
    FlushesGlobalLD                          0x20000064   Data           4  globalvariables.o(.data)
    FlushesSessionSS                         0x20000068   Data           4  globalvariables.o(.data)
    FlushesGlobalSS                          0x2000006c   Data           4  globalvariables.o(.data)
    switch_filter_threshold                  0x20000070   Data           2  globalvariables.o(.data)
    switch_filter                            0x20000072   Data           2  globalvariables.o(.data)
    footswitch_en                            0x20000074   Data           1  globalvariables.o(.data)
    footswitch_on                            0x20000075   Data           1  globalvariables.o(.data)
    MinDurationTable                         0x20000076   Data          22  globalvariables.o(.data)
    MaxDurationTable                         0x2000008c   Data          22  globalvariables.o(.data)
    TableNum                                 0x200000a2   Data          22  globalvariables.o(.data)
    EnergyTable                              0x200000b8   Data         220  globalvariables.o(.data)
    step_table                               0x20000194   Data          20  globalvariables.o(.data)
    Profile                                  0x200001a8   Data           1  globalvariables.o(.data)
    frameData_Password                       0x200001a9   Data           6  passwordframe.o(.data)
    modeDurationTable                        0x200001b0   Data          20  solidstatelaserinputframe.o(.data)
    modeVoltageTable                         0x200001c4   Data          20  solidstatelaserinputframe.o(.data)
    modeEnergyTable                          0x200001d8   Data          20  solidstatelaserinputframe.o(.data)
    programI                                 0x200001ec   Data           4  solidstatelaserinputframe.o(.data)
    chargingVoltage                          0x200001f0   Data           4  solidstatelaserinputframe.o(.data)
    tid_MainThread                           0x200001f8   Data           4  mainthread.o(.data)
    laser_state                              0x200001fc   Data           6  mainthread.o(.data)
    tid_MainSPI_Thread                       0x20000204   Data           4  spithread.o(.data)
    wait                                     0x20000208   Data           1  spithread.o(.data)
    dac_cs                                   0x20000209   Data           1  spithread.o(.data)
    adc1_cs                                  0x2000020a   Data           1  spithread.o(.data)
    adc2_cs                                  0x2000020b   Data           1  spithread.o(.data)
    AT                                       0x2000020c   Data           6  wifithread.o(.data)
    AT_CFUN                                  0x20000212   Data          11  wifithread.o(.data)
    AT_S_HELP                                0x2000021d   Data          13  wifithread.o(.data)
    AT_S_GCFG                                0x2000022a   Data          10  wifithread.o(.data)
    AT_S_SCFG                                0x20000234   Data          13  wifithread.o(.data)
    AT_S_SSIDTXT                             0x20000241   Data          16  wifithread.o(.data)
    AT_V                                     0x20000251   Data           8  wifithread.o(.data)
    AT_F                                     0x20000259   Data           8  wifithread.o(.data)
    AT_W                                     0x20000261   Data           8  wifithread.o(.data)
    AT_S_NVW                                 0x20000269   Data          12  wifithread.o(.data)
    AT_S_STS                                 0x20000275   Data          12  wifithread.o(.data)
    AT_S_PEERS                               0x20000281   Data          14  wifithread.o(.data)
    AT_S_PING                                0x2000028f   Data          13  wifithread.o(.data)
    AT_S_SOCKON                              0x2000029c   Data          15  wifithread.o(.data)
    AT_S_SOCKOS                              0x200002ab   Data          15  wifithread.o(.data)
    AT_S_SOCKW                               0x200002ba   Data          14  wifithread.o(.data)
    AT_S_SOCKQ                               0x200002c8   Data          14  wifithread.o(.data)
    AT_S_SOCKR                               0x200002d6   Data          14  wifithread.o(.data)
    AT_S_SOCKC                               0x200002e4   Data          14  wifithread.o(.data)
    AT_S_SOCKD                               0x200002f2   Data          14  wifithread.o(.data)
    AT_S_                                    0x20000300   Data           9  wifithread.o(.data)
    AT_S_HTTPGET                             0x20000309   Data          16  wifithread.o(.data)
    AT_S_HTTPPOST                            0x20000319   Data          17  wifithread.o(.data)
    AT_S_FSC                                 0x2000032a   Data          12  wifithread.o(.data)
    AT_S_FSA                                 0x20000336   Data          12  wifithread.o(.data)
    AT_S_FSD                                 0x20000342   Data          12  wifithread.o(.data)
    AT_S_FSL                                 0x2000034e   Data          12  wifithread.o(.data)
    AT_S_FSP                                 0x2000035a   Data          12  wifithread.o(.data)
    AT_S_MFGTEST                             0x20000366   Data          16  wifithread.o(.data)
    AT_S_PEMDATA                             0x20000376   Data          16  wifithread.o(.data)
    AT_S_WIFI                                0x20000386   Data          13  wifithread.o(.data)
    AT_S_ROAM                                0x20000393   Data          13  wifithread.o(.data)
    AT_S_GPIOC                               0x200003a0   Data          14  wifithread.o(.data)
    AT_S_GPIOR                               0x200003ae   Data          14  wifithread.o(.data)
    AT_S_GPIOW                               0x200003bc   Data          14  wifithread.o(.data)
    AT_S_FWUPDATE                            0x200003ca   Data          17  wifithread.o(.data)
    AT_S_HTTPDFSUPDATE                       0x200003db   Data          22  wifithread.o(.data)
    AT_S_HTTPDFSERASE                        0x200003f1   Data          22  wifithread.o(.data)
    AT_S_HTTPD                               0x20000407   Data          14  wifithread.o(.data)
    AT_S_SCAN                                0x20000415   Data          13  wifithread.o(.data)
    AT_S_ADC                                 0x20000422   Data          12  wifithread.o(.data)
    AT_S_DAC                                 0x2000042e   Data          12  wifithread.o(.data)
    AT_S_PWM                                 0x2000043a   Data          12  wifithread.o(.data)
    AT_S_TLSCERT                             0x20000446   Data          16  wifithread.o(.data)
    AT_S_TLSCERT2                            0x20000456   Data          17  wifithread.o(.data)
    AT_S_TLSDOMAIN                           0x20000467   Data          18  wifithread.o(.data)
    AT_S_SETTIME                             0x20000479   Data          16  wifithread.o(.data)
    AT_S_RMPEER                              0x20000489   Data          15  wifithread.o(.data)
    AT_S_HTTPREQ                             0x20000498   Data          16  wifithread.o(.data)
    AT_S_FSR                                 0x200004a8   Data          12  wifithread.o(.data)
    AT_S_HTTPDFSWRITE                        0x200004b4   Data          22  wifithread.o(.data)
    WiFi_State_CommandMode                   0x200004ca   Data           1  wifithread.o(.data)
    buffer_tx                                0x200004cc   Data           4  wifithread.o(.data)
    frame_offset                             0x200004d0   Data           2  wifithread.o(.data)
    frame_pos                                0x200004d4   Data           4  wifithread.o(.data)
    frame_read                               0x200004d8   Data           2  wifithread.o(.data)
    frame_write                              0x200004dc   Data           4  wifithread.o(.data)
    tid_WiFiThread                           0x200004e0   Data           4  wifithread.o(.data)
    tid_UserWiFiThread                       0x200004e4   Data           4  wifithread.o(.data)
    recv_complete                            0x200004f0   Data           1  ds18b20.o(.data)
    osThreadId_osTimerThread                 0x200004f4   Data           4  rtx_conf_cm.o(.data)
    osMessageQId_osTimerMessageQ             0x200004f8   Data           4  rtx_conf_cm.o(.data)
    os_tmr                                   0x200004fc   Data           4  rtx_conf_cm.o(.data)
    m_tmr                                    0x20000500   Data           4  rtx_conf_cm.o(.data)
    SystemCoreClock                          0x20000520   Data           4  system_stm32f4xx.o(.data)
    os_initialized                           0x20000524   Data           1  rt_cmsis.o(.data)
    os_running                               0x20000525   Data           1  rt_cmsis.o(.data)
    os_timer_head                            0x20000528   Data           4  rt_cmsis.o(.data)
    os_tsk                                   0x2000052c   Data           8  rt_task.o(.data)
    os_time                                  0x20000534   Data           4  rt_time.o(.data)
    os_tick_irqn                             0x2000053c   Data           4  rt_system.o(.data)
    os_robin                                 0x20000540   Data           8  rt_robin.o(.data)
    dbg_msg                                  0x20000548   Data           1  hal_cm.o(.data)
    frameData_LaserDiode                     0x20000550   Data          50  globalvariables.o(.bss)
    frameData_SolidStateLaser                0x20000582   Data          36  globalvariables.o(.bss)
    pstGUI                                   0x200005a6   Data         110  globalvariables.o(.bss)
    m_structLaserProfile                     0x20000614   Data          30  globalvariables.o(.bss)
    m_structLaserSettings                    0x20000632   Data          30  globalvariables.o(.bss)
    frameData_Service                        0x20000650   Data          34  serviceframe.o(.bss)
    frameData_ServiceDiode                   0x20000672   Data          26  serviceframediodelaser.o(.bss)
    ATRCV                                    0x2000068c   Data        2048  wifithread.o(.bss)
    token                                    0x20000e8c   Data         256  wifithread.o(.bss)
    tokenPtr                                 0x20000f8c   Data          40  wifithread.o(.bss)
    buffer_rx                                0x20000fb4   Data         256  wifithread.o(.bss)
    hTIM9                                    0x200010cc   Data          60  solidstatelaser.o(.bss)
    hTIM10                                   0x20001108   Data          60  solidstatelaser.o(.bss)
    hTIM11                                   0x20001144   Data          60  solidstatelaser.o(.bss)
    huart1                                   0x20001180   Data          64  dgus.o(.bss)
    dgus_buffer_tx                           0x200011c0   Data        1024  dgus.o(.bss)
    dgus_buffer_rx                           0x200015c0   Data        1024  dgus.o(.bss)
    t_buffer                                 0x200019c0   Data          32  ds18b20.o(.bss)
    init_uart_9600                           0x200019e0   Data          28  ds18b20.o(.bss)
    init_uart_115200                         0x200019fc   Data          28  ds18b20.o(.bss)
    huart                                    0x20001a18   Data          64  ds18b20.o(.bss)
    htim_flow1                               0x20001a58   Data          60  lasermisc.o(.bss)
    htim_flow2                               0x20001a94   Data          60  lasermisc.o(.bss)
    htim_cool                                0x20001ad0   Data          60  lasermisc.o(.bss)
    htim_speaker                             0x20001b0c   Data          60  lasermisc.o(.bss)
    hdma_speaker                             0x20001b48   Data          96  lasermisc.o(.bss)
    mp_tcb                                   0x20001ba8   Data         584  rtx_conf_cm.o(.bss)
    mp_stk                                   0x20001df0   Data       24592  rtx_conf_cm.o(.bss)
    os_stack_mem                             0x20007e00   Data       13376  rtx_conf_cm.o(.bss)
    os_fifo                                  0x2000b240   Data         132  rtx_conf_cm.o(.bss)
    os_active_TCB                            0x2000b2c4   Data          44  rtx_conf_cm.o(.bss)
    os_messageQ_q_osTimerMessageQ            0x2000b2f0   Data          32  rtx_conf_cm.o(.bss)
    pFlash                                   0x2000ded4   Data          32  stm32f4xx_hal_flash.o(.bss)
    os_idle_TCB                              0x2000def4   Data          52  rt_task.o(.bss)
    os_rdy                                   0x2000df28   Data          24  rt_list.o(.bss)
    os_dly                                   0x2000df40   Data          24  rt_list.o(.bss)
    __libspace_start                         0x2000df58   Data          96  libspace.o(.bss)
    __temporary_stack_top$libspace           0x2000dfb8   Data           0  libspace.o(.bss)



==============================================================================

Memory Map of the image

  Image Entry point : 0x08000189

  Load Region LR_IROM1 (Base: 0x08000000, Size: 0x0000dfec, Max: 0x00100000, ABSOLUTE, COMPRESSED[0x0000dcb0])

    Execution Region ER_IROM1 (Base: 0x08000000, Size: 0x0000da9c, Max: 0x00100000, ABSOLUTE)

    Base Addr    Size         Type   Attr      Idx    E Section Name        Object

    0x08000000   0x00000188   Data   RO         5033    RESET               startup_stm32f407xx.o
    0x08000188   0x00000008   Code   RO         6348  * !!!main             c_w.l(__main.o)
    0x08000190   0x00000034   Code   RO         6594    !!!scatter          c_w.l(__scatter.o)
    0x080001c4   0x0000005a   Code   RO         6592    !!dczerorl2         c_w.l(__dczerorl2.o)
    0x0800021e   0x00000002   PAD
    0x08000220   0x0000001c   Code   RO         6596    !!handler_zi        c_w.l(__scatter_zi.o)
    0x0800023c   0x00000000   Code   RO         6328    .ARM.Collect$$_printf_percent$$00000000  c_w.l(_printf_percent.o)
    0x0800023c   0x00000006   Code   RO         6327    .ARM.Collect$$_printf_percent$$00000003  c_w.l(_printf_f.o)
    0x08000242   0x00000004   Code   RO         6374    .ARM.Collect$$_printf_percent$$00000017  c_w.l(_printf_percent_end.o)
    0x08000246   0x00000002   Code   RO         6480    .ARM.Collect$$libinit$$00000000  c_w.l(libinit.o)
    0x08000248   0x00000004   Code   RO         6481    .ARM.Collect$$libinit$$00000001  c_w.l(libinit2.o)
    0x0800024c   0x00000000   Code   RO         6484    .ARM.Collect$$libinit$$00000004  c_w.l(libinit2.o)
    0x0800024c   0x00000000   Code   RO         6487    .ARM.Collect$$libinit$$0000000A  c_w.l(libinit2.o)
    0x0800024c   0x00000000   Code   RO         6489    .ARM.Collect$$libinit$$0000000C  c_w.l(libinit2.o)
    0x0800024c   0x00000000   Code   RO         6491    .ARM.Collect$$libinit$$0000000E  c_w.l(libinit2.o)
    0x0800024c   0x00000006   Code   RO         6492    .ARM.Collect$$libinit$$0000000F  c_w.l(libinit2.o)
    0x08000252   0x00000000   Code   RO         6494    .ARM.Collect$$libinit$$00000011  c_w.l(libinit2.o)
    0x08000252   0x0000000c   Code   RO         6495    .ARM.Collect$$libinit$$00000012  c_w.l(libinit2.o)
    0x0800025e   0x00000000   Code   RO         6496    .ARM.Collect$$libinit$$00000013  c_w.l(libinit2.o)
    0x0800025e   0x00000000   Code   RO         6498    .ARM.Collect$$libinit$$00000015  c_w.l(libinit2.o)
    0x0800025e   0x0000000a   Code   RO         6499    .ARM.Collect$$libinit$$00000016  c_w.l(libinit2.o)
    0x08000268   0x00000000   Code   RO         6500    .ARM.Collect$$libinit$$00000017  c_w.l(libinit2.o)
    0x08000268   0x00000000   Code   RO         6502    .ARM.Collect$$libinit$$00000019  c_w.l(libinit2.o)
    0x08000268   0x00000000   Code   RO         6504    .ARM.Collect$$libinit$$0000001B  c_w.l(libinit2.o)
    0x08000268   0x00000000   Code   RO         6506    .ARM.Collect$$libinit$$0000001D  c_w.l(libinit2.o)
    0x08000268   0x00000000   Code   RO         6508    .ARM.Collect$$libinit$$0000001F  c_w.l(libinit2.o)
    0x08000268   0x00000000   Code   RO         6510    .ARM.Collect$$libinit$$00000021  c_w.l(libinit2.o)
    0x08000268   0x00000000   Code   RO         6512    .ARM.Collect$$libinit$$00000023  c_w.l(libinit2.o)
    0x08000268   0x00000000   Code   RO         6514    .ARM.Collect$$libinit$$00000025  c_w.l(libinit2.o)
    0x08000268   0x00000000   Code   RO         6518    .ARM.Collect$$libinit$$0000002C  c_w.l(libinit2.o)
    0x08000268   0x00000000   Code   RO         6520    .ARM.Collect$$libinit$$0000002E  c_w.l(libinit2.o)
    0x08000268   0x00000000   Code   RO         6522    .ARM.Collect$$libinit$$00000030  c_w.l(libinit2.o)
    0x08000268   0x00000000   Code   RO         6524    .ARM.Collect$$libinit$$00000032  c_w.l(libinit2.o)
    0x08000268   0x00000002   Code   RO         6525    .ARM.Collect$$libinit$$00000033  c_w.l(libinit2.o)
    0x0800026a   0x00000002   Code   RO         6526    .ARM.Collect$$libshutdown$$00000000  c_w.l(libshutdown.o)
    0x0800026c   0x00000000   Code   RO         6539    .ARM.Collect$$libshutdown$$00000002  c_w.l(libshutdown2.o)
    0x0800026c   0x00000000   Code   RO         6541    .ARM.Collect$$libshutdown$$00000004  c_w.l(libshutdown2.o)
    0x0800026c   0x00000000   Code   RO         6544    .ARM.Collect$$libshutdown$$00000007  c_w.l(libshutdown2.o)
    0x0800026c   0x00000000   Code   RO         6547    .ARM.Collect$$libshutdown$$0000000A  c_w.l(libshutdown2.o)
    0x0800026c   0x00000000   Code   RO         6549    .ARM.Collect$$libshutdown$$0000000C  c_w.l(libshutdown2.o)
    0x0800026c   0x00000000   Code   RO         6552    .ARM.Collect$$libshutdown$$0000000F  c_w.l(libshutdown2.o)
    0x0800026c   0x00000002   Code   RO         6553    .ARM.Collect$$libshutdown$$00000010  c_w.l(libshutdown2.o)
    0x0800026e   0x00000000   Code   RO         6354    .ARM.Collect$$rtentry$$00000000  c_w.l(__rtentry.o)
    0x0800026e   0x00000000   Code   RO         6385    .ARM.Collect$$rtentry$$00000002  c_w.l(__rtentry2.o)
    0x0800026e   0x00000006   Code   RO         6397    .ARM.Collect$$rtentry$$00000004  c_w.l(__rtentry4.o)
    0x08000274   0x00000000   Code   RO         6387    .ARM.Collect$$rtentry$$00000009  c_w.l(__rtentry2.o)
    0x08000274   0x00000004   Code   RO         6388    .ARM.Collect$$rtentry$$0000000A  c_w.l(__rtentry2.o)
    0x08000278   0x00000008   Code   RO         6389    .ARM.Collect$$rtentry$$0000000B  c_w.l(__rtentry2.o)
    0x08000280   0x00000008   Code   RO         6391    .ARM.Collect$$rtentry$$0000000D  c_w.l(__rtentry2.o)
    0x08000288   0x00000002   Code   RO         6355    .ARM.Collect$$rtexit$$00000000  c_w.l(rtexit.o)
    0x0800028a   0x00000000   Code   RO         6400    .ARM.Collect$$rtexit$$00000002  c_w.l(rtexit2.o)
    0x0800028a   0x00000004   Code   RO         6401    .ARM.Collect$$rtexit$$00000003  c_w.l(rtexit2.o)
    0x0800028e   0x00000006   Code   RO         6402    .ARM.Collect$$rtexit$$00000004  c_w.l(rtexit2.o)
    0x08000294   0x0000001c   Code   RO         1413    .emb_text           rtx_conf_cm.o
    0x080002b0   0x00000198   Code   RO         6281    .emb_text           RTX_CM4.lib(hal_cm4.o)
    0x08000448   0x00000040   Code   RO         5034    .text               startup_stm32f407xx.o
    0x08000488   0x00000008   Code   RO         6296    .text               c_w.l(libspace.o)
    0x08000490   0x000000ee   Code   RO         6299    .text               c_w.l(lludivv7m.o)
    0x0800057e   0x00000002   PAD
    0x08000580   0x00000028   Code   RO         6303    .text               c_w.l(noretval__2sprintf.o)
    0x080005a8   0x00000068   Code   RO         6305    .text               c_w.l(__printf.o)
    0x08000610   0x0000001a   Code   RO         6329    .text               c_w.l(atol.o)
    0x0800062a   0x00000012   Code   RO         6331    .text               c_w.l(exit.o)
    0x0800063c   0x0000000c   Code   RO         6333    .text               c_w.l(strtok.o)
    0x08000648   0x0000003e   Code   RO         6336    .text               c_w.l(strlen.o)
    0x08000686   0x0000008a   Code   RO         6338    .text               c_w.l(rt_memcpy_v6.o)
    0x08000710   0x00000064   Code   RO         6340    .text               c_w.l(rt_memcpy_w.o)
    0x08000774   0x0000004e   Code   RO         6342    .text               c_w.l(rt_memclr_w.o)
    0x080007c2   0x00000002   PAD
    0x080007c4   0x00000080   Code   RO         6344    .text               c_w.l(strcmpv7m.o)
    0x08000844   0x00000006   Code   RO         6346    .text               c_w.l(heapauxi.o)
    0x0800084a   0x00000004   Code   RO         6366    .text               c_w.l(rt_errno_addr_twolibspace.o)
    0x0800084e   0x0000041a   Code   RO         6368    .text               c_w.l(_printf_fp_dec.o)
    0x08000c68   0x00000030   Code   RO         6370    .text               c_w.l(_printf_char_common.o)
    0x08000c98   0x0000000a   Code   RO         6372    .text               c_w.l(_sputc.o)
    0x08000ca2   0x00000070   Code   RO         6375    .text               c_w.l(strtol.o)
    0x08000d12   0x00000002   PAD
    0x08000d14   0x00000044   Code   RO         6377    .text               c_w.l(strtok_int.o)
    0x08000d58   0x00000010   Code   RO         6406    .text               c_w.l(rt_ctype_table.o)
    0x08000d68   0x0000000a   Code   RO         6415    .text               c_w.l(rt_locale_twolibspace.o)
    0x08000d72   0x0000008a   Code   RO         6417    .text               c_w.l(lludiv10.o)
    0x08000dfc   0x00000080   Code   RO         6419    .text               c_w.l(_printf_fp_infnan.o)
    0x08000e7c   0x0000009e   Code   RO         6423    .text               c_w.l(_strtoul.o)
    0x08000f1a   0x00000002   PAD
    0x08000f1c   0x000000dc   Code   RO         6425    .text               c_w.l(bigflt0.o)
    0x08000ff8   0x00000020   Code   RO         6453    .text               c_w.l(strcspn.o)
    0x08001018   0x0000001c   Code   RO         6455    .text               c_w.l(strspn.o)
    0x08001034   0x0000000c   Code   RO         6461    .text               c_w.l(sys_exit.o)
    0x08001040   0x0000004a   Code   RO         6463    .text               c_w.l(sys_stackheap_outer.o)
    0x0800108a   0x0000001c   Code   RO         6465    .text               c_w.l(_chval.o)
    0x080010a6   0x00000002   Code   RO         6527    .text               c_w.l(use_no_semi.o)
    0x080010a8   0x00000000   Code   RO         6529    .text               c_w.l(indicate_semi.o)
    0x080010a8   0x0000003e   Code   RO         6428    CL$$btod_d2e        c_w.l(btod.o)
    0x080010e6   0x00000046   Code   RO         6430    CL$$btod_d2e_denorm_low  c_w.l(btod.o)
    0x0800112c   0x00000060   Code   RO         6429    CL$$btod_d2e_norm_op1  c_w.l(btod.o)
    0x0800118c   0x00000338   Code   RO         6438    CL$$btod_div_common  c_w.l(btod.o)
    0x080014c4   0x000000c6   Code   RO         6435    CL$$btod_e2e        c_w.l(btod.o)
    0x0800158a   0x00000028   Code   RO         6432    CL$$btod_ediv       c_w.l(btod.o)
    0x080015b2   0x00000028   Code   RO         6431    CL$$btod_emul       c_w.l(btod.o)
    0x080015da   0x00000244   Code   RO         6437    CL$$btod_mult_common  c_w.l(btod.o)
    0x0800181e   0x00000002   PAD
    0x08001820   0x00000004   Code   RO         6291    SVC_TABLE           RTX_CM4.lib(svc_table.o)
    0x08001824   0x0000001c   Code   RO          850    i.AsyncSendAT       wifithread.o
    0x08001840   0x00000004   Code   RO          199    i.BusFault_Handler  stm32f4xx_it.o
    0x08001844   0x000001c0   Code   RO          344    i.CalculateAllSteps  globalvariables.o
    0x08001a04   0x000000b0   Code   RO          345    i.CalculateDurationSteps  globalvariables.o
    0x08001ab4   0x000000bc   Code   RO          346    i.CalculateEnergySteps  globalvariables.o
    0x08001b70   0x00000364   Code   RO          347    i.CheckLimits       globalvariables.o
    0x08001ed4   0x000000d0   Code   RO          348    i.CheckLimitsFastMode  globalvariables.o
    0x08001fa4   0x000000b8   Code   RO         1314    i.CoolInit          lasermisc.o
    0x0800205c   0x00000018   Code   RO         1315    i.CoolOff           lasermisc.o
    0x08002074   0x0000000c   Code   RO         1316    i.CoolOn            lasermisc.o
    0x08002080   0x00000028   Code   RO         1317    i.CoolSet           lasermisc.o
    0x080020a8   0x0000006c   Code   RO          851    i.CopyWhileNotEnd   wifithread.o
    0x08002114   0x00000014   Code   RO         1835    i.DMA2_Stream1_IRQHandler  usart_stm32f4xx.o
    0x08002128   0x00000014   Code   RO         1836    i.DMA2_Stream6_IRQHandler  usart_stm32f4xx.o
    0x0800213c   0x00000034   Code   RO         2621    i.DMA_CalcBaseAndBitshift  stm32f4xx_hal_dma.o
    0x08002170   0x000000ba   Code   RO         2622    i.DMA_CheckFifoParam  stm32f4xx_hal_dma.o
    0x0800222a   0x0000002c   Code   RO         2623    i.DMA_SetConfig     stm32f4xx_hal_dma.o
    0x08002256   0x00000002   PAD
    0x08002258   0x0000005c   Code   RO         1257    i.DS18B20_ReadData  ds18b20.o
    0x080022b4   0x0000008c   Code   RO         1258    i.DS18B20_Reset     ds18b20.o
    0x08002340   0x00000038   Code   RO         1259    i.DS18B20_StartConvertion  ds18b20.o
    0x08002378   0x00000044   Code   RO         1260    i.DS18B20_USART_callback  ds18b20.o
    0x080023bc   0x00000002   Code   RO          200    i.DebugMon_Handler  stm32f4xx_it.o
    0x080023be   0x00000002   PAD
    0x080023c0   0x0000003c   Code   RO          991    i.DiodeControlOnePulseStart  solidstatelaser.o
    0x080023fc   0x000000c8   Code   RO          992    i.DiodeControlPulseStart  solidstatelaser.o
    0x080024c4   0x00000070   Code   RO          993    i.DiodeControlPulseStop  solidstatelaser.o
    0x08002534   0x00000038   Code   RO          723    i.DiodeLaserOff     mainthread.o
    0x0800256c   0x00000058   Code   RO         1535    i.ETH_IRQHandler    emac_stm32f4xx.o
    0x080025c4   0x0000000a   Code   RO          201    i.EXTI0_IRQHandler  stm32f4xx_it.o
    0x080025ce   0x0000001c   Code   RO          202    i.EXTI15_10_IRQHandler  stm32f4xx_it.o
    0x080025ea   0x0000000a   Code   RO          203    i.EXTI1_IRQHandler  stm32f4xx_it.o
    0x080025f4   0x0000000a   Code   RO          204    i.EXTI3_IRQHandler  stm32f4xx_it.o
    0x080025fe   0x0000000a   Code   RO          205    i.EXTI4_IRQHandler  stm32f4xx_it.o
    0x08002608   0x00000184   Code   RO         1684    i.Enable_GPIO_Clock  spi_stm32f4xx.o
    0x0800278c   0x00000184   Code   RO         1837    i.Enable_GPIO_Clock  usart_stm32f4xx.o
    0x08002910   0x00000004   Code   RO            4    i.Error_Handler     main.o
    0x08002914   0x00000068   Code   RO         2886    i.FLASH_Erase_Sector  stm32f4xx_hal_flash_ex.o
    0x0800297c   0x00000078   Code   RO         2887    i.FLASH_FlushCaches  stm32f4xx_hal_flash_ex.o
    0x080029f4   0x00000030   Code   RO         2888    i.FLASH_MassErase   stm32f4xx_hal_flash_ex.o
    0x08002a24   0x000000b4   Code   RO         2772    i.FLASH_SetErrorCode  stm32f4xx_hal_flash.o
    0x08002ad8   0x00000070   Code   RO         2773    i.FLASH_WaitForLastOperation  stm32f4xx_hal_flash.o
    0x08002b48   0x000000e0   Code   RO         1318    i.FlowInit          lasermisc.o
    0x08002c28   0x0000003c   Code   RO         1319    i.GetLaserID        lasermisc.o
    0x08002c64   0x00000040   Code   RO         1097    i.GetPicId          dgus.o
    0x08002ca4   0x00000032   Code   RO          853    i.GetStringFromWiFi  wifithread.o
    0x08002cd6   0x000000aa   Code   RO         2624    i.HAL_DMA_Abort     stm32f4xx_hal_dma.o
    0x08002d80   0x00000028   Code   RO         2625    i.HAL_DMA_Abort_IT  stm32f4xx_hal_dma.o
    0x08002da8   0x00000062   Code   RO         2626    i.HAL_DMA_DeInit    stm32f4xx_hal_dma.o
    0x08002e0a   0x00000002   PAD
    0x08002e0c   0x00000248   Code   RO         2629    i.HAL_DMA_IRQHandler  stm32f4xx_hal_dma.o
    0x08003054   0x000000e8   Code   RO         2630    i.HAL_DMA_Init      stm32f4xx_hal_dma.o
    0x0800313c   0x0000009e   Code   RO         2634    i.HAL_DMA_Start_IT  stm32f4xx_hal_dma.o
    0x080031da   0x0000001a   Code   RO         2353    i.HAL_Delay         stm32f4xx_hal.o
    0x080031f4   0x000000ac   Code   RO         2898    i.HAL_FLASHEx_Erase  stm32f4xx_hal_flash_ex.o
    0x080032a0   0x00000014   Code   RO         2777    i.HAL_FLASH_Lock    stm32f4xx_hal_flash.o
    0x080032b4   0x0000002c   Code   RO         2784    i.HAL_FLASH_Unlock  stm32f4xx_hal_flash.o
    0x080032e0   0x00000174   Code   RO         2991    i.HAL_GPIO_DeInit   stm32f4xx_hal_gpio.o
    0x08003454   0x0000009c   Code   RO          994    i.HAL_GPIO_EXTI_Callback  solidstatelaser.o
    0x080034f0   0x0000001c   Code   RO         2993    i.HAL_GPIO_EXTI_IRQHandler  stm32f4xx_hal_gpio.o
    0x0800350c   0x0000020c   Code   RO         2994    i.HAL_GPIO_Init     stm32f4xx_hal_gpio.o
    0x08003718   0x00000010   Code   RO         2996    i.HAL_GPIO_ReadPin  stm32f4xx_hal_gpio.o
    0x08003728   0x0000000c   Code   RO         2998    i.HAL_GPIO_WritePin  stm32f4xx_hal_gpio.o
    0x08003734   0x0000000c   Code   RO         2358    i.HAL_GetREVID      stm32f4xx_hal.o
    0x08003740   0x0000000c   Code   RO            5    i.HAL_GetTick       main.o
    0x0800374c   0x0000003c   Code   RO         2361    i.HAL_Init          stm32f4xx_hal.o
    0x08003788   0x00000028   Code   RO         2362    i.HAL_InitTick      stm32f4xx_hal.o
    0x080037b0   0x000002d8   Code   RO          312    i.HAL_MspInit       stm32f4xx_hal_msp.o
    0x08003a88   0x00000024   Code   RO         2494    i.HAL_NVIC_ClearPendingIRQ  stm32f4xx_hal_cortex.o
    0x08003aac   0x00000024   Code   RO         2495    i.HAL_NVIC_DisableIRQ  stm32f4xx_hal_cortex.o
    0x08003ad0   0x00000020   Code   RO         2496    i.HAL_NVIC_EnableIRQ  stm32f4xx_hal_cortex.o
    0x08003af0   0x0000007c   Code   RO         2502    i.HAL_NVIC_SetPriority  stm32f4xx_hal_cortex.o
    0x08003b6c   0x00000028   Code   RO         2503    i.HAL_NVIC_SetPriorityGrouping  stm32f4xx_hal_cortex.o
    0x08003b94   0x000001d0   Code   RO         3232    i.HAL_RCC_ClockConfig  stm32f4xx_hal_rcc.o
    0x08003d64   0x0000000c   Code   RO         3237    i.HAL_RCC_GetHCLKFreq  stm32f4xx_hal_rcc.o
    0x08003d70   0x0000002c   Code   RO         3239    i.HAL_RCC_GetPCLK1Freq  stm32f4xx_hal_rcc.o
    0x08003d9c   0x0000002c   Code   RO         3240    i.HAL_RCC_GetPCLK2Freq  stm32f4xx_hal_rcc.o
    0x08003dc8   0x000000b4   Code   RO         3241    i.HAL_RCC_GetSysClockFreq  stm32f4xx_hal_rcc.o
    0x08003e7c   0x0000039c   Code   RO         3244    i.HAL_RCC_OscConfig  stm32f4xx_hal_rcc.o
    0x08004218   0x00000034   Code   RO         2507    i.HAL_SYSTICK_Config  stm32f4xx_hal_cortex.o
    0x0800424c   0x00000002   Code   RO         4300    i.HAL_TIMEx_BreakCallback  stm32f4xx_hal_tim_ex.o
    0x0800424e   0x00000002   Code   RO         4301    i.HAL_TIMEx_CommutationCallback  stm32f4xx_hal_tim_ex.o
    0x08004250   0x00000062   Code   RO         4317    i.HAL_TIMEx_MasterConfigSynchronization  stm32f4xx_hal_tim_ex.o
    0x080042b2   0x00000034   Code   RO         3661    i.HAL_TIM_Base_Init  stm32f4xx_hal_tim.o
    0x080042e6   0x00000002   Code   RO         3663    i.HAL_TIM_Base_MspInit  stm32f4xx_hal_tim.o
    0x080042e8   0x0000001e   Code   RO         3664    i.HAL_TIM_Base_Start  stm32f4xx_hal_tim.o
    0x08004306   0x0000001e   Code   RO         3666    i.HAL_TIM_Base_Start_IT  stm32f4xx_hal_tim.o
    0x08004324   0x00000038   Code   RO         3667    i.HAL_TIM_Base_Stop  stm32f4xx_hal_tim.o
    0x0800435c   0x00000132   Code   RO         3670    i.HAL_TIM_ConfigClockSource  stm32f4xx_hal_tim.o
    0x0800448e   0x00000002   Code   RO         3688    i.HAL_TIM_ErrorCallback  stm32f4xx_hal_tim.o
    0x08004490   0x00000002   Code   RO         3690    i.HAL_TIM_IC_CaptureCallback  stm32f4xx_hal_tim.o
    0x08004492   0x00000196   Code   RO         3703    i.HAL_TIM_IRQHandler  stm32f4xx_hal_tim.o
    0x08004628   0x00000074   Code   RO         3704    i.HAL_TIM_OC_ConfigChannel  stm32f4xx_hal_tim.o
    0x0800469c   0x00000050   Code   RO          995    i.HAL_TIM_OC_DelayElapsedCallback  solidstatelaser.o
    0x080046ec   0x00000034   Code   RO         3708    i.HAL_TIM_OC_Init   stm32f4xx_hal_tim.o
    0x08004720   0x00000002   Code   RO         3710    i.HAL_TIM_OC_MspInit  stm32f4xx_hal_tim.o
    0x08004722   0x00000002   PAD
    0x08004724   0x0000004c   Code   RO         3711    i.HAL_TIM_OC_Start  stm32f4xx_hal_tim.o
    0x08004770   0x00000138   Code   RO         3712    i.HAL_TIM_OC_Start_DMA  stm32f4xx_hal_tim.o
    0x080048a8   0x00000080   Code   RO         3714    i.HAL_TIM_OC_Stop   stm32f4xx_hal_tim.o
    0x08004928   0x000000d4   Code   RO         3715    i.HAL_TIM_OC_Stop_DMA  stm32f4xx_hal_tim.o
    0x080049fc   0x00000002   Code   RO         3733    i.HAL_TIM_PWM_PulseFinishedCallback  stm32f4xx_hal_tim.o
    0x080049fe   0x00000002   PAD
    0x08004a00   0x000001a8   Code   RO          996    i.HAL_TIM_PeriodElapsedCallback  solidstatelaser.o
    0x08004ba8   0x00000056   Code   RO         3742    i.HAL_TIM_SlaveConfigSynchronization  stm32f4xx_hal_tim.o
    0x08004bfe   0x00000002   Code   RO         3744    i.HAL_TIM_TriggerCallback  stm32f4xx_hal_tim.o
    0x08004c00   0x00000006   Code   RO         1098    i.HAL_UART_ErrorCallback  dgus.o
    0x08004c06   0x00000002   PAD
    0x08004c08   0x00000148   Code   RO         4554    i.HAL_UART_IRQHandler  stm32f4xx_hal_uart.o
    0x08004d50   0x00000072   Code   RO         4555    i.HAL_UART_Init     stm32f4xx_hal_uart.o
    0x08004dc2   0x00000002   Code   RO         4557    i.HAL_UART_MspInit  stm32f4xx_hal_uart.o
    0x08004dc4   0x00000064   Code   RO         1099    i.HAL_UART_Receive_ITMY  dgus.o
    0x08004e28   0x00000014   Code   RO         1100    i.HAL_UART_RxCpltCallback  dgus.o
    0x08004e3c   0x0000004c   Code   RO         1101    i.HAL_UART_Transmit_ITMY  dgus.o
    0x08004e88   0x00000014   Code   RO         1102    i.HAL_UART_TxCpltCallback  dgus.o
    0x08004e9c   0x00000004   Code   RO          206    i.HardFault_Handler  stm32f4xx_it.o
    0x08004ea0   0x0000003c   Code   RO         1261    i.Init_DS18B20      ds18b20.o
    0x08004edc   0x00000050   Code   RO          800    i.Init_MainSPI_Thread  spithread.o
    0x08004f2c   0x00000028   Code   RO          724    i.Init_Main_Thread  mainthread.o
    0x08004f54   0x00000030   Code   RO          956    i.Init_Timers       lasertimer.o
    0x08004f84   0x000000a8   Code   RO          854    i.Init_WiFi_Thread  wifithread.o
    0x0800502c   0x0000007c   Code   RO         1103    i.Initialize_DGUS   dgus.o
    0x080050a8   0x00000134   Code   RO          997    i.LampControlGPIOInit  solidstatelaser.o
    0x080051dc   0x0000000c   Code   RO          998    i.LampControlInit   solidstatelaser.o
    0x080051e8   0x00000080   Code   RO          999    i.LampControlPulseStart  solidstatelaser.o
    0x08005268   0x00000064   Code   RO         1000    i.LampControlPulseStop  solidstatelaser.o
    0x080052cc   0x0000023c   Code   RO         1001    i.LampControlTIMInit  solidstatelaser.o
    0x08005508   0x00000124   Code   RO          553    i.LaserDiodeInput_Init  laserdiodeinputframe.o
    0x0800562c   0x000005a0   Code   RO          554    i.LaserDiodeInput_Process  laserdiodeinputframe.o
    0x08005bcc   0x000001d0   Code   RO          529    i.LaserDiodePrepare_Process  laserdiodeprepareframe.o
    0x08005d9c   0x0000019c   Code   RO          583    i.LaserDiodeWork_Process  laserdiodeworkframe.o
    0x08005f38   0x000000b4   Code   RO          350    i.LaserPreset       globalvariables.o
    0x08005fec   0x000002b0   Code   RO          957    i.LaserTimer_Callback  lasertimer.o
    0x0800629c   0x00000048   Code   RO          351    i.LoadGlobalVariables  globalvariables.o
    0x080062e4   0x000000e4   Code   RO          801    i.MainSPI_Thread    spithread.o
    0x080063c8   0x00000070   Code   RO          802    i.MainSPI_callback  spithread.o
    0x08006438   0x000001b0   Code   RO          725    i.MainThread        mainthread.o
    0x080065e8   0x000000bc   Code   RO          352    i.MelaninPreset     globalvariables.o
    0x080066a4   0x00000004   Code   RO          207    i.MemManage_Handler  stm32f4xx_it.o
    0x080066a8   0x00000002   Code   RO          208    i.NMI_Handler       stm32f4xx_it.o
    0x080066aa   0x0000005e   Code   RO          353    i.NormalizeStep     globalvariables.o
    0x08006708   0x00000070   Code   RO          502    i.PasswordFrame_Process  passwordframe.o
    0x08006778   0x000000c4   Code   RO          354    i.PhototypePreset   globalvariables.o
    0x0800683c   0x00000088   Code   RO         1104    i.ReadRegister      dgus.o
    0x080068c4   0x00000098   Code   RO         1105    i.ReadVariable      dgus.o
    0x0800695c   0x00000018   Code   RO         1685    i.SPI2_Control      spi_stm32f4xx.o
    0x08006974   0x00000010   Code   RO         1686    i.SPI2_GetDataCount  spi_stm32f4xx.o
    0x08006984   0x00000010   Code   RO         1687    i.SPI2_GetStatus    spi_stm32f4xx.o
    0x08006994   0x00000010   Code   RO         1688    i.SPI2_IRQHandler   spi_stm32f4xx.o
    0x080069a4   0x00000014   Code   RO         1689    i.SPI2_Initialize   spi_stm32f4xx.o
    0x080069b8   0x00000014   Code   RO         1690    i.SPI2_PowerControl  spi_stm32f4xx.o
    0x080069cc   0x00000018   Code   RO         1691    i.SPI2_Receive      spi_stm32f4xx.o
    0x080069e4   0x00000018   Code   RO         1692    i.SPI2_Send         spi_stm32f4xx.o
    0x080069fc   0x0000001c   Code   RO         1693    i.SPI2_Transfer     spi_stm32f4xx.o
    0x08006a18   0x00000010   Code   RO         1694    i.SPI2_Uninitialize  spi_stm32f4xx.o
    0x08006a28   0x0000000c   Code   RO         1695    i.SPIX_GetCapabilities  spi_stm32f4xx.o
    0x08006a34   0x00000010   Code   RO         1696    i.SPIX_GetVersion   spi_stm32f4xx.o
    0x08006a44   0x00000442   Code   RO         1697    i.SPI_Control       spi_stm32f4xx.o
    0x08006e86   0x00000008   Code   RO         1698    i.SPI_GetDataCount  spi_stm32f4xx.o
    0x08006e8e   0x0000002c   Code   RO         1699    i.SPI_GetStatus     spi_stm32f4xx.o
    0x08006eba   0x0000020c   Code   RO         1700    i.SPI_IRQHandler    spi_stm32f4xx.o
    0x080070c6   0x000000b6   Code   RO         1701    i.SPI_Initialize    spi_stm32f4xx.o
    0x0800717c   0x000000a0   Code   RO         1702    i.SPI_PeripheralReset  spi_stm32f4xx.o
    0x0800721c   0x000001ac   Code   RO         1703    i.SPI_PowerControl  spi_stm32f4xx.o
    0x080073c8   0x00000094   Code   RO         1704    i.SPI_Receive       spi_stm32f4xx.o
    0x0800745c   0x00000094   Code   RO         1705    i.SPI_Send          spi_stm32f4xx.o
    0x080074f0   0x00000070   Code   RO         1706    i.SPI_Transfer      spi_stm32f4xx.o
    0x08007560   0x00000054   Code   RO         1707    i.SPI_Uninitialize  spi_stm32f4xx.o
    0x080075b4   0x00000070   Code   RO          855    i.SendAT            wifithread.o
    0x08007624   0x0000019c   Code   RO          696    i.ServiceDiodeFrame_Process  serviceframediodelaser.o
    0x080077c0   0x00000258   Code   RO          465    i.ServiceFrame_Process  serviceframe.o
    0x08007a18   0x00000078   Code   RO          803    i.SetDACValue       spithread.o
    0x08007a90   0x00000090   Code   RO          607    i.SetLaserSettings  solidstatelaserinputframe.o
    0x08007b20   0x00000026   Code   RO         1106    i.SetPicId          dgus.o
    0x08007b46   0x00000002   PAD
    0x08007b48   0x000000f0   Code   RO         1002    i.SetPulseDuration_ms  solidstatelaser.o
    0x08007c38   0x000000f0   Code   RO         1003    i.SetPulseDuration_us  solidstatelaser.o
    0x08007d28   0x00000090   Code   RO         1004    i.SetPulseFrequency  solidstatelaser.o
    0x08007db8   0x0000004c   Code   RO          856    i.SkeepATStart      wifithread.o
    0x08007e04   0x0000007c   Code   RO          608    i.SolidStateLaserInput_Init  solidstatelaserinputframe.o
    0x08007e80   0x0000030c   Code   RO          609    i.SolidStateLaserInput_Process  solidstatelaserinputframe.o
    0x0800818c   0x00000054   Code   RO          726    i.SolidStateLaserOff  mainthread.o
    0x080081e0   0x00000114   Code   RO          646    i.SolidStateLaserPrepare_Process  solidstatelaserprepareframe.o
    0x080082f4   0x00000288   Code   RO          670    i.SolidStateLaserWork_Process  solidstatelaserworkframe.o
    0x0800857c   0x00000040   Code   RO         1321    i.SoundOff          lasermisc.o
    0x080085bc   0x00000050   Code   RO         1322    i.SoundOn           lasermisc.o
    0x0800860c   0x00000084   Code   RO         1323    i.SpeakerDMA        lasermisc.o
    0x08008690   0x000000e4   Code   RO         1324    i.SpeakerInit       lasermisc.o
    0x08008774   0x00000084   Code   RO          727    i.StopIfRunning     mainthread.o
    0x080087f8   0x000000a0   Code   RO          355    i.StoreGlobalVariables  globalvariables.o
    0x08008898   0x000000bc   Code   RO            6    i.SystemClock_Config  main.o
    0x08008954   0x000000c0   Code   RO         5041    i.SystemCoreClockUpdate  system_stm32f4xx.o
    0x08008a14   0x00000064   Code   RO         5042    i.SystemInit        system_stm32f4xx.o
    0x08008a78   0x00000010   Code   RO          209    i.TIM1_BRK_TIM9_IRQHandler  stm32f4xx_it.o
    0x08008a88   0x00000010   Code   RO          210    i.TIM1_TRG_COM_TIM11_IRQHandler  stm32f4xx_it.o
    0x08008a98   0x00000010   Code   RO          211    i.TIM1_UP_TIM10_IRQHandler  stm32f4xx_it.o
    0x08008aa8   0x000000e4   Code   RO         3745    i.TIM_Base_SetConfig  stm32f4xx_hal_tim.o
    0x08008b8c   0x0000001c   Code   RO         3746    i.TIM_CCxChannelCmd  stm32f4xx_hal_tim.o
    0x08008ba8   0x00000046   Code   RO         3748    i.TIM_DMADelayPulseCplt  stm32f4xx_hal_tim.o
    0x08008bee   0x00000014   Code   RO         3749    i.TIM_DMAError      stm32f4xx_hal_tim.o
    0x08008c02   0x00000018   Code   RO         3752    i.TIM_ETR_SetConfig  stm32f4xx_hal_tim.o
    0x08008c1a   0x00000014   Code   RO         3753    i.TIM_ITRx_SetConfig  stm32f4xx_hal_tim.o
    0x08008c2e   0x00000002   PAD
    0x08008c30   0x00000070   Code   RO         3754    i.TIM_OC1_SetConfig  stm32f4xx_hal_tim.o
    0x08008ca0   0x00000078   Code   RO         3755    i.TIM_OC2_SetConfig  stm32f4xx_hal_tim.o
    0x08008d18   0x00000078   Code   RO         3756    i.TIM_OC3_SetConfig  stm32f4xx_hal_tim.o
    0x08008d90   0x00000060   Code   RO         3757    i.TIM_OC4_SetConfig  stm32f4xx_hal_tim.o
    0x08008df0   0x000000a4   Code   RO         3758    i.TIM_SlaveTimer_SetConfig  stm32f4xx_hal_tim.o
    0x08008e94   0x0000002a   Code   RO         3759    i.TIM_TI1_ConfigInputStage  stm32f4xx_hal_tim.o
    0x08008ebe   0x0000002c   Code   RO         3761    i.TIM_TI2_ConfigInputStage  stm32f4xx_hal_tim.o
    0x08008eea   0x00000014   Code   RO         4568    i.UART_DMAAbortOnError  stm32f4xx_hal_uart.o
    0x08008efe   0x00000020   Code   RO         4574    i.UART_EndRxTransfer  stm32f4xx_hal_uart.o
    0x08008f1e   0x00000020   Code   RO         4575    i.UART_EndTransmit_IT  stm32f4xx_hal_uart.o
    0x08008f3e   0x0000009a   Code   RO         4577    i.UART_Receive_IT   stm32f4xx_hal_uart.o
    0x08008fd8   0x00000368   Code   RO         4578    i.UART_SetConfig    stm32f4xx_hal_uart.o
    0x08009340   0x00000068   Code   RO         4579    i.UART_Transmit_IT  stm32f4xx_hal_uart.o
    0x080093a8   0x00000010   Code   RO          212    i.USART1_IRQHandler  stm32f4xx_it.o
    0x080093b8   0x00000018   Code   RO         1838    i.USART3_Control    usart_stm32f4xx.o
    0x080093d0   0x00000010   Code   RO         1839    i.USART3_GetCapabilities  usart_stm32f4xx.o
    0x080093e0   0x00000010   Code   RO         1840    i.USART3_GetModemStatus  usart_stm32f4xx.o
    0x080093f0   0x00000010   Code   RO         1841    i.USART3_GetRxCount  usart_stm32f4xx.o
    0x08009400   0x00000010   Code   RO         1842    i.USART3_GetStatus  usart_stm32f4xx.o
    0x08009410   0x00000010   Code   RO         1843    i.USART3_GetTxCount  usart_stm32f4xx.o
    0x08009420   0x00000010   Code   RO         1844    i.USART3_IRQHandler  usart_stm32f4xx.o
    0x08009430   0x00000014   Code   RO         1845    i.USART3_Initialize  usart_stm32f4xx.o
    0x08009444   0x00000014   Code   RO         1846    i.USART3_PowerControl  usart_stm32f4xx.o
    0x08009458   0x00000018   Code   RO         1847    i.USART3_Receive    usart_stm32f4xx.o
    0x08009470   0x00000018   Code   RO         1848    i.USART3_Send       usart_stm32f4xx.o
    0x08009488   0x00000014   Code   RO         1849    i.USART3_SetModemControl  usart_stm32f4xx.o
    0x0800949c   0x0000001c   Code   RO         1850    i.USART3_Transfer   usart_stm32f4xx.o
    0x080094b8   0x00000010   Code   RO         1851    i.USART3_Uninitialize  usart_stm32f4xx.o
    0x080094c8   0x00000018   Code   RO         1852    i.USART6_Control    usart_stm32f4xx.o
    0x080094e0   0x00000010   Code   RO         1853    i.USART6_GetCapabilities  usart_stm32f4xx.o
    0x080094f0   0x00000010   Code   RO         1854    i.USART6_GetModemStatus  usart_stm32f4xx.o
    0x08009500   0x00000010   Code   RO         1855    i.USART6_GetRxCount  usart_stm32f4xx.o
    0x08009510   0x00000010   Code   RO         1856    i.USART6_GetStatus  usart_stm32f4xx.o
    0x08009520   0x00000010   Code   RO         1857    i.USART6_GetTxCount  usart_stm32f4xx.o
    0x08009530   0x00000010   Code   RO         1858    i.USART6_IRQHandler  usart_stm32f4xx.o
    0x08009540   0x00000014   Code   RO         1859    i.USART6_Initialize  usart_stm32f4xx.o
    0x08009554   0x00000014   Code   RO         1860    i.USART6_PowerControl  usart_stm32f4xx.o
    0x08009568   0x00000010   Code   RO         1861    i.USART6_RX_DMA_Complete  usart_stm32f4xx.o
    0x08009578   0x00000018   Code   RO         1862    i.USART6_Receive    usart_stm32f4xx.o
    0x08009590   0x00000018   Code   RO         1863    i.USART6_Send       usart_stm32f4xx.o
    0x080095a8   0x00000014   Code   RO         1864    i.USART6_SetModemControl  usart_stm32f4xx.o
    0x080095bc   0x00000010   Code   RO         1865    i.USART6_TX_DMA_Complete  usart_stm32f4xx.o
    0x080095cc   0x0000001c   Code   RO         1866    i.USART6_Transfer   usart_stm32f4xx.o
    0x080095e8   0x00000010   Code   RO         1867    i.USART6_Uninitialize  usart_stm32f4xx.o
    0x080095f8   0x000008a4   Code   RO         1868    i.USART_Control     usart_stm32f4xx.o
    0x08009e9c   0x00000006   Code   RO         1869    i.USART_GetCapabilities  usart_stm32f4xx.o
    0x08009ea2   0x0000005a   Code   RO         1870    i.USART_GetModemStatus  usart_stm32f4xx.o
    0x08009efc   0x0000001c   Code   RO         1871    i.USART_GetRxCount  usart_stm32f4xx.o
    0x08009f18   0x00000076   Code   RO         1872    i.USART_GetStatus   usart_stm32f4xx.o
    0x08009f8e   0x0000001c   Code   RO         1873    i.USART_GetTxCount  usart_stm32f4xx.o
    0x08009faa   0x00000272   Code   RO         1874    i.USART_IRQHandler  usart_stm32f4xx.o
    0x0800a21c   0x000001d0   Code   RO         1875    i.USART_Initialize  usart_stm32f4xx.o
    0x0800a3ec   0x00000134   Code   RO         1876    i.USART_PeripheralReset  usart_stm32f4xx.o
    0x0800a520   0x00000304   Code   RO         1877    i.USART_PowerControl  usart_stm32f4xx.o
    0x0800a824   0x00000084   Code   RO         1878    i.USART_RX_DMA_Complete  usart_stm32f4xx.o
    0x0800a8a8   0x00000146   Code   RO         1879    i.USART_Receive     usart_stm32f4xx.o
    0x0800a9ee   0x00000118   Code   RO         1880    i.USART_Send        usart_stm32f4xx.o
    0x0800ab06   0x00000072   Code   RO         1881    i.USART_SetModemControl  usart_stm32f4xx.o
    0x0800ab78   0x0000004c   Code   RO         1882    i.USART_TX_DMA_Complete  usart_stm32f4xx.o
    0x0800abc4   0x0000006a   Code   RO         1883    i.USART_Transfer    usart_stm32f4xx.o
    0x0800ac2e   0x0000006a   Code   RO         1884    i.USART_Uninitialize  usart_stm32f4xx.o
    0x0800ac98   0x00000010   Code   RO         1885    i.USARTx_GetVersion  usart_stm32f4xx.o
    0x0800aca8   0x00000150   Code   RO          728    i.UpdateLaserState  mainthread.o
    0x0800adf8   0x000000b0   Code   RO          729    i.UpdateLaserStatus  mainthread.o
    0x0800aea8   0x0000021c   Code   RO          356    i.UpdateLimits      globalvariables.o
    0x0800b0c4   0x00000004   Code   RO          213    i.UsageFault_Handler  stm32f4xx_it.o
    0x0800b0c8   0x0000032c   Code   RO          857    i.UserWiFiThread    wifithread.o
    0x0800b3f4   0x000000b8   Code   RO          858    i.WIFI_USART_callback  wifithread.o
    0x0800b4ac   0x0000006c   Code   RO          859    i.WaitForWINDCommands  wifithread.o
    0x0800b518   0x0000014c   Code   RO          861    i.WiFiThread        wifithread.o
    0x0800b664   0x00000084   Code   RO         1107    i.WriteLaserDiodeDataConvert16  dgus.o
    0x0800b6e8   0x00000080   Code   RO         1108    i.WriteRegister     dgus.o
    0x0800b768   0x00000084   Code   RO         1109    i.WriteSolidStateLaserDataConvert16  dgus.o
    0x0800b7ec   0x00000084   Code   RO         1111    i.WriteVariableConvert16  dgus.o
    0x0800b870   0x00000030   Code   RO         6459    i.__ARM_fpclassify  m_wm.l(fpclassify.o)
    0x0800b8a0   0x0000001c   Code   RO         1886    i.__NVIC_ClearPendingIRQ  usart_stm32f4xx.o
    0x0800b8bc   0x0000001a   Code   RO         1887    i.__NVIC_EnableIRQ  usart_stm32f4xx.o
    0x0800b8d6   0x00000002   PAD
    0x0800b8d8   0x00000010   Code   RO         2509    i.__NVIC_GetPriorityGrouping  stm32f4xx_hal_cortex.o
    0x0800b8e8   0x00000028   Code   RO         2510    i.__NVIC_SetPriority  stm32f4xx_hal_cortex.o
    0x0800b910   0x0000002c   Code   RO         1414    i.__user_perthread_libspace  rtx_conf_cm.o
    0x0800b93c   0x00000046   Code   RO         6175    i._init_box         RTX_CM4.lib(rt_membox.o)
    0x0800b982   0x00000002   PAD
    0x0800b984   0x00000020   Code   RO         1415    i._mutex_acquire    rtx_conf_cm.o
    0x0800b9a4   0x0000001c   Code   RO         1417    i._mutex_release    rtx_conf_cm.o
    0x0800b9c0   0x00000018   Code   RO            7    i.absf              main.o
    0x0800b9d8   0x00000028   Code   RO         1112    i.convert_array_w   dgus.o
    0x0800ba00   0x0000001a   Code   RO         1113    i.convert_d         dgus.o
    0x0800ba1a   0x0000008c   Code   RO         1114    i.convert_laserdata  dgus.o
    0x0800baa6   0x00000056   Code   RO         1115    i.convert_laserdata_ss  dgus.o
    0x0800bafc   0x0000000c   Code   RO         1116    i.convert_w         dgus.o
    0x0800bb08   0x00000020   Code   RO         1117    i.crc16_update      dgus.o
    0x0800bb28   0x00000030   Code   RO         6228    i.dbg_init          RTX_CM4.lib(hal_cm.o)
    0x0800bb58   0x00000020   Code   RO         6229    i.dbg_task_notify   RTX_CM4.lib(hal_cm.o)
    0x0800bb78   0x00000010   Code   RO         6230    i.dbg_task_switch   RTX_CM4.lib(hal_cm.o)
    0x0800bb88   0x0000005c   Code   RO          357    i.fmemcpy           globalvariables.o
    0x0800bbe4   0x0000002a   Code   RO         5078    i.isrMessageGet     RTX_CM4.lib(rt_cmsis.o)
    0x0800bc0e   0x0000002c   Code   RO         5079    i.isrMessagePut     RTX_CM4.lib(rt_cmsis.o)
    0x0800bc3a   0x00000024   Code   RO         5081    i.isrSignalSet      RTX_CM4.lib(rt_cmsis.o)
    0x0800bc5e   0x00000002   PAD
    0x0800bc60   0x00000028   Code   RO         5945    i.isr_evt_set       RTX_CM4.lib(rt_event.o)
    0x0800bc88   0x00000056   Code   RO         6063    i.isr_mbx_receive   RTX_CM4.lib(rt_mailbox.o)
    0x0800bcde   0x0000000e   Code   RO         6064    i.isr_mbx_send      RTX_CM4.lib(rt_mailbox.o)
    0x0800bcec   0x0000010c   Code   RO            8    i.main              main.o
    0x0800bdf8   0x0000000e   Code   RO          358    i.max               globalvariables.o
    0x0800be06   0x0000000e   Code   RO          359    i.min               globalvariables.o
    0x0800be14   0x00000018   Code   RO         5082    i.osDelay           RTX_CM4.lib(rt_cmsis.o)
    0x0800be2c   0x00000024   Code   RO         5083    i.osKernelInitialize  RTX_CM4.lib(rt_cmsis.o)
    0x0800be50   0x0000006c   Code   RO         5085    i.osKernelStart     RTX_CM4.lib(rt_cmsis.o)
    0x0800bebc   0x00000018   Code   RO         5094    i.osMessageGet      RTX_CM4.lib(rt_cmsis.o)
    0x0800bed4   0x00000018   Code   RO         5108    i.osSignalClear     RTX_CM4.lib(rt_cmsis.o)
    0x0800beec   0x00000018   Code   RO         5109    i.osSignalSet       RTX_CM4.lib(rt_cmsis.o)
    0x0800bf04   0x00000018   Code   RO         5110    i.osSignalWait      RTX_CM4.lib(rt_cmsis.o)
    0x0800bf1c   0x00000030   Code   RO         5111    i.osThreadCreate    RTX_CM4.lib(rt_cmsis.o)
    0x0800bf4c   0x00000018   Code   RO         5112    i.osThreadExit      RTX_CM4.lib(rt_cmsis.o)
    0x0800bf64   0x00000018   Code   RO         5117    i.osThreadYield     RTX_CM4.lib(rt_cmsis.o)
    0x0800bf7c   0x0000000c   Code   RO         5118    i.osTimerCall       RTX_CM4.lib(rt_cmsis.o)
    0x0800bf88   0x00000034   Code   RO         5119    i.osTimerCreate     RTX_CM4.lib(rt_cmsis.o)
    0x0800bfbc   0x00000018   Code   RO         5121    i.osTimerStart      RTX_CM4.lib(rt_cmsis.o)
    0x0800bfd4   0x0000002c   Code   RO         5123    i.osTimerThread     RTX_CM4.lib(rt_cmsis.o)
    0x0800c000   0x00000022   Code   RO         1418    i.os_error          rtx_conf_cm.o
    0x0800c022   0x00000004   Code   RO         1419    i.os_idle_demon     rtx_conf_cm.o
    0x0800c026   0x00000002   PAD
    0x0800c028   0x00000028   Code   RO         5855    i.os_tick_init      RTX_CM4.lib(rt_system.o)
    0x0800c050   0x00000002   Code   RO         5856    i.os_tick_irqack    RTX_CM4.lib(rt_system.o)
    0x0800c052   0x0000001a   Code   RO         6176    i.rt_alloc_box      RTX_CM4.lib(rt_membox.o)
    0x0800c06c   0x0000003e   Code   RO         6204    i.rt_alloc_mem      RTX_CM4.lib(rt_memory.o)
    0x0800c0aa   0x00000002   PAD
    0x0800c0ac   0x00000038   Code   RO         5703    i.rt_block          RTX_CM4.lib(rt_task.o)
    0x0800c0e4   0x00000048   Code   RO         6153    i.rt_chk_robin      RTX_CM4.lib(rt_robin.o)
    0x0800c12c   0x00000070   Code   RO         5987    i.rt_dec_dly        RTX_CM4.lib(rt_list.o)
    0x0800c19c   0x00000044   Code   RO         5704    i.rt_dispatch       RTX_CM4.lib(rt_task.o)
    0x0800c1e0   0x00000006   Code   RO         5787    i.rt_dly_wait       RTX_CM4.lib(rt_time.o)
    0x0800c1e6   0x00000002   PAD
    0x0800c1e8   0x0000001c   Code   RO         5946    i.rt_evt_clr        RTX_CM4.lib(rt_event.o)
    0x0800c204   0x00000050   Code   RO         5948    i.rt_evt_psh        RTX_CM4.lib(rt_event.o)
    0x0800c254   0x0000005c   Code   RO         5949    i.rt_evt_set        RTX_CM4.lib(rt_event.o)
    0x0800c2b0   0x0000003c   Code   RO         5950    i.rt_evt_wait       RTX_CM4.lib(rt_event.o)
    0x0800c2ec   0x0000002c   Code   RO         6177    i.rt_free_box       RTX_CM4.lib(rt_membox.o)
    0x0800c318   0x00000028   Code   RO         6205    i.rt_free_mem       RTX_CM4.lib(rt_memory.o)
    0x0800c340   0x00000028   Code   RO         5988    i.rt_get_first      RTX_CM4.lib(rt_list.o)
    0x0800c368   0x00000024   Code   RO         5989    i.rt_get_same_rdy_prio  RTX_CM4.lib(rt_list.o)
    0x0800c38c   0x00000008   Code   RO         5128    i.rt_id2obj         RTX_CM4.lib(rt_cmsis.o)
    0x0800c394   0x00000048   Code   RO         5705    i.rt_init_context   RTX_CM4.lib(rt_task.o)
    0x0800c3dc   0x0000001a   Code   RO         6206    i.rt_init_mem       RTX_CM4.lib(rt_memory.o)
    0x0800c3f6   0x00000002   PAD
    0x0800c3f8   0x00000018   Code   RO         6154    i.rt_init_robin     RTX_CM4.lib(rt_robin.o)
    0x0800c410   0x00000080   Code   RO         6231    i.rt_init_stack     RTX_CM4.lib(hal_cm.o)
    0x0800c490   0x00000008   Code   RO         6065    i.rt_mbx_check      RTX_CM4.lib(rt_mailbox.o)
    0x0800c498   0x0000001a   Code   RO         6066    i.rt_mbx_init       RTX_CM4.lib(rt_mailbox.o)
    0x0800c4b2   0x00000002   PAD
    0x0800c4b4   0x000000f0   Code   RO         6067    i.rt_mbx_psh        RTX_CM4.lib(rt_mailbox.o)
    0x0800c5a4   0x000000b4   Code   RO         6069    i.rt_mbx_wait       RTX_CM4.lib(rt_mailbox.o)
    0x0800c658   0x00000044   Code   RO         5129    i.rt_ms2tick        RTX_CM4.lib(rt_cmsis.o)
    0x0800c69c   0x000000d8   Code   RO         5822    i.rt_mut_release    RTX_CM4.lib(rt_mutex.o)
    0x0800c774   0x00000068   Code   RO         5823    i.rt_mut_wait       RTX_CM4.lib(rt_mutex.o)
    0x0800c7dc   0x0000007c   Code   RO         5859    i.rt_pop_req        RTX_CM4.lib(rt_system.o)
    0x0800c858   0x00000020   Code   RO         5860    i.rt_psh_req        RTX_CM4.lib(rt_system.o)
    0x0800c878   0x0000005c   Code   RO         5990    i.rt_psq_enq        RTX_CM4.lib(rt_list.o)
    0x0800c8d4   0x00000048   Code   RO         5991    i.rt_put_dly        RTX_CM4.lib(rt_list.o)
    0x0800c91c   0x00000036   Code   RO         5992    i.rt_put_prio       RTX_CM4.lib(rt_list.o)
    0x0800c952   0x00000002   PAD
    0x0800c954   0x00000014   Code   RO         5993    i.rt_put_rdy_first  RTX_CM4.lib(rt_list.o)
    0x0800c968   0x00000034   Code   RO         5994    i.rt_resort_prio    RTX_CM4.lib(rt_list.o)
    0x0800c99c   0x00000010   Code   RO         6232    i.rt_ret_regs       RTX_CM4.lib(hal_cm.o)
    0x0800c9ac   0x0000000c   Code   RO         6233    i.rt_ret_val        RTX_CM4.lib(hal_cm.o)
    0x0800c9b8   0x00000010   Code   RO         6234    i.rt_ret_val2       RTX_CM4.lib(hal_cm.o)
    0x0800c9c8   0x00000028   Code   RO         5995    i.rt_rmv_dly        RTX_CM4.lib(rt_list.o)
    0x0800c9f0   0x00000030   Code   RO         5996    i.rt_rmv_list       RTX_CM4.lib(rt_list.o)
    0x0800ca20   0x00000034   Code   RO         6114    i.rt_sem_psh        RTX_CM4.lib(rt_semaphore.o)
    0x0800ca54   0x00000024   Code   RO         5862    i.rt_stk_check      RTX_CM4.lib(rt_system.o)
    0x0800ca78   0x00000028   Code   RO         5706    i.rt_switch_req     RTX_CM4.lib(rt_task.o)
    0x0800caa0   0x000000cc   Code   RO         5707    i.rt_sys_init       RTX_CM4.lib(rt_task.o)
    0x0800cb6c   0x00000078   Code   RO         5708    i.rt_sys_start      RTX_CM4.lib(rt_task.o)
    0x0800cbe4   0x00000040   Code   RO         5864    i.rt_systick        RTX_CM4.lib(rt_system.o)
    0x0800cc24   0x00000012   Code   RO         5130    i.rt_tid2ptcb       RTX_CM4.lib(rt_cmsis.o)
    0x0800cc36   0x00000002   PAD
    0x0800cc38   0x00000034   Code   RO         5131    i.rt_timer_insert   RTX_CM4.lib(rt_cmsis.o)
    0x0800cc6c   0x0000003c   Code   RO         5132    i.rt_timer_remove   RTX_CM4.lib(rt_cmsis.o)
    0x0800cca8   0x00000088   Code   RO         5709    i.rt_tsk_create     RTX_CM4.lib(rt_task.o)
    0x0800cd30   0x0000017c   Code   RO         5710    i.rt_tsk_delete     RTX_CM4.lib(rt_task.o)
    0x0800ceac   0x00000030   Code   RO         5711    i.rt_tsk_pass       RTX_CM4.lib(rt_task.o)
    0x0800cedc   0x0000007c   Code   RO         5712    i.rt_tsk_prio       RTX_CM4.lib(rt_task.o)
    0x0800cf58   0x00000010   Code   RO         5713    i.rt_tsk_self       RTX_CM4.lib(rt_task.o)
    0x0800cf68   0x00000012   Code   RO         5133    i.svcDelay          RTX_CM4.lib(rt_cmsis.o)
    0x0800cf7a   0x00000002   PAD
    0x0800cf7c   0x00000070   Code   RO         5134    i.svcKernelInitialize  RTX_CM4.lib(rt_cmsis.o)
    0x0800cfec   0x00000048   Code   RO         5136    i.svcKernelStart    RTX_CM4.lib(rt_cmsis.o)
    0x0800d034   0x00000024   Code   RO         5139    i.svcMessageCreate  RTX_CM4.lib(rt_cmsis.o)
    0x0800d058   0x0000003a   Code   RO         5140    i.svcMessageGet     RTX_CM4.lib(rt_cmsis.o)
    0x0800d092   0x00000024   Code   RO         5151    i.svcSignalClear    RTX_CM4.lib(rt_cmsis.o)
    0x0800d0b6   0x00000024   Code   RO         5152    i.svcSignalSet      RTX_CM4.lib(rt_cmsis.o)
    0x0800d0da   0x00000002   PAD
    0x0800d0dc   0x00000054   Code   RO         5153    i.svcSignalWait     RTX_CM4.lib(rt_cmsis.o)
    0x0800d130   0x00000070   Code   RO         5154    i.svcThreadCreate   RTX_CM4.lib(rt_cmsis.o)
    0x0800d1a0   0x0000001c   Code   RO         5155    i.svcThreadGetId    RTX_CM4.lib(rt_cmsis.o)
    0x0800d1bc   0x00000038   Code   RO         5158    i.svcThreadTerminate  RTX_CM4.lib(rt_cmsis.o)
    0x0800d1f4   0x0000000a   Code   RO         5159    i.svcThreadYield    RTX_CM4.lib(rt_cmsis.o)
    0x0800d1fe   0x00000018   Code   RO         5160    i.svcTimerCall      RTX_CM4.lib(rt_cmsis.o)
    0x0800d216   0x00000002   PAD
    0x0800d218   0x00000038   Code   RO         5161    i.svcTimerCreate    RTX_CM4.lib(rt_cmsis.o)
    0x0800d250   0x00000064   Code   RO         5163    i.svcTimerStart     RTX_CM4.lib(rt_cmsis.o)
    0x0800d2b4   0x0000005c   Code   RO         5169    i.sysTimerTick      RTX_CM4.lib(rt_cmsis.o)
    0x0800d310   0x0000002c   Code   RO         6451    locale$$code        c_w.l(lc_numeric_c.o)
    0x0800d33c   0x0000002c   Code   RO         6468    locale$$code        c_w.l(lc_ctype_c.o)
    0x0800d368   0x0000000c   Code   RO         6379    x$fpl$dretinf       fz_wm.l(dretinf.o)
    0x0800d374   0x00000056   Code   RO         6350    x$fpl$f2d           fz_wm.l(f2d.o)
    0x0800d3ca   0x0000008c   Code   RO         6381    x$fpl$fnaninf       fz_wm.l(fnaninf.o)
    0x0800d456   0x0000000a   Code   RO         6554    x$fpl$fpinit        fz_wm.l(fpinit.o)
    0x0800d460   0x00000004   Code   RO         6352    x$fpl$printf1       fz_wm.l(printf1.o)
    0x0800d464   0x00000000   Code   RO         6383    x$fpl$usenofp       fz_wm.l(usenofp.o)
    0x0800d464   0x00000010   Data   RO          730    .constdata          mainthread.o
    0x0800d474   0x00000010   Data   RO          804    .constdata          spithread.o
    0x0800d484   0x00000020   Data   RO          863    .constdata          wifithread.o
    0x0800d4a4   0x00000008   Data   RO          959    .constdata          lasertimer.o
    0x0800d4ac   0x00000030   Data   RO         1263    .constdata          ds18b20.o
    0x0800d4dc   0x00000180   Data   RO         1326    .constdata          lasermisc.o
    0x0800d65c   0x00000068   Data   RO         1421    .constdata          rtx_conf_cm.o
    0x0800d6c4   0x00000084   Data   RO         1709    .constdata          spi_stm32f4xx.o
    0x0800d748   0x0000013c   Data   RO         1889    .constdata          usart_stm32f4xx.o
    0x0800d884   0x00000010   Data   RO         2151    .constdata          eventrecorder.o
    0x0800d894   0x00000008   Data   RO         2636    .constdata          stm32f4xx_hal_dma.o
    0x0800d89c   0x00000010   Data   RO         3245    .constdata          stm32f4xx_hal_rcc.o
    0x0800d8ac   0x00000010   Data   RO         5043    .constdata          system_stm32f4xx.o
    0x0800d8bc   0x00000094   Data   RO         6426    .constdata          c_w.l(bigflt0.o)
    0x0800d950   0x00000020   Data   RO         6590    Region$$Table       anon$$obj.o
    0x0800d970   0x0000001c   Data   RO         6450    locale$$data        c_w.l(lc_numeric_c.o)
    0x0800d98c   0x00000110   Data   RO         6467    locale$$data        c_w.l(lc_ctype_c.o)


    Execution Region RW_IRAM1 (Base: 0x20000000, Size: 0x0000eed8, Max: 0x00020000, ABSOLUTE, COMPRESSED[0x00000214])

    Base Addr    Size         Type   Attr      Idx    E Section Name        Object

    0x20000000   0x000001a9   Data   RW          361    .data               globalvariables.o
    0x200001a9   0x00000006   Data   RW          503    .data               passwordframe.o
    0x200001af   0x00000001   PAD
    0x200001b0   0x00000044   Data   RW          610    .data               solidstatelaserinputframe.o
    0x200001f4   0x00000004   Data   RW          671    .data               solidstatelaserworkframe.o
    0x200001f8   0x0000000c   Data   RW          731    .data               mainthread.o
    0x20000204   0x00000008   Data   RW          805    .data               spithread.o
    0x2000020c   0x000002dc   Data   RW          864    .data               wifithread.o
    0x200004e8   0x00000008   Data   RW          960    .data               lasertimer.o
    0x200004f0   0x00000001   Data   RW         1264    .data               ds18b20.o
    0x200004f1   0x00000003   PAD
    0x200004f4   0x00000014   Data   RW         1422    .data               rtx_conf_cm.o
    0x20000508   0x00000016   Data   RW         2152    .data               eventrecorder.o
    0x2000051e   0x00000002   PAD
    0x20000520   0x00000004   Data   RW         5044    .data               system_stm32f4xx.o
    0x20000524   0x00000008   Data   RW         5172    .data               RTX_CM4.lib(rt_cmsis.o)
    0x2000052c   0x00000008   Data   RW         5715    .data               RTX_CM4.lib(rt_task.o)
    0x20000534   0x00000004   Data   RW         5791    .data               RTX_CM4.lib(rt_time.o)
    0x20000538   0x00000008   Data   RW         5867    .data               RTX_CM4.lib(rt_system.o)
    0x20000540   0x00000008   Data   RW         6155    .data               RTX_CM4.lib(rt_robin.o)
    0x20000548   0x00000001   Data   RW         6235    .data               RTX_CM4.lib(hal_cm.o)
    0x20000549   0x00000003   PAD
    0x2000054c   0x00000004   Data   RW         6334    .data               c_w.l(strtok.o)
    0x20000550   0x00000100   Zero   RW          360    .bss                globalvariables.o
    0x20000650   0x00000022   Zero   RW          466    .bss                serviceframe.o
    0x20000672   0x0000001a   Zero   RW          697    .bss                serviceframediodelaser.o
    0x2000068c   0x00000a28   Zero   RW          862    .bss                wifithread.o
    0x200010b4   0x00000018   Zero   RW          958    .bss                lasertimer.o
    0x200010cc   0x000000b4   Zero   RW         1005    .bss                solidstatelaser.o
    0x20001180   0x00000840   Zero   RW         1118    .bss                dgus.o
    0x200019c0   0x00000098   Zero   RW         1262    .bss                ds18b20.o
    0x20001a58   0x00000150   Zero   RW         1325    .bss                lasermisc.o
    0x20001ba8   0x00009c08   Zero   RW         1420    .bss                rtx_conf_cm.o
    0x2000b7b0   0x000024cc   Zero   RW         1556    .bss                emac_stm32f4xx.o
    0x2000dc7c   0x00000028   Zero   RW         1708    .bss                spi_stm32f4xx.o
    0x2000dca4   0x00000130   Zero   RW         1888    .bss                usart_stm32f4xx.o
    0x2000ddd4   0x00000100   Zero   RW         2150    .bss                eventrecorder.o
    0x2000ded4   0x00000020   Zero   RW         2785    .bss                stm32f4xx_hal_flash.o
    0x2000def4   0x00000034   Zero   RW         5714    .bss                RTX_CM4.lib(rt_task.o)
    0x2000df28   0x00000030   Zero   RW         5997    .bss                RTX_CM4.lib(rt_list.o)
    0x2000df58   0x00000060   Zero   RW         6297    .bss                c_w.l(libspace.o)
    0x2000dfb8   0x00000720   Zero   RW         5032    HEAP                startup_stm32f407xx.o
    0x2000e6d8   0x00000800   Zero   RW         5031    STACK               startup_stm32f407xx.o


==============================================================================

Image component sizes


      Code (inc. data)   RO Data    RW Data    ZI Data      Debug   Object Name

      1596        108          0          0       2112      19932   dgus.o
       416         52         48          1        152       3983   ds18b20.o
        88         16          0          0       9420       8951   emac_stm32f4xx.o
         0          0         16         22        256       1672   eventrecorder.o
      3438        200          0        425        256      16572   globalvariables.o
      1732        122          0          0          0       3373   laserdiodeinputframe.o
       464         50          0          0          0       1612   laserdiodeprepareframe.o
       412         46          0          0          0       1649   laserdiodeworkframe.o
      1048        116        384          0        336       7012   lasermisc.o
       736         96          8          8         24       2284   lasertimer.o
       496         42          0          0          0     357848   main.o
      1256        176         16         12          0       5286   mainthread.o
       112         12          0          6          0       1445   passwordframe.o
         0          0          0          0          0        772   phy_lan8720.o
       170         38        104         20      39944      10299   rtx_conf_cm.o
       600         34          0          0         34       2591   serviceframe.o
       412         20          0          0         26       2465   serviceframediodelaser.o
      2776        286          0          0        180      10102   solidstatelaser.o
      1048         96          0         68          0       4100   solidstatelaserinputframe.o
       276         30          0          0          0       1557   solidstatelaserprepareframe.o
       648         50          0          4          0       1947   solidstatelaserworkframe.o
      3548        150        132          0         40      48968   spi_stm32f4xx.o
       540        106         16          8          0       7476   spithread.o
        64         26        392          0       3872        900   startup_stm32f407xx.o
       138         14          0          0          0       3689   stm32f4xx_hal.o
       376         34          0          0          0      33896   stm32f4xx_hal_cortex.o
      1564         20          8          0          0       8215   stm32f4xx_hal_dma.o
       356         34          0          0         32       2914   stm32f4xx_hal_flash.o
       444         26          0          0          0       3506   stm32f4xx_hal_flash_ex.o
       952         98          0          0          0       4880   stm32f4xx_hal_gpio.o
       728         30          0          0          0       1810   stm32f4xx_hal_msp.o
      1668         70         16          0          0       5999   stm32f4xx_hal_rcc.o
      2962        132          0          0          0      24317   stm32f4xx_hal_tim.o
       102          0          0          0          0       2526   stm32f4xx_hal_tim_ex.o
      1658         12          0          0          0       7061   stm32f4xx_hal_uart.o
       152         24          0          0          0       7474   stm32f4xx_it.o
       292         40         16          4          0       2141   system_stm32f4xx.o
      6866        332        316          0        304      43463   usart_stm32f4xx.o
      1978        364         32        732       2600      14743   wifithread.o

    ----------------------------------------------------------------------
     42132       3102       1536       1316      59588     689430   Object Totals
         0          0         32          0          0          0   (incl. Generated)
        20          0          0          6          0          0   (incl. Padding)

    ----------------------------------------------------------------------

      Code (inc. data)   RO Data    RW Data    ZI Data      Debug   Library Member Name

       268         24          0          1          0       4452   hal_cm.o
       408         34          0          0          0        816   hal_cm4.o
      1750        198          0          8          0      44792   rt_cmsis.o
       300         24          0          0          0       3383   rt_event.o
       566         44          0          0         48       9176   rt_list.o
       554         10          0          0          0       4189   rt_mailbox.o
       140          0          0          0          0       2045   rt_membox.o
       128          0          0          0          0       2419   rt_memory.o
       320         12          0          0          0       1699   rt_mutex.o
        96         22          0          8          0       1230   rt_robin.o
        52          4          0          0          0        613   rt_semaphore.o
       298         52          0          8          0       6439   rt_system.o
      1264        184          0          8         52      10563   rt_task.o
         6          0          0          4          0        684   rt_time.o
         4          4          0          0          0        200   svc_table.o
        90          0          0          0          0          0   __dczerorl2.o
         8          0          0          0          0         68   __main.o
       104          0          0          0          0         84   __printf.o
         0          0          0          0          0          0   __rtentry.o
        20          0          0          0          0          0   __rtentry2.o
         6          0          0          0          0          0   __rtentry4.o
        52          8          0          0          0          0   __scatter.o
        28          0          0          0          0          0   __scatter_zi.o
        28          0          0          0          0         68   _chval.o
        48          6          0          0          0         96   _printf_char_common.o
         6          0          0          0          0          0   _printf_f.o
      1050          0          0          0          0        216   _printf_fp_dec.o
       128         16          0          0          0         84   _printf_fp_infnan.o
         0          0          0          0          0          0   _printf_percent.o
         4          0          0          0          0          0   _printf_percent_end.o
        10          0          0          0          0         68   _sputc.o
       158          0          0          0          0         92   _strtoul.o
        26          0          0          0          0         80   atol.o
       220          4        148          0          0         96   bigflt0.o
      1910        128          0          0          0        672   btod.o
        18          0          0          0          0         80   exit.o
         6          0          0          0          0        152   heapauxi.o
         0          0          0          0          0          0   indicate_semi.o
        44         10        272          0          0         76   lc_ctype_c.o
        44         10         28          0          0         76   lc_numeric_c.o
         2          0          0          0          0          0   libinit.o
        34          0          0          0          0          0   libinit2.o
         2          0          0          0          0          0   libshutdown.o
         2          0          0          0          0          0   libshutdown2.o
         8          4          0          0         96         68   libspace.o
       138          0          0          0          0         80   lludiv10.o
       238          0          0          0          0        100   lludivv7m.o
        40          6          0          0          0         84   noretval__2sprintf.o
        16          4          0          0          0         76   rt_ctype_table.o
         4          0          0          0          0         68   rt_errno_addr_twolibspace.o
        10          0          0          0          0         76   rt_locale_twolibspace.o
        78          0          0          0          0         80   rt_memclr_w.o
       138          0          0          0          0         68   rt_memcpy_v6.o
       100          0          0          0          0         80   rt_memcpy_w.o
         2          0          0          0          0          0   rtexit.o
        10          0          0          0          0          0   rtexit2.o
       128          0          0          0          0         68   strcmpv7m.o
        32          0          0          0          0         80   strcspn.o
        62          0          0          0          0         76   strlen.o
        28          0          0          0          0         80   strspn.o
        12          6          0          4          0         68   strtok.o
        68          4          0          0          0         84   strtok_int.o
       112          0          0          0          0         88   strtol.o
        12          4          0          0          0         68   sys_exit.o
        74          0          0          0          0         80   sys_stackheap_outer.o
         2          0          0          0          0         68   use_no_semi.o
        12          0          0          0          0        116   dretinf.o
        86          4          0          0          0        132   f2d.o
       140          4          0          0          0        132   fnaninf.o
        10          0          0          0          0        116   fpinit.o
         4          0          0          0          0        116   printf1.o
         0          0          0          0          0          0   usenofp.o
        48          0          0          0          0        124   fpclassify.o

    ----------------------------------------------------------------------
     11848        830        448         44        196      96984   Library Totals
        34          0          0          3          0          0   (incl. Padding)

    ----------------------------------------------------------------------

      Code (inc. data)   RO Data    RW Data    ZI Data      Debug   Library Name

      6154        612          0         37        100      92700   RTX_CM4.lib
      5360        210        448          4         96       3548   c_w.l
       252          8          0          0          0        612   fz_wm.l
        48          0          0          0          0        124   m_wm.l

    ----------------------------------------------------------------------
     11848        830        448         44        196      96984   Library Totals

    ----------------------------------------------------------------------

==============================================================================


      Code (inc. data)   RO Data    RW Data    ZI Data      Debug   

     53980       3932       1984       1360      59784     746486   Grand Totals
     53980       3932       1984        532      59784     746486   ELF Image Totals (compressed)
     53980       3932       1984        532          0          0   ROM Totals

==============================================================================

    Total RO  Size (Code + RO Data)                55964 (  54.65kB)
    Total RW  Size (RW Data + ZI Data)             61144 (  59.71kB)
    Total ROM Size (Code + RO Data + RW Data)      56496 (  55.17kB)

==============================================================================

