Component: ARM Compiler 5.06 update 4 (build 422) Tool: armlink [4d35d2]

==============================================================================

Section Cross References

    main.o(i.CheckSimmer) refers to stm32f4xx_hal_gpio.o(i.HAL_GPIO_ReadPin) for HAL_GPIO_ReadPin
    main.o(i.CheckSimmer) refers to stm32f4xx_hal.o(i.HAL_Delay) for HAL_Delay
    main.o(i.CheckSimmer) refers to rt_time.o(.data) for os_time
    main.o(i.HAL_GetTick) refers to rt_time.o(.data) for os_time
    main.o(i.SystemClock_Config) refers to stm32f4xx_hal_rcc.o(i.HAL_RCC_OscConfig) for HAL_RCC_OscConfig
    main.o(i.SystemClock_Config) refers to stm32f4xx_hal_rcc.o(i.HAL_RCC_ClockConfig) for HAL_RCC_ClockConfig
    main.o(i.SystemClock_Config) refers to stm32f4xx_hal.o(i.HAL_GetREVID) for HAL_GetREVID
    main.o(i.TestEmmiterController) refers to canbus.o(i.CANWriteRegister) for CANWriteRegister
    main.o(i.TestEmmiterController) refers to stm32f4xx_hal.o(i.HAL_Delay) for HAL_Delay
    main.o(i.TestEmmiterController) refers to canbus.o(i.CANReadRegister) for CANReadRegister
    main.o(i.TestEmmiterController) refers to lasermisc.o(i.SoundOn) for SoundOn
    main.o(i.TestEmmiterController) refers to lasermisc.o(i.SoundOff) for SoundOff
    main.o(i.TestSimmer) refers to _printf_percent.o(.ARM.Collect$$_printf_percent$$00000000) for _printf_percent
    main.o(i.TestSimmer) refers to _printf_d.o(.ARM.Collect$$_printf_percent$$00000009) for _printf_d
    main.o(i.TestSimmer) refers to _printf_dec.o(.text) for _printf_int_dec
    main.o(i.TestSimmer) refers to fopen_locked.o(.text) for fopen
    main.o(i.TestSimmer) refers to noretval__2fprintf.o(.text) for __2fprintf
    main.o(i.TestSimmer) refers to stm32f4xx_hal_gpio.o(i.HAL_GPIO_WritePin) for HAL_GPIO_WritePin
    main.o(i.TestSimmer) refers to main.o(i.CheckSimmer) for CheckSimmer
    main.o(i.TestSimmer) refers to lasermisc.o(i.SoundOn) for SoundOn
    main.o(i.TestSimmer) refers to stm32f4xx_hal.o(i.HAL_Delay) for HAL_Delay
    main.o(i.TestSimmer) refers to lasermisc.o(i.SoundOff) for SoundOff
    main.o(i.TestSimmer) refers to fclose_locked.o(.text) for fclose
    main.o(i.main) refers to rt_cmsis.o(i.osKernelInitialize) for osKernelInitialize
    main.o(i.main) refers to stm32f4xx_hal.o(i.HAL_Init) for HAL_Init
    main.o(i.main) refers to stm32f4xx_hal.o(i.HAL_Delay) for HAL_Delay
    main.o(i.main) refers to globalvariables.o(i.GetLaserID) for GetLaserID
    main.o(i.main) refers to stm32f4xx_hal_gpio.o(i.HAL_GPIO_WritePin) for HAL_GPIO_WritePin
    main.o(i.main) refers to main.o(i.SystemClock_Config) for SystemClock_Config
    main.o(i.main) refers to system_stm32f4xx.o(i.SystemCoreClockUpdate) for SystemCoreClockUpdate
    main.o(i.main) refers to dgus.o(i.Initialize_DGUS) for Initialize_DGUS
    main.o(i.main) refers to lasermisc.o(i.SpeakerInit) for SpeakerInit
    main.o(i.main) refers to sdcard.o(i.init_filesystem) for init_filesystem
    main.o(i.main) refers to globalvariables.o(i.LoadGlobalVariables) for LoadGlobalVariables
    main.o(i.main) refers to rt_memcpy_v6.o(.text) for __aeabi_memcpy
    main.o(i.main) refers to sdcard.o(i.start_log) for start_log
    main.o(i.main) refers to rt_cmsis.o(i.osKernelStart) for osKernelStart
    main.o(i.main) refers to spithread.o(i.Init_MainSPI_Thread) for Init_MainSPI_Thread
    main.o(i.main) refers to wifithread.o(i.Init_WiFi_Thread) for Init_WiFi_Thread
    main.o(i.main) refers to ds18b20.o(i.Init_DS18B20) for Init_DS18B20
    main.o(i.main) refers to lasertimer.o(i.Init_Timers) for Init_Timers
    main.o(i.main) refers to ds18b20.o(i.DS18B20_Reset) for DS18B20_Reset
    main.o(i.main) refers to ds18b20.o(i.DS18B20_StartConvertion) for DS18B20_StartConvertion
    main.o(i.main) refers to ds18b20.o(i.DS18B20_ReadData) for DS18B20_ReadData
    main.o(i.main) refers to lasermisc.o(i.SoundOn) for SoundOn
    main.o(i.main) refers to lasermisc.o(i.SoundOff) for SoundOff
    main.o(i.main) refers to mainthread.o(i.Init_Main_Thread) for Init_Main_Thread
    main.o(i.main) refers to main.o(i.absf) for absf
    main.o(i.main) refers to sdcard.o(i.LOG_F) for LOG_F
    main.o(i.main) refers to sdcard.o(i.LOG_I) for LOG_I
    main.o(i.main) refers to globalvariables.o(.bss) for datetime
    main.o(i.main) refers to globalvariables.o(.data) for temperature
    main.o(i.main) refers to main.o(.data) for .data
    main.o(i.main) refers to globalvariables.o(.data) for temperature_cool_on
    main.o(i.main) refers to globalvariables.o(.data) for temperature_cool_off
    main.o(i.main) refers to globalvariables.o(.data) for g_cooling_en
    stm32f4xx_it.o(i.BusFault_Handler) refers to noretval__2printf.o(.text) for __2printf
    stm32f4xx_it.o(i.CAN1_RX0_IRQHandler) refers to stm32f4xx_hal_can.o(i.HAL_CAN_IRQHandler) for HAL_CAN_IRQHandler
    stm32f4xx_it.o(i.CAN1_RX0_IRQHandler) refers to canbus.o(.bss) for hcan1
[...]
    0x0801a2ec   0x0000006c   Code   RO          436    i.LoadGlobalVariables  globalvariables.o
    0x0801a358   0x00000084   Code   RO         1102    i.LogFrame_Process  logframe.o
    0x0801a3dc   0x00000080   Code   RO         2216    i.LogThread         sdcard.o
    0x0801a45c   0x00000090   Code   RO         1007    i.LongPulseErrorCheck_Process  longpulselaserprepareframe.o
    0x0801a4ec   0x00000064   Code   RO          974    i.LongPulseLaserInput_Init  longpulselaserinputframe.o
    0x0801a550   0x00000450   Code   RO          975    i.LongPulseLaserInput_Process  longpulselaserinputframe.o
    0x0801a9a0   0x000000e4   Code   RO         1008    i.LongPulseLaserPrepare_Process  longpulselaserprepareframe.o
    0x0801aa84   0x00000330   Code   RO         1049    i.LongPulseLaserWork_Process  longpulselaserworkframe.o
    0x0801adb4   0x00000038   Code   RO         1009    i.LongPulseStopIfWork  longpulselaserprepareframe.o
    0x0801adec   0x0000000c   Code   RO         6844    i.MC0_MCI_SignalEvent  fs_config.o
    0x0801adf8   0x0000011c   Code   RO         1566    i.MainSPI_Thread    spithread.o
    0x0801af14   0x00000054   Code   RO         1567    i.MainSPI_callback  spithread.o
    0x0801af68   0x000003f8   Code   RO         1487    i.MainThread        mainthread.o
    0x0801b360   0x00000008   Code   RO         1330    i.Max               iplinputframe.o
    0x0801b368   0x00000098   Code   RO         1244    i.MelaninPreset     laserdiodeguipreset.o
    0x0801b400   0x00000020   Code   RO          258    i.MemManage_Handler  stm32f4xx_it.o
    0x0801b420   0x00000008   Code   RO         1331    i.Min               iplinputframe.o
    0x0801b428   0x00000002   Code   RO          259    i.NMI_Handler       stm32f4xx_it.o
    0x0801b42a   0x00000002   PAD
    0x0801b42c   0x0000006c   Code   RO         2123    i.NewSpeakerDMA     lasermisc.o
    0x0801b498   0x00000036   Code   RO         1245    i.NormalizeStep     laserdiodeguipreset.o
    0x0801b4ce   0x00000004   Code   RO          260    i.PVD_IRQHandler    stm32f4xx_it.o
    0x0801b4d2   0x00000002   PAD
    0x0801b4d4   0x00000058   Code   RO          651    i.PasswordFrame_Process  passwordframe.o
    0x0801b52c   0x00000098   Code   RO         1246    i.PhototypePreset   laserdiodeguipreset.o
    0x0801b5c4   0x00000114   Code   RO         2879    i.PowerControl      mci_stm32f4xx.o
    0x0801b6d8   0x0000002c   Code   RO         1405    i.ProcessIPLSimmerSensor  iplprepareframe.o
    0x0801b704   0x00000038   Code   RO         2217    i.QueuePutLog       sdcard.o
    0x0801b73c   0x00000028   Code   RO         2447    i.QueuePutPendingRequest  wifidriver.o
    0x0801b764   0x0000001c   Code   RO         2880    i.RX_DMA_Complete   mci_stm32f4xx.o
    0x0801b780   0x0000002c   Code   RO         2881    i.ReadCD            mci_stm32f4xx.o
    0x0801b7ac   0x00000078   Code   RO         1878    i.ReadRegister      dgus.o
    0x0801b824   0x00000084   Code   RO         1879    i.ReadVariable      dgus.o
    0x0801b8a8   0x00000018   Code   RO         2882    i.ReadWP            mci_stm32f4xx.o
    0x0801b8c0   0x000001c8   Code   RO         2883    i.SDIO_IRQHandler   mci_stm32f4xx.o
    0x0801ba88   0x00000074   Code   RO         2222    i.SLogThread        sdcard.o
    0x0801bafc   0x0000000c   Code   RO         2996    i.SPI2_Control      spi_stm32f4xx.o
    0x0801bb08   0x0000000c   Code   RO         2997    i.SPI2_GetDataCount  spi_stm32f4xx.o
    0x0801bb14   0x00000020   Code   RO         2998    i.SPI2_GetStatus    spi_stm32f4xx.o
    0x0801bb34   0x0000000c   Code   RO         2999    i.SPI2_IRQHandler   spi_stm32f4xx.o
    0x0801bb40   0x0000000c   Code   RO         3000    i.SPI2_Initialize   spi_stm32f4xx.o
    0x0801bb4c   0x0000000c   Code   RO         3001    i.SPI2_PowerControl  spi_stm32f4xx.o
    0x0801bb58   0x0000000c   Code   RO         3002    i.SPI2_Receive      spi_stm32f4xx.o
    0x0801bb64   0x0000000c   Code   RO         3003    i.SPI2_Send         spi_stm32f4xx.o
    0x0801bb70   0x0000000c   Code   RO         3004    i.SPI2_Transfer     spi_stm32f4xx.o
    0x0801bb7c   0x0000000c   Code   RO         3005    i.SPI2_Uninitialize  spi_stm32f4xx.o
    0x0801bb88   0x0000000c   Code   RO         3006    i.SPIX_GetCapabilities  spi_stm32f4xx.o
    0x0801bb94   0x0000000c   Code   RO         3007    i.SPIX_GetVersion   spi_stm32f4xx.o
    0x0801bba0   0x00000354   Code   RO         3008    i.SPI_Control       spi_stm32f4xx.o
    0x0801bef4   0x0000016e   Code   RO         3009    i.SPI_IRQHandler    spi_stm32f4xx.o
    0x0801c062   0x000000a2   Code   RO         3010    i.SPI_Initialize    spi_stm32f4xx.o
    0x0801c104   0x00000074   Code   RO         3011    i.SPI_PeripheralReset  spi_stm32f4xx.o
    0x0801c178   0x00000130   Code   RO         3012    i.SPI_PowerControl  spi_stm32f4xx.o
    0x0801c2a8   0x00000072   Code   RO         3013    i.SPI_Receive       spi_stm32f4xx.o
    0x0801c31a   0x00000072   Code   RO         3014    i.SPI_Send          spi_stm32f4xx.o
    0x0801c38c   0x0000005e   Code   RO         3015    i.SPI_Transfer      spi_stm32f4xx.o
    0x0801c3ea   0x00000046   Code   RO         3016    i.SPI_Uninitialize  spi_stm32f4xx.o
    0x0801c430   0x00000044   Code   RO         2223    i.SaveOffset        sdcard.o
    0x0801c474   0x00000084   Code   RO         2449    i.SendAT            wifidriver.o
    0x0801c4f8   0x000000f0   Code   RO         2884    i.SendCommand       mci_stm32f4xx.o
    0x0801c5e8   0x00000150   Code   RO          881    i.ServiceDiodeFrame_Process  serviceframediodelaser.o
    0x0801c738   0x00000224   Code   RO          614    i.ServiceFrame_Process  serviceframe.o
    0x0801c95c   0x00000054   Code   RO         1568    i.SetDACValue       spithread.o
    0x0801c9b0   0x000000e8   Code   RO          774    i.SetLaserSettings  solidstatelaserinputframe.o
    0x0801ca98   0x00000130   Code   RO         1128    i.SetLaserSettingsFract  fractlaserinputframe.o
    0x0801cbc8   0x00000020   Code   RO         1880    i.SetPicId          dgus.o
    0x0801cbe8   0x000000a8   Code   RO         1768    i.SetPulseDuration_ms  solidstatelaser.o
    0x0801cc90   0x00000094   Code   RO         1769    i.SetPulseDuration_us  solidstatelaser.o
    0x0801cd24   0x00000098   Code   RO         1770    i.SetPulseFrequency  solidstatelaser.o
    0x0801cdbc   0x00000098   Code   RO         1771    i.SetPulseFrequency_  solidstatelaser.o
    0x0801ce54   0x000000cc   Code   RO         2885    i.SetupTransfer     mci_stm32f4xx.o
    0x0801cf20   0x00000034   Code   RO         2450    i.SkeepATStart      wifidriver.o
    0x0801cf54   0x000000a4   Code   RO          813    i.SolidStateErrorCheck_Process  solidstatelaserprepareframe.o
    0x0801cff8   0x00000074   Code   RO          775    i.SolidStateLaserInput_Init  solidstatelaserinputframe.o
    0x0801d06c   0x000002d0   Code   RO          776    i.SolidStateLaserInput_Process  solidstatelaserinputframe.o
    0x0801d33c   0x00000058   Code   RO         1488    i.SolidStateLaserOff  mainthread.o
    0x0801d394   0x000000e4   Code   RO          814    i.SolidStateLaserPrepare_Process  solidstatelaserprepareframe.o
    0x0801d478   0x00000084   Code   RO          438    i.SolidStateLaserPulseInc  globalvariables.o
    0x0801d4fc   0x00000040   Code   RO          439    i.SolidStateLaserPulseReset  globalvariables.o
    0x0801d53c   0x000002b4   Code   RO          855    i.SolidStateLaserWork_Process  solidstatelaserworkframe.o
    0x0801d7f0   0x00000044   Code   RO          815    i.SolidStateStopIfWork  solidstatelaserprepareframe.o
    0x0801d834   0x00000024   Code   RO         2125    i.SoundOff          lasermisc.o
    0x0801d858   0x00000044   Code   RO         2126    i.SoundOn           lasermisc.o
    0x0801d89c   0x000000dc   Code   RO         2128    i.SpeakerInit       lasermisc.o
    0x0801d978   0x00000024   Code   RO         1489    i.StopIfRunning     mainthread.o
    0x0801d99c   0x000000bc   Code   RO          440    i.StoreGlobalVariables  globalvariables.o
    0x0801da58   0x00000094   Code   RO            6    i.SystemClock_Config  main.o
    0x0801daec   0x00000078   Code   RO         6809    i.SystemCoreClockUpdate  system_stm32f4xx.o
    0x0801db64   0x00000058   Code   RO         6810    i.SystemInit        system_stm32f4xx.o
    0x0801dbbc   0x0000000c   Code   RO          261    i.TIM1_BRK_TIM9_IRQHandler  stm32f4xx_it.o
    0x0801dbc8   0x0000000c   Code   RO          262    i.TIM1_TRG_COM_TIM11_IRQHandler  stm32f4xx_it.o
    0x0801dbd4   0x0000000c   Code   RO          263    i.TIM1_UP_TIM10_IRQHandler  stm32f4xx_it.o
    0x0801dbe0   0x000000c0   Code   RO         5533    i.TIM_Base_SetConfig  stm32f4xx_hal_tim.o
    0x0801dca0   0x00000016   Code   RO         5534    i.TIM_CCxChannelCmd  stm32f4xx_hal_tim.o
    0x0801dcb6   0x00000016   Code   RO         6114    i.TIM_CCxNChannelCmd  stm32f4xx_hal_tim_ex.o
    0x0801dccc   0x0000003e   Code   RO         5536    i.TIM_DMADelayPulseCplt  stm32f4xx_hal_tim.o
    0x0801dd0a   0x00000010   Code   RO         5537    i.TIM_DMAError      stm32f4xx_hal_tim.o
    0x0801dd1a   0x00000014   Code   RO         5540    i.TIM_ETR_SetConfig  stm32f4xx_hal_tim.o
    0x0801dd2e   0x00000010   Code   RO         5541    i.TIM_ITRx_SetConfig  stm32f4xx_hal_tim.o
    0x0801dd3e   0x00000002   PAD
    0x0801dd40   0x00000058   Code   RO         5542    i.TIM_OC1_SetConfig  stm32f4xx_hal_tim.o
    0x0801dd98   0x00000064   Code   RO         5543    i.TIM_OC2_SetConfig  stm32f4xx_hal_tim.o
    0x0801ddfc   0x00000060   Code   RO         5544    i.TIM_OC3_SetConfig  stm32f4xx_hal_tim.o
    0x0801de5c   0x00000050   Code   RO         5545    i.TIM_OC4_SetConfig  stm32f4xx_hal_tim.o
    0x0801deac   0x0000007c   Code   RO         5546    i.TIM_SlaveTimer_SetConfig  stm32f4xx_hal_tim.o
    0x0801df28   0x00000022   Code   RO         5547    i.TIM_TI1_ConfigInputStage  stm32f4xx_hal_tim.o
    0x0801df4a   0x00000024   Code   RO         5549    i.TIM_TI2_ConfigInputStage  stm32f4xx_hal_tim.o
    0x0801df6e   0x00000002   PAD
    0x0801df70   0x0000001c   Code   RO          442    i.TryStoreGlobalVariables  globalvariables.o
    0x0801df8c   0x00000010   Code   RO         6346    i.UART_DMAAbortOnError  stm32f4xx_hal_uart.o
    0x0801df9c   0x0000001c   Code   RO         6352    i.UART_EndRxTransfer  stm32f4xx_hal_uart.o
    0x0801dfb8   0x0000008c   Code   RO         6354    i.UART_Receive_IT   stm32f4xx_hal_uart.o
    0x0801e044   0x000002ac   Code   RO         6355    i.UART_SetConfig    stm32f4xx_hal_uart.o
    0x0801e2f0   0x00000062   Code   RO         6356    i.UART_Transmit_IT  stm32f4xx_hal_uart.o
    0x0801e352   0x00000002   PAD
    0x0801e354   0x0000000c   Code   RO          264    i.USART1_IRQHandler  stm32f4xx_it.o
    0x0801e360   0x0000000c   Code   RO         3144    i.USART3_Control    usart_stm32f4xx.o
    0x0801e36c   0x0000000c   Code   RO         3145    i.USART3_GetCapabilities  usart_stm32f4xx.o
    0x0801e378   0x0000000c   Code   RO         3146    i.USART3_GetModemStatus  usart_stm32f4xx.o
    0x0801e384   0x0000000c   Code   RO         3147    i.USART3_GetRxCount  usart_stm32f4xx.o
    0x0801e390   0x0000000c   Code   RO         3148    i.USART3_GetStatus  usart_stm32f4xx.o
    0x0801e39c   0x0000000c   Code   RO         3149    i.USART3_GetTxCount  usart_stm32f4xx.o
    0x0801e3a8   0x0000000c   Code   RO         3150    i.USART3_IRQHandler  usart_stm32f4xx.o
    0x0801e3b4   0x0000000c   Code   RO         3151    i.USART3_Initialize  usart_stm32f4xx.o
    0x0801e3c0   0x0000000c   Code   RO         3152    i.USART3_PowerControl  usart_stm32f4xx.o
    0x0801e3cc   0x0000000c   Code   RO         3153    i.USART3_Receive    usart_stm32f4xx.o
    0x0801e3d8   0x0000000c   Code   RO         3154    i.USART3_Send       usart_stm32f4xx.o
    0x0801e3e4   0x0000000c   Code   RO         3155    i.USART3_SetModemControl  usart_stm32f4xx.o
    0x0801e3f0   0x0000000c   Code   RO         3156    i.USART3_Transfer   usart_stm32f4xx.o
    0x0801e3fc   0x0000000c   Code   RO         3157    i.USART3_Uninitialize  usart_stm32f4xx.o
    0x0801e408   0x0000000c   Code   RO         3158    i.USART6_Control    usart_stm32f4xx.o
    0x0801e414   0x0000000c   Code   RO         3159    i.USART6_GetCapabilities  usart_stm32f4xx.o
    0x0801e420   0x0000000c   Code   RO         3160    i.USART6_GetModemStatus  usart_stm32f4xx.o
    0x0801e42c   0x0000000c   Code   RO         3161    i.USART6_GetRxCount  usart_stm32f4xx.o
    0x0801e438   0x0000000c   Code   RO         3162    i.USART6_GetStatus  usart_stm32f4xx.o
    0x0801e444   0x0000000c   Code   RO         3163    i.USART6_GetTxCount  usart_stm32f4xx.o
    0x0801e450   0x0000000c   Code   RO         3164    i.USART6_IRQHandler  usart_stm32f4xx.o
    0x0801e45c   0x0000000c   Code   RO         3165    i.USART6_Initialize  usart_stm32f4xx.o
    0x0801e468   0x0000000c   Code   RO         3166    i.USART6_PowerControl  usart_stm32f4xx.o
    0x0801e474   0x0000000c   Code   RO         3167    i.USART6_RX_DMA_Complete  usart_stm32f4xx.o
    0x0801e480   0x0000000c   Code   RO         3168    i.USART6_Receive    usart_stm32f4xx.o
    0x0801e48c   0x0000000c   Code   RO         3169    i.USART6_Send       usart_stm32f4xx.o
    0x0801e498   0x0000000c   Code   RO         3170    i.USART6_SetModemControl  usart_stm32f4xx.o
    0x0801e4a4   0x0000000c   Code   RO         3171    i.USART6_TX_DMA_Complete  usart_stm32f4xx.o
    0x0801e4b0   0x0000000c   Code   RO         3172    i.USART6_Transfer   usart_stm32f4xx.o
    0x0801e4bc   0x0000000c   Code   RO         3173    i.USART6_Uninitialize  usart_stm32f4xx.o
    0x0801e4c8   0x00000690   Code   RO         3174    i.USART_Control     usart_stm32f4xx.o
    0x0801eb58   0x0000002a   Code   RO         3175    i.USART_GetModemStatus  usart_stm32f4xx.o
    0x0801eb82   0x00000016   Code   RO         3176    i.USART_GetRxCount  usart_stm32f4xx.o
    0x0801eb98   0x00000044   Code   RO         3177    i.USART_GetStatus   usart_stm32f4xx.o
    0x0801ebdc   0x00000016   Code   RO         3178    i.USART_GetTxCount  usart_stm32f4xx.o
    0x0801ebf2   0x000001fc   Code   RO         3179    i.USART_IRQHandler  usart_stm32f4xx.o
    0x0801edee   0x00000002   PAD
    0x0801edf0   0x00000170   Code   RO         3180    i.USART_Initialize  usart_stm32f4xx.o
    0x0801ef60   0x000000d0   Code   RO         3181    i.USART_PeripheralReset  usart_stm32f4xx.o
    0x0801f030   0x00000220   Code   RO         3182    i.USART_PowerControl  usart_stm32f4xx.o
    0x0801f250   0x00000072   Code   RO         3183    i.USART_RX_DMA_Complete  usart_stm32f4xx.o
    0x0801f2c2   0x00000108   Code   RO         3184    i.USART_Receive     usart_stm32f4xx.o
    0x0801f3ca   0x000000e8   Code   RO         3185    i.USART_Send        usart_stm32f4xx.o
    0x0801f4b2   0x00000044   Code   RO         3186    i.USART_SetModemControl  usart_stm32f4xx.o
    0x0801f4f6   0x0000003a   Code   RO         3187    i.USART_TX_DMA_Complete  usart_stm32f4xx.o
    0x0801f530   0x0000004e   Code   RO         3188    i.USART_Transfer    usart_stm32f4xx.o
    0x0801f57e   0x0000005a   Code   RO         3189    i.USART_Uninitialize  usart_stm32f4xx.o
    0x0801f5d8   0x0000000c   Code   RO         3190    i.USARTx_GetVersion  usart_stm32f4xx.o
    0x0801f5e4   0x00000044   Code   RO         2886    i.Uninitialize      mci_stm32f4xx.o
    0x0801f628   0x000000b0   Code   RO         1490    i.UpdateLaserState  mainthread.o
    0x0801f6d8   0x000000c0   Code   RO         1491    i.UpdateLaserStatus  mainthread.o
    0x0801f798   0x00000100   Code   RO         1247    i.UpdateLimits      laserdiodeguipreset.o
    0x0801f898   0x0000001c   Code   RO          265    i.UsageFault_Handler  stm32f4xx_it.o
    0x0801f8b4   0x0000006c   Code   RO         2451    i.WIFI_USART_callback  wifidriver.o
    0x0801f920   0x0000002a   Code   RO         2058    i.WaitFlag          ds18b20.o
    0x0801f94a   0x00000002   PAD
    0x0801f94c   0x00000054   Code   RO         2452    i.WaitForWINDCommands  wifidriver.o
    0x0801f9a0   0x00000058   Code   RO         2453    i.WaitOK            wifidriver.o
    0x0801f9f8   0x00000028   Code   RO         2454    i.WaitPendingRequest  wifidriver.o
    0x0801fa20   0x00000040   Code   RO          908    i.WiFiLinkFrame_Process  wifiscanningframe.o
    0x0801fa60   0x00000248   Code   RO         2455    i.WiFiThread        wifidriver.o
    0x0801fca8   0x000001a4   Code   RO         1618    i.WiFiThread_Link   wifithread.o
    0x0801fe4c   0x0000020c   Code   RO         1619    i.WiFiThread_PublishToServer  wifithread.o
    0x08020058   0x00000188   Code   RO         1620    i.WiFiThread_Scan   wifithread.o
    0x080201e0   0x0000004c   Code   RO         1621    i.WiFiTimer_Callback  wifithread.o
    0x0802022c   0x00000054   Code   RO          949    i.WifiAuthenticationFrame_Process  wifiauthenticationframe.o
    0x08020280   0x00000034   Code   RO          909    i.WifiScanningFrame_Init  wifiscanningframe.o
    0x080202b4   0x00000148   Code   RO          910    i.WifiScanningFrame_Process  wifiscanningframe.o
    0x080203fc   0x00000078   Code   RO         1881    i.WriteLaserDiodeDataConvert16  dgus.o
    0x08020474   0x00000070   Code   RO         1882    i.WriteRegister     dgus.o
    0x080204e4   0x00000078   Code   RO         1883    i.WriteSolidStateLaserDataConvert16  dgus.o
    0x0802055c   0x0000007c   Code   RO         1884    i.WriteVariable     dgus.o
    0x080205d8   0x0000007c   Code   RO         1885    i.WriteVariableConvert16  dgus.o
    0x08020654   0x00000078   Code   RO         1886    i.WriteWifiNetDataConvert16  dgus.o
    0x080206cc   0x0000003c   Code   RO          681    i._DiodeLaserOff    laserdiodeprepareframe.o
    0x08020708   0x00000058   Code   RO         1172    i._FractLaserOff    fractlaserprepareframe.o
    0x08020760   0x0000005c   Code   RO         1406    i._IPLOff           iplprepareframe.o
    0x080207bc   0x00000030   Code   RO         1332    i._IPL_duration_correct  iplinputframe.o
    0x080207ec   0x00000030   Code   RO         1333    i._IPL_energy_correct  iplinputframe.o
    0x0802081c   0x00000044   Code   RO         1334    i._IPL_freq_correct  iplinputframe.o
    0x08020860   0x00000058   Code   RO         1010    i._LongPulseLaserOff  longpulselaserprepareframe.o
    0x080208b8   0x00000058   Code   RO          816    i._SolidStateLaserOff  solidstatelaserprepareframe.o
    0x08020910   0x00000030   Code   RO         9267    i.__ARM_fpclassify  m_wm.l(fpclassify.o)
    0x08020940   0x0000001a   Code   RO         3191    i.__NVIC_ClearPendingIRQ  usart_stm32f4xx.o
    0x0802095a   0x0000001a   Code   RO         3192    i.__NVIC_EnableIRQ  usart_stm32f4xx.o
    0x08020974   0x00000020   Code   RO         3949    i.__NVIC_SetPriority  stm32f4xx_hal_cortex.o
    0x08020994   0x00000070   Code   RO         8059    i.__sys_close       FS_LFN_CM3_L.lib(fs_sys.o)
    0x08020a04   0x00000064   Code   RO         8061    i.__sys_flen        FS_LFN_CM3_L.lib(fs_sys.o)
    0x08020a68   0x00000090   Code   RO         8062    i.__sys_open        FS_LFN_CM3_L.lib(fs_sys.o)
    0x08020af8   0x00000088   Code   RO         8063    i.__sys_read        FS_LFN_CM3_L.lib(fs_sys.o)
    0x08020b80   0x00000070   Code   RO         8064    i.__sys_seek        FS_LFN_CM3_L.lib(fs_sys.o)
    0x08020bf0   0x00000078   Code   RO         8065    i.__sys_write       FS_LFN_CM3_L.lib(fs_sys.o)
    0x08020c68   0x0000002c   Code   RO         2774    i.__user_perthread_libspace  rtx_conf_cm.o
    0x08020c94   0x00000046   Code   RO         8400    i._init_box         RTX_CM4.lib(rt_membox.o)
    0x08020cda   0x0000000e   Code   RO         8821    i._is_digit         c_w.l(__printf_wp.o)
    0x08020ce8   0x00000020   Code   RO         2775    i._mutex_acquire    rtx_conf_cm.o
    0x08020d08   0x0000002c   Code   RO         2776    i._mutex_initialize  rtx_conf_cm.o
    0x08020d34   0x0000001c   Code   RO         2777    i._mutex_release    rtx_conf_cm.o
    0x08020d50   0x00000018   Code   RO         3564    i._sys_close        retarget_io.o
    0x08020d68   0x00000018   Code   RO         3565    i._sys_flen         retarget_io.o
    0x08020d80   0x00000018   Code   RO         3566    i._sys_istty        retarget_io.o
    0x08020d98   0x00000068   Code   RO         3567    i._sys_open         retarget_io.o
    0x08020e00   0x00000044   Code   RO         3568    i._sys_read         retarget_io.o
    0x08020e44   0x0000001e   Code   RO         3569    i._sys_seek         retarget_io.o
    0x08020e62   0x00000046   Code   RO         3570    i._sys_write        retarget_io.o
    0x08020ea8   0x00000004   Code   RO         3571    i._ttywrch          retarget_io.o
    0x08020eac   0x00000010   Code   RO            9    i.absf              main.o
    0x08020ebc   0x0000006a   Code   RO         8541    i.alloc_clus        FS_LFN_CM3_L.lib(fs_fat.o)
    0x08020f26   0x0000009a   Code   RO         8542    i.alloc_table_read  FS_LFN_CM3_L.lib(fs_fat.o)
    0x08020fc0   0x000000dc   Code   RO         8543    i.alloc_table_write  FS_LFN_CM3_L.lib(fs_fat.o)
    0x0802109c   0x00000010   Code   RO         1887    i.bcd_decimal       dgus.o
    0x080210ac   0x000000b4   Code   RO         8544    i.bs_read           FS_LFN_CM3_L.lib(fs_fat.o)
    0x08021160   0x000001d4   Code   RO         8545    i.bs_write          FS_LFN_CM3_L.lib(fs_fat.o)
    0x08021334   0x00000096   Code   RO         8546    i.cache_fat         FS_LFN_CM3_L.lib(fs_fat.o)
    0x080213ca   0x00000060   Code   RO         8547    i.char_validate     FS_LFN_CM3_L.lib(fs_fat.o)
    0x0802142a   0x00000044   Code   RO         8548    i.clear_clus        FS_LFN_CM3_L.lib(fs_fat.o)
    0x0802146e   0x00000024   Code   RO         8549    i.clus_to_sect      FS_LFN_CM3_L.lib(fs_fat.o)
    0x08021492   0x00000002   PAD
    0x08021494   0x00000100   Code   RO         2224    i.cmd_format        sdcard.o
    0x08021594   0x00000022   Code   RO         1888    i.convert_array_w   dgus.o
    0x080215b6   0x0000008a   Code   RO         1890    i.convert_laserdata  dgus.o
    0x08021640   0x00000052   Code   RO         1891    i.convert_laserdata_ss  dgus.o
    0x08021692   0x0000000a   Code   RO         1892    i.convert_w         dgus.o
    0x0802169c   0x00000036   Code   RO         1893    i.convert_wifinetdata  dgus.o
    0x080216d2   0x00000002   PAD
    0x080216d4   0x00000078   Code   RO         1622    i.cookie_handler    wifithread.o
    0x0802174c   0x0000001c   Code   RO         1894    i.crc16_update      dgus.o
    0x08021768   0x000000d4   Code   RO         8550    i.create_dot_entries  FS_LFN_CM3_L.lib(fs_fat.o)
    0x0802183c   0x000000e4   Code   RO         8551    i.create_lfn_entry  FS_LFN_CM3_L.lib(fs_fat.o)
    0x08021920   0x0000008a   Code   RO         8552    i.create_sfn_entry  FS_LFN_CM3_L.lib(fs_fat.o)
    0x080219aa   0x00000002   PAD
    0x080219ac   0x00000030   Code   RO         8453    i.dbg_init          RTX_CM4.lib(hal_cm.o)
    0x080219dc   0x00000020   Code   RO         8454    i.dbg_task_notify   RTX_CM4.lib(hal_cm.o)
    0x080219fc   0x00000010   Code   RO         8455    i.dbg_task_switch   RTX_CM4.lib(hal_cm.o)
    0x08021a0c   0x00000004   Code   RO         6847    i.efs_close         fs_config.o
    0x08021a10   0x00000006   Code   RO         6851    i.efs_flen          fs_config.o
    0x08021a16   0x00000004   Code   RO         6853    i.efs_format        fs_config.o
    0x08021a1a   0x00000006   Code   RO         6855    i.efs_handle_get    fs_config.o
    0x08021a20   0x00000004   Code   RO         6856    i.efs_init          fs_config.o
    0x08021a24   0x00000004   Code   RO         6857    i.efs_mount         fs_config.o
    0x08021a28   0x00000004   Code   RO         6858    i.efs_open          fs_config.o
    0x08021a2c   0x00000004   Code   RO         6859    i.efs_read          fs_config.o
    0x08021a30   0x00000004   Code   RO         6861    i.efs_seek          fs_config.o
    0x08021a34   0x00000006   Code   RO         6864    i.efs_write         fs_config.o
    0x08021a3a   0x00000004   Code   RO         6865    i.elink_cmd         fs_config.o
    0x08021a3e   0x00000004   Code   RO         6867    i.elink_dir         fs_config.o
    0x08021a42   0x00000004   Code   RO         6868    i.elink_init        fs_config.o
    0x08021a46   0x00000004   Code   RO         6869    i.elink_insert      fs_config.o
    0x08021a4a   0x00000004   Code   RO         6870    i.elink_scan        fs_config.o
    0x08021a4e   0x00000038   Code   RO         8553    i.entry_flush       FS_LFN_CM3_L.lib(fs_fat.o)
    0x08021a86   0x0000001c   Code   RO         8554    i.entry_pos_comp    FS_LFN_CM3_L.lib(fs_fat.o)
    0x08021aa2   0x00000060   Code   RO         8555    i.entry_pos_inc     FS_LFN_CM3_L.lib(fs_fat.o)
    0x08021b02   0x00000044   Code   RO         8556    i.entry_read        FS_LFN_CM3_L.lib(fs_fat.o)
    0x08021b46   0x0000002e   Code   RO         8557    i.entry_type        FS_LFN_CM3_L.lib(fs_fat.o)
    0x08021b74   0x00000120   Code   RO         8560    i.fat_close         FS_LFN_CM3_L.lib(fs_fat.o)
    0x08021c94   0x00000030   Code   RO         8561    i.fat_crc32         FS_LFN_CM3_L.lib(fs_fat.o)
    0x08021cc4   0x00000020   Code   RO         8565    i.fat_flen          FS_LFN_CM3_L.lib(fs_fat.o)
    0x08021ce4   0x000004a0   Code   RO         8567    i.fat_format        FS_LFN_CM3_L.lib(fs_fat.o)
    0x08022184   0x00000040   Code   RO         8569    i.fat_handle_get    FS_LFN_CM3_L.lib(fs_fat.o)
    0x080221c4   0x00000040   Code   RO         8570    i.fat_init          FS_LFN_CM3_L.lib(fs_fat.o)
    0x08022204   0x00000004   Code   RO         6871    i.fat_jour_init     fs_config.o
    0x08022208   0x00000004   Code   RO         6872    i.fat_jour_prep     fs_config.o
    0x0802220c   0x000001e4   Code   RO         8574    i.fat_mount         FS_LFN_CM3_L.lib(fs_fat.o)
    0x080223f0   0x000001c8   Code   RO         8575    i.fat_open          FS_LFN_CM3_L.lib(fs_fat.o)
    0x080225b8   0x00000108   Code   RO         8577    i.fat_read          FS_LFN_CM3_L.lib(fs_fat.o)
    0x080226c0   0x00000208   Code   RO         8580    i.fat_seek          FS_LFN_CM3_L.lib(fs_fat.o)
    0x080228c8   0x00000052   Code   RO         8583    i.fat_vol           FS_LFN_CM3_L.lib(fs_fat.o)
    0x0802291a   0x00000090   Code   RO         8584    i.fat_vol_chk       FS_LFN_CM3_L.lib(fs_fat.o)
    0x080229aa   0x00000002   PAD
    0x080229ac   0x00000184   Code   RO         8585    i.fat_write         FS_LFN_CM3_L.lib(fs_fat.o)
    0x08022b30   0x00000058   Code   RO         7944    i.fformat           FS_LFN_CM3_L.lib(fs_mapi.o)
    0x08022b88   0x00000018   Code   RO         9047    i.fgetc             c_w.l(fgetc.o)
    0x08022ba0   0x00000048   Code   RO         8586    i.file_locked       FS_LFN_CM3_L.lib(fs_fat.o)
    0x08022be8   0x00000076   Code   RO         7988    i.fill_cid          FS_LFN_CM3_L.lib(fs_mc_mci.o)
    0x08022c5e   0x00000050   Code   RO         8587    i.find_param        FS_LFN_CM3_L.lib(fs_fat.o)
    0x08022cae   0x00000002   PAD
    0x08022cb0   0x00000070   Code   RO         7947    i.finit             FS_LFN_CM3_L.lib(fs_mapi.o)
    0x08022d20   0x00000054   Code   RO          443    i.fmemcpy           globalvariables.o
    0x08022d74   0x00000054   Code   RO         7950    i.fmount            FS_LFN_CM3_L.lib(fs_mapi.o)
    0x08022dc8   0x0000002c   Code   RO         8588    i.format_date       FS_LFN_CM3_L.lib(fs_fat.o)
    0x08022df4   0x0000002e   Code   RO         8589    i.format_time       FS_LFN_CM3_L.lib(fs_fat.o)
    0x08022e22   0x0000001a   Code   RO         9051    i.fputc             c_w.l(fputc.o)
    0x08022e3c   0x000000aa   Code   RO         8590    i.frec_allocate     FS_LFN_CM3_L.lib(fs_fat.o)
    0x08022ee6   0x00000002   PAD
    0x08022ee8   0x000001f8   Code   RO         8593    i.frec_find         FS_LFN_CM3_L.lib(fs_fat.o)
    0x080230e0   0x0000005a   Code   RO         8594    i.frec_find_elink   FS_LFN_CM3_L.lib(fs_fat.o)
    0x0802313a   0x00000002   PAD
    0x0802313c   0x000000a4   Code   RO         7954    i.fs_component_init  FS_LFN_CM3_L.lib(fs_mapi.o)
    0x080231e0   0x00000058   Code   RO         6874    i.fs_config         fs_config.o
    0x08023238   0x00000090   Code   RO         8516    i.fs_drive_id       FS_LFN_CM3_L.lib(fs_common.o)
    0x080232c8   0x00000006   Code   RO         6875    i.fs_get_rtos_tick_freq  fs_config.o
    0x080232ce   0x00000004   Code   RO         6876    i.fs_get_sys_tick   fs_config.o
    0x080232d2   0x00000002   PAD
    0x080232d4   0x0000001c   Code   RO         6877    i.fs_get_sys_tick_us  fs_config.o
    0x080232f0   0x0000001a   Code   RO         8744    i.fs_get_time       FS_LFN_CM3_L.lib(fs_time.o)
    0x0802330a   0x00000004   Code   RO         7989    i.fs_mc_lock_unlock  FS_LFN_CM3_L.lib(fs_mc_mci.o)
    0x0802330e   0x00000012   Code   RO         6878    i.fs_mutex_acquire  fs_config.o
    0x08023320   0x00000004   Code   RO         6880    i.fs_mutex_new      fs_config.o
    0x08023324   0x0000000e   Code   RO         6881    i.fs_mutex_release  fs_config.o
    0x08023332   0x00000002   PAD
    0x08023334   0x00000020   Code   RO         8517    i.fs_set_cdrive     FS_LFN_CM3_L.lib(fs_common.o)
    0x08023354   0x0000000a   Code   RO         6882    i.fs_set_rtos_delay  fs_config.o
    0x0802335e   0x00000002   PAD
    0x08023360   0x0000007c   Code   RO         8596    i.fsinfo_read       FS_LFN_CM3_L.lib(fs_fat.o)
    0x080233dc   0x00000060   Code   RO         8597    i.fsinfo_write      FS_LFN_CM3_L.lib(fs_fat.o)
    0x0802343c   0x00000004   Code   RO         6885    i.fsj_write         fs_config.o
    0x08023440   0x00000054   Code   RO         7957    i.fvol              FS_LFN_CM3_L.lib(fs_mapi.o)
    0x08023494   0x00000040   Code   RO         1335    i.getPhototypeFromMelanin  iplinputframe.o
    0x080234d4   0x00000022   Code   RO         8598    i.get_EOC           FS_LFN_CM3_L.lib(fs_fat.o)
    0x080234f6   0x00000002   PAD
    0x080234f8   0x000000a0   Code   RO         7990    i.get_block_number  FS_LFN_CM3_L.lib(fs_mc_mci.o)
    0x08023598   0x00000032   Code   RO         8600    i.get_fat_sect      FS_LFN_CM3_L.lib(fs_fat.o)
    0x080235ca   0x00000010   Code   RO         8601    i.get_root_clus     FS_LFN_CM3_L.lib(fs_fat.o)
    0x080235da   0x0000000a   Code   RO         8521    i.get_u16           FS_LFN_CM3_L.lib(fs_common.o)
    0x080235e4   0x00000016   Code   RO         8522    i.get_u32           FS_LFN_CM3_L.lib(fs_common.o)
    0x080235fa   0x00000002   PAD
    0x080235fc   0x000000d4   Code   RO         2225    i.init_filesystem   sdcard.o
    0x080236d0   0x0000002a   Code   RO         7165    i.isrMessageGet     RTX_CM4.lib(rt_cmsis.o)
    0x080236fa   0x0000002c   Code   RO         7166    i.isrMessagePut     RTX_CM4.lib(rt_cmsis.o)
    0x08023726   0x00000024   Code   RO         7168    i.isrSignalSet      RTX_CM4.lib(rt_cmsis.o)
    0x0802374a   0x00000002   PAD
    0x0802374c   0x00000028   Code   RO         8170    i.isr_evt_set       RTX_CM4.lib(rt_event.o)
    0x08023774   0x00000056   Code   RO         8288    i.isr_mbx_receive   RTX_CM4.lib(rt_mailbox.o)
    0x080237ca   0x0000000e   Code   RO         8289    i.isr_mbx_send      RTX_CM4.lib(rt_mailbox.o)
    0x080237d8   0x0000006a   Code   RO         8610    i.label_read        FS_LFN_CM3_L.lib(fs_fat.o)
    0x08023842   0x0000006a   Code   RO         8611    i.label_write       FS_LFN_CM3_L.lib(fs_fat.o)
    0x080238ac   0x00000004   Code   RO         8613    i.link_clus         FS_LFN_CM3_L.lib(fs_fat.o)
    0x080238b0   0x00000060   Code   RO         2226    i.log_FractLaserStart  sdcard.o
    0x08023910   0x0000004c   Code   RO         2227    i.log_FractLaserStop  sdcard.o
    0x0802395c   0x00000060   Code   RO         2228    i.log_LaserDiodeStart  sdcard.o
    0x080239bc   0x00000044   Code   RO         2229    i.log_LaserDiodeStop  sdcard.o
    0x08023a00   0x00000060   Code   RO         2230    i.log_LaserSSStart  sdcard.o
    0x08023a60   0x00000048   Code   RO         2231    i.log_LaserSSStop   sdcard.o
    0x08023aa8   0x00000060   Code   RO         2232    i.log_LongPulseStart  sdcard.o
    0x08023b08   0x00000044   Code   RO         2233    i.log_LongPulseStop  sdcard.o
    0x08023b4c   0x00000094   Code   RO         2234    i.log_out           sdcard.o
    0x08023be0   0x000000ac   Code   RO         2235    i.log_out_f         sdcard.o
    0x08023c8c   0x00000094   Code   RO         2236    i.log_out_i         sdcard.o
    0x08023d20   0x000000f8   Code   RO         2237    i.log_read          sdcard.o
    0x08023e18   0x000000ac   Code   RO         2238    i.log_wifi          sdcard.o
    0x08023ec4   0x00000028   Code   RO         8614    i.long_ent_hash     FS_LFN_CM3_L.lib(fs_fat.o)
    0x08023eec   0x000001f8   Code   RO           10    i.main              main.o
    0x080240e4   0x00000008   Code   RO          444    i.max               globalvariables.o
    0x080240ec   0x000000c0   Code   RO         8615    i.mbr_write         FS_LFN_CM3_L.lib(fs_fat.o)
    0x080241ac   0x0000000c   Code   RO         6886    i.mc0_DevCtrl       fs_config.o
    0x080241b8   0x0000000c   Code   RO         6887    i.mc0_Init          fs_config.o
    0x080241c4   0x0000000c   Code   RO         6888    i.mc0_RdInfo        fs_config.o
    0x080241d0   0x0000000c   Code   RO         6889    i.mc0_RdSect        fs_config.o
    0x080241dc   0x0000000c   Code   RO         6890    i.mc0_UnInit        fs_config.o
    0x080241e8   0x0000000c   Code   RO         6891    i.mc0_WrSect        fs_config.o
    0x080241f4   0x000000f6   Code   RO         7991    i.mc_control_lock   FS_LFN_CM3_L.lib(fs_mc_mci.o)
    0x080242ea   0x00000084   Code   RO         7992    i.mc_control_sleep  FS_LFN_CM3_L.lib(fs_mc_mci.o)
    0x0802436e   0x00000038   Code   RO         7993    i.mc_enable_acmd    FS_LFN_CM3_L.lib(fs_mc_mci.o)
    0x080243a6   0x00000186   Code   RO         7994    i.mc_mci_DevCtrl    FS_LFN_CM3_L.lib(fs_mc_mci.o)
    0x0802452c   0x00000050   Code   RO         7995    i.mc_mci_DrvEvent   FS_LFN_CM3_L.lib(fs_mc_mci.o)
    0x0802457c   0x000000e0   Code   RO         7996    i.mc_mci_Init       FS_LFN_CM3_L.lib(fs_mc_mci.o)
    0x0802465c   0x0000001c   Code   RO         7997    i.mc_mci_ReadInfo   FS_LFN_CM3_L.lib(fs_mc_mci.o)
    0x08024678   0x000000d0   Code   RO         7998    i.mc_mci_ReadSector  FS_LFN_CM3_L.lib(fs_mc_mci.o)
    0x08024748   0x00000044   Code   RO         7999    i.mc_mci_UnInit     FS_LFN_CM3_L.lib(fs_mc_mci.o)
    0x0802478c   0x000000e4   Code   RO         8000    i.mc_mci_WriteSector  FS_LFN_CM3_L.lib(fs_mc_mci.o)
    0x08024870   0x0000046c   Code   RO         8001    i.mc_native_init    FS_LFN_CM3_L.lib(fs_mc_mci.o)
    0x08024cdc   0x00000030   Code   RO         8002    i.mc_read_status    FS_LFN_CM3_L.lib(fs_mc_mci.o)
    0x08024d0c   0x000000dc   Code   RO         8003    i.mc_select_bus_width  FS_LFN_CM3_L.lib(fs_mc_mci.o)
    0x08024de8   0x0000003e   Code   RO         8004    i.mc_select_deselect  FS_LFN_CM3_L.lib(fs_mc_mci.o)
    0x08024e26   0x00000002   PAD
    0x08024e28   0x000000a8   Code   RO         8005    i.mc_select_tran_state  FS_LFN_CM3_L.lib(fs_mc_mci.o)
    0x08024ed0   0x00000038   Code   RO         8006    i.mc_set_block_len  FS_LFN_CM3_L.lib(fs_mc_mci.o)
    0x08024f08   0x0000003a   Code   RO         8007    i.mc_sleep_awake    FS_LFN_CM3_L.lib(fs_mc_mci.o)
    0x08024f42   0x00000030   Code   RO         8008    i.mc_stop_transmission  FS_LFN_CM3_L.lib(fs_mc_mci.o)
    0x08024f72   0x00000038   Code   RO         8009    i.mc_switch         FS_LFN_CM3_L.lib(fs_mc_mci.o)
    0x08024faa   0x00000072   Code   RO         8010    i.mc_switch_func    FS_LFN_CM3_L.lib(fs_mc_mci.o)
    0x0802501c   0x00000030   Code   RO         8011    i.mc_wfe            FS_LFN_CM3_L.lib(fs_mc_mci.o)
    0x0802504c   0x0000000a   Code   RO         8012    i.mci_bus_speed     FS_LFN_CM3_L.lib(fs_mc_mci.o)
    0x08025056   0x00000016   Code   RO         8013    i.mci_bus_speed_mode  FS_LFN_CM3_L.lib(fs_mc_mci.o)
    0x0802506c   0x00000016   Code   RO         8014    i.mci_bus_width     FS_LFN_CM3_L.lib(fs_mc_mci.o)
    0x08025082   0x0000003e   Code   RO         8015    i.mci_card_power    FS_LFN_CM3_L.lib(fs_mc_mci.o)
    0x080250c0   0x00000016   Code   RO         8016    i.mci_cmd_bus_mode  FS_LFN_CM3_L.lib(fs_mc_mci.o)
    0x080250d6   0x0000001e   Code   RO         8017    i.mci_data_timeout  FS_LFN_CM3_L.lib(fs_mc_mci.o)
    0x080250f4   0x00000016   Code   RO         8018    i.mci_idle_clock    FS_LFN_CM3_L.lib(fs_mc_mci.o)
    0x0802510a   0x00000008   Code   RO          445    i.min               globalvariables.o
    0x08025112   0x000000b0   Code   RO         8616    i.name_analyse      FS_LFN_CM3_L.lib(fs_fat.o)
    0x080251c2   0x000000b4   Code   RO         8617    i.name_basis_gen    FS_LFN_CM3_L.lib(fs_fat.o)
    0x08025276   0x00000008   Code   RO         8618    i.name_hash         FS_LFN_CM3_L.lib(fs_fat.o)
    0x0802527e   0x00000002   PAD
    0x08025280   0x00000128   Code   RO         8619    i.name_nt_gen       FS_LFN_CM3_L.lib(fs_fat.o)
    0x080253a8   0x00000052   Code   RO         8620    i.name_strip        FS_LFN_CM3_L.lib(fs_fat.o)
    0x080253fa   0x00000002   PAD
    0x080253fc   0x00000018   Code   RO         7169    i.osDelay           RTX_CM4.lib(rt_cmsis.o)
    0x08025414   0x00000024   Code   RO         7170    i.osKernelInitialize  RTX_CM4.lib(rt_cmsis.o)
    0x08025438   0x0000006c   Code   RO         7172    i.osKernelStart     RTX_CM4.lib(rt_cmsis.o)
    0x080254a4   0x00000018   Code   RO         7173    i.osKernelSysTick   RTX_CM4.lib(rt_cmsis.o)
    0x080254bc   0x0000002c   Code   RO         7180    i.osMessageCreate   RTX_CM4.lib(rt_cmsis.o)
    0x080254e8   0x00000018   Code   RO         7181    i.osMessageGet      RTX_CM4.lib(rt_cmsis.o)
    0x08025500   0x00000018   Code   RO         7182    i.osMessagePut      RTX_CM4.lib(rt_cmsis.o)
    0x08025518   0x0000002c   Code   RO         7183    i.osMutexCreate     RTX_CM4.lib(rt_cmsis.o)
    0x08025544   0x00000018   Code   RO         7185    i.osMutexRelease    RTX_CM4.lib(rt_cmsis.o)
    0x0802555c   0x00000018   Code   RO         7186    i.osMutexWait       RTX_CM4.lib(rt_cmsis.o)
    0x08025574   0x00000020   Code   RO         7187    i.osPoolAlloc       RTX_CM4.lib(rt_cmsis.o)
    0x08025594   0x00000034   Code   RO         7188    i.osPoolCAlloc      RTX_CM4.lib(rt_cmsis.o)
    0x080255c8   0x0000002c   Code   RO         7189    i.osPoolCreate      RTX_CM4.lib(rt_cmsis.o)
    0x080255f4   0x00000020   Code   RO         7190    i.osPoolFree        RTX_CM4.lib(rt_cmsis.o)
    0x08025614   0x00000018   Code   RO         7195    i.osSignalClear     RTX_CM4.lib(rt_cmsis.o)
    0x0802562c   0x00000018   Code   RO         7196    i.osSignalSet       RTX_CM4.lib(rt_cmsis.o)
    0x08025644   0x00000018   Code   RO         7197    i.osSignalWait      RTX_CM4.lib(rt_cmsis.o)
    0x0802565c   0x0000002c   Code   RO         7198    i.osThreadCreate    RTX_CM4.lib(rt_cmsis.o)
    0x08025688   0x00000018   Code   RO         7199    i.osThreadExit      RTX_CM4.lib(rt_cmsis.o)
    0x080256a0   0x00000018   Code   RO         7204    i.osThreadYield     RTX_CM4.lib(rt_cmsis.o)
    0x080256b8   0x0000000c   Code   RO         7205    i.osTimerCall       RTX_CM4.lib(rt_cmsis.o)
    0x080256c4   0x0000002c   Code   RO         7206    i.osTimerCreate     RTX_CM4.lib(rt_cmsis.o)
    0x080256f0   0x00000018   Code   RO         7208    i.osTimerStart      RTX_CM4.lib(rt_cmsis.o)
    0x08025708   0x0000002c   Code   RO         7210    i.osTimerThread     RTX_CM4.lib(rt_cmsis.o)
    0x08025734   0x00000012   Code   RO         2778    i.os_error          rtx_conf_cm.o
    0x08025746   0x00000002   Code   RO         2779    i.os_idle_demon     rtx_conf_cm.o
    0x08025748   0x00000028   Code   RO         8080    i.os_tick_init      RTX_CM4.lib(rt_system.o)
    0x08025770   0x00000002   Code   RO         8081    i.os_tick_irqack    RTX_CM4.lib(rt_system.o)
    0x08025772   0x00000002   PAD
    0x08025774   0x00000010   Code   RO         8082    i.os_tick_ovf       RTX_CM4.lib(rt_system.o)
    0x08025784   0x00000014   Code   RO         8083    i.os_tick_val       RTX_CM4.lib(rt_system.o)
    0x08025798   0x0000006c   Code   RO         1625    i.parseHTTP         wifithread.o
    0x08025804   0x00000220   Code   RO         8621    i.path_create       FS_LFN_CM3_L.lib(fs_fat.o)
    0x08025a24   0x00000032   Code   RO         8622    i.path_init         FS_LFN_CM3_L.lib(fs_fat.o)
    0x08025a56   0x000000a6   Code   RO         8623    i.path_open         FS_LFN_CM3_L.lib(fs_fat.o)
    0x08025afc   0x0000003c   Code   RO         8624    i.path_validate     FS_LFN_CM3_L.lib(fs_fat.o)
    0x08025b38   0x0000007a   Code   RO         8625    i.read_cache        FS_LFN_CM3_L.lib(fs_fat.o)
    0x08025bb2   0x00000052   Code   RO         8626    i.read_sector       FS_LFN_CM3_L.lib(fs_fat.o)
    0x08025c04   0x0000001a   Code   RO         8401    i.rt_alloc_box      RTX_CM4.lib(rt_membox.o)
    0x08025c1e   0x0000003e   Code   RO         8429    i.rt_alloc_mem      RTX_CM4.lib(rt_memory.o)
    0x08025c5c   0x00000038   Code   RO         7784    i.rt_block          RTX_CM4.lib(rt_task.o)
    0x08025c94   0x00000048   Code   RO         8378    i.rt_chk_robin      RTX_CM4.lib(rt_robin.o)
    0x08025cdc   0x00000018   Code   RO         7214    i.rt_clr_box        RTX_CM4.lib(rt_cmsis.o)
    0x08025cf4   0x00000070   Code   RO         8212    i.rt_dec_dly        RTX_CM4.lib(rt_list.o)
    0x08025d64   0x00000044   Code   RO         7785    i.rt_dispatch       RTX_CM4.lib(rt_task.o)
    0x08025da8   0x00000006   Code   RO         7868    i.rt_dly_wait       RTX_CM4.lib(rt_time.o)
    0x08025dae   0x00000002   PAD
    0x08025db0   0x0000001c   Code   RO         8171    i.rt_evt_clr        RTX_CM4.lib(rt_event.o)
    0x08025dcc   0x00000050   Code   RO         8173    i.rt_evt_psh        RTX_CM4.lib(rt_event.o)
    0x08025e1c   0x0000005c   Code   RO         8174    i.rt_evt_set        RTX_CM4.lib(rt_event.o)
    0x08025e78   0x0000003c   Code   RO         8175    i.rt_evt_wait       RTX_CM4.lib(rt_event.o)
    0x08025eb4   0x0000002c   Code   RO         8402    i.rt_free_box       RTX_CM4.lib(rt_membox.o)
    0x08025ee0   0x00000028   Code   RO         8430    i.rt_free_mem       RTX_CM4.lib(rt_memory.o)
    0x08025f08   0x00000028   Code   RO         8213    i.rt_get_first      RTX_CM4.lib(rt_list.o)
    0x08025f30   0x00000024   Code   RO         8214    i.rt_get_same_rdy_prio  RTX_CM4.lib(rt_list.o)
    0x08025f54   0x00000008   Code   RO         7215    i.rt_id2obj         RTX_CM4.lib(rt_cmsis.o)
    0x08025f5c   0x00000048   Code   RO         7786    i.rt_init_context   RTX_CM4.lib(rt_task.o)
    0x08025fa4   0x0000001a   Code   RO         8431    i.rt_init_mem       RTX_CM4.lib(rt_memory.o)
    0x08025fbe   0x00000002   PAD
    0x08025fc0   0x00000018   Code   RO         8379    i.rt_init_robin     RTX_CM4.lib(rt_robin.o)
    0x08025fd8   0x00000080   Code   RO         8456    i.rt_init_stack     RTX_CM4.lib(hal_cm.o)
    0x08026058   0x00000008   Code   RO         8290    i.rt_mbx_check      RTX_CM4.lib(rt_mailbox.o)
    0x08026060   0x0000001a   Code   RO         8291    i.rt_mbx_init       RTX_CM4.lib(rt_mailbox.o)
    0x0802607a   0x00000002   PAD
    0x0802607c   0x000000f0   Code   RO         8292    i.rt_mbx_psh        RTX_CM4.lib(rt_mailbox.o)
    0x0802616c   0x00000098   Code   RO         8293    i.rt_mbx_send       RTX_CM4.lib(rt_mailbox.o)
    0x08026204   0x000000b4   Code   RO         8294    i.rt_mbx_wait       RTX_CM4.lib(rt_mailbox.o)
    0x080262b8   0x00000044   Code   RO         7216    i.rt_ms2tick        RTX_CM4.lib(rt_cmsis.o)
    0x080262fc   0x00000010   Code   RO         7902    i.rt_mut_init       RTX_CM4.lib(rt_mutex.o)
    0x0802630c   0x000000d8   Code   RO         7903    i.rt_mut_release    RTX_CM4.lib(rt_mutex.o)
    0x080263e4   0x00000078   Code   RO         7904    i.rt_mut_wait       RTX_CM4.lib(rt_mutex.o)
    0x0802645c   0x0000007c   Code   RO         8084    i.rt_pop_req        RTX_CM4.lib(rt_system.o)
    0x080264d8   0x00000020   Code   RO         8085    i.rt_psh_req        RTX_CM4.lib(rt_system.o)
    0x080264f8   0x0000005c   Code   RO         8215    i.rt_psq_enq        RTX_CM4.lib(rt_list.o)
    0x08026554   0x00000048   Code   RO         8216    i.rt_put_dly        RTX_CM4.lib(rt_list.o)
    0x0802659c   0x00000036   Code   RO         8217    i.rt_put_prio       RTX_CM4.lib(rt_list.o)
    0x080265d2   0x00000002   PAD
    0x080265d4   0x00000014   Code   RO         8218    i.rt_put_rdy_first  RTX_CM4.lib(rt_list.o)
    0x080265e8   0x00000034   Code   RO         8219    i.rt_resort_prio    RTX_CM4.lib(rt_list.o)
    0x0802661c   0x00000010   Code   RO         8457    i.rt_ret_regs       RTX_CM4.lib(hal_cm.o)
    0x0802662c   0x0000000c   Code   RO         8458    i.rt_ret_val        RTX_CM4.lib(hal_cm.o)
    0x08026638   0x00000010   Code   RO         8459    i.rt_ret_val2       RTX_CM4.lib(hal_cm.o)
    0x08026648   0x00000028   Code   RO         8220    i.rt_rmv_dly        RTX_CM4.lib(rt_list.o)
    0x08026670   0x00000030   Code   RO         8221    i.rt_rmv_list       RTX_CM4.lib(rt_list.o)
    0x080266a0   0x00000034   Code   RO         8339    i.rt_sem_psh        RTX_CM4.lib(rt_semaphore.o)
    0x080266d4   0x00000024   Code   RO         8087    i.rt_stk_check      RTX_CM4.lib(rt_system.o)
    0x080266f8   0x00000028   Code   RO         7787    i.rt_switch_req     RTX_CM4.lib(rt_task.o)
    0x08026720   0x000000cc   Code   RO         7788    i.rt_sys_init       RTX_CM4.lib(rt_task.o)
    0x080267ec   0x00000078   Code   RO         7789    i.rt_sys_start      RTX_CM4.lib(rt_task.o)
    0x08026864   0x00000040   Code   RO         8089    i.rt_systick        RTX_CM4.lib(rt_system.o)
    0x080268a4   0x00000012   Code   RO         7217    i.rt_tid2ptcb       RTX_CM4.lib(rt_cmsis.o)
    0x080268b6   0x00000002   PAD
    0x080268b8   0x00000034   Code   RO         7218    i.rt_timer_insert   RTX_CM4.lib(rt_cmsis.o)
    0x080268ec   0x0000003c   Code   RO         7219    i.rt_timer_remove   RTX_CM4.lib(rt_cmsis.o)
    0x08026928   0x00000088   Code   RO         7790    i.rt_tsk_create     RTX_CM4.lib(rt_task.o)
    0x080269b0   0x0000017c   Code   RO         7791    i.rt_tsk_delete     RTX_CM4.lib(rt_task.o)
    0x08026b2c   0x00000030   Code   RO         7792    i.rt_tsk_pass       RTX_CM4.lib(rt_task.o)
    0x08026b5c   0x0000007c   Code   RO         7793    i.rt_tsk_prio       RTX_CM4.lib(rt_task.o)
    0x08026bd8   0x00000010   Code   RO         7794    i.rt_tsk_self       RTX_CM4.lib(rt_task.o)
    0x08026be8   0x00000008   Code   RO         8523    i.set_u16           FS_LFN_CM3_L.lib(fs_common.o)
    0x08026bf0   0x00000010   Code   RO         8524    i.set_u32           FS_LFN_CM3_L.lib(fs_common.o)
    0x08026c00   0x00000048   Code   RO         8627    i.sfn_extract       FS_LFN_CM3_L.lib(fs_fat.o)
    0x08026c48   0x0000001a   Code   RO         8628    i.short_ent_hash    FS_LFN_CM3_L.lib(fs_fat.o)
    0x08026c62   0x00000002   PAD
    0x08026c64   0x00000094   Code   RO         2239    i.slog_out          sdcard.o
    0x08026cf8   0x000000b4   Code   RO         2240    i.slog_out_f        sdcard.o
    0x08026dac   0x0000009c   Code   RO         2241    i.slog_out_i        sdcard.o
    0x08026e48   0x0000001e   Code   RO         8629    i.sn_chksum         FS_LFN_CM3_L.lib(fs_fat.o)
    0x08026e66   0x00000002   PAD
    0x08026e68   0x00000074   Code   RO         2456    i.socket_close      wifidriver.o
    0x08026edc   0x00000060   Code   RO         2457    i.socket_connect    wifidriver.o
    0x08026f3c   0x0000001c   Code   RO         2459    i.socket_pending_data  wifidriver.o
    0x08026f58   0x0000007c   Code   RO         2460    i.socket_qpending_data  wifidriver.o
    0x08026fd4   0x00000088   Code   RO         2461    i.socket_read       wifidriver.o
    0x0802705c   0x0000005c   Code   RO         2462    i.socket_write      wifidriver.o
    0x080270b8   0x000000dc   Code   RO         2242    i.start_log         sdcard.o
    0x08027194   0x00000012   Code   RO         7220    i.svcDelay          RTX_CM4.lib(rt_cmsis.o)
    0x080271a6   0x00000002   PAD
    0x080271a8   0x00000070   Code   RO         7221    i.svcKernelInitialize  RTX_CM4.lib(rt_cmsis.o)
    0x08027218   0x00000048   Code   RO         7223    i.svcKernelStart    RTX_CM4.lib(rt_cmsis.o)
    0x08027260   0x00000038   Code   RO         7224    i.svcKernelSysTick  RTX_CM4.lib(rt_cmsis.o)
    0x08027298   0x00000024   Code   RO         7226    i.svcMessageCreate  RTX_CM4.lib(rt_cmsis.o)
    0x080272bc   0x0000003a   Code   RO         7227    i.svcMessageGet     RTX_CM4.lib(rt_cmsis.o)
    0x080272f6   0x00000036   Code   RO         7228    i.svcMessagePut     RTX_CM4.lib(rt_cmsis.o)
    0x0802732c   0x0000001c   Code   RO         7229    i.svcMutexCreate    RTX_CM4.lib(rt_cmsis.o)
    0x08027348   0x00000022   Code   RO         7231    i.svcMutexRelease   RTX_CM4.lib(rt_cmsis.o)
    0x0802736a   0x0000003a   Code   RO         7232    i.svcMutexWait      RTX_CM4.lib(rt_cmsis.o)
    0x080273a4   0x00000028   Code   RO         7233    i.svcPoolCreate     RTX_CM4.lib(rt_cmsis.o)
    0x080273cc   0x00000024   Code   RO         7238    i.svcSignalClear    RTX_CM4.lib(rt_cmsis.o)
    0x080273f0   0x00000024   Code   RO         7239    i.svcSignalSet      RTX_CM4.lib(rt_cmsis.o)
    0x08027414   0x00000054   Code   RO         7240    i.svcSignalWait     RTX_CM4.lib(rt_cmsis.o)
    0x08027468   0x0000006c   Code   RO         7241    i.svcThreadCreate   RTX_CM4.lib(rt_cmsis.o)
    0x080274d4   0x0000001c   Code   RO         7242    i.svcThreadGetId    RTX_CM4.lib(rt_cmsis.o)
    0x080274f0   0x00000038   Code   RO         7245    i.svcThreadTerminate  RTX_CM4.lib(rt_cmsis.o)
    0x08027528   0x0000000a   Code   RO         7246    i.svcThreadYield    RTX_CM4.lib(rt_cmsis.o)
    0x08027532   0x00000018   Code   RO         7247    i.svcTimerCall      RTX_CM4.lib(rt_cmsis.o)
    0x0802754a   0x00000002   PAD
    0x0802754c   0x00000038   Code   RO         7248    i.svcTimerCreate    RTX_CM4.lib(rt_cmsis.o)
    0x08027584   0x00000064   Code   RO         7250    i.svcTimerStart     RTX_CM4.lib(rt_cmsis.o)
    0x080275e8   0x0000000a   Code   RO         7254    i.sysPoolAlloc      RTX_CM4.lib(rt_cmsis.o)
    0x080275f2   0x00000014   Code   RO         7255    i.sysPoolFree       RTX_CM4.lib(rt_cmsis.o)
    0x08027606   0x00000002   PAD
    0x08027608   0x0000005c   Code   RO         7256    i.sysTimerTick      RTX_CM4.lib(rt_cmsis.o)
    0x08027664   0x00000060   Code   RO         8631    i.unlink_clus       FS_LFN_CM3_L.lib(fs_fat.o)
    0x080276c4   0x000000ae   Code   RO         8632    i.write_cache       FS_LFN_CM3_L.lib(fs_fat.o)
    0x08027772   0x00000030   Code   RO         8633    i.write_sector      FS_LFN_CM3_L.lib(fs_fat.o)
    0x080277a2   0x00000002   PAD
    0x080277a4   0x0000002c   Code   RO         9188    locale$$code        c_w.l(lc_numeric_c.o)
    0x080277d0   0x0000002c   Code   RO         9314    locale$$code        c_w.l(lc_ctype_c.o)
    0x080277fc   0x00000062   Code   RO         8917    x$fpl$d2f           fz_wm.l(d2f.o)
    0x0802785e   0x00000002   PAD
    0x08027860   0x0000005a   Code   RO         8919    x$fpl$dfixu         fz_wm.l(dfixu.o)
    0x080278ba   0x00000026   Code   RO         8923    x$fpl$dfltu         fz_wm.l(dflt_clz.o)
    0x080278e0   0x00000154   Code   RO         8929    x$fpl$dmul          fz_wm.l(dmul.o)
    0x08027a34   0x0000009c   Code   RO         9071    x$fpl$dnaninf       fz_wm.l(dnaninf.o)
    0x08027ad0   0x0000000c   Code   RO         9073    x$fpl$dretinf       fz_wm.l(dretinf.o)
    0x08027adc   0x00000056   Code   RO         8931    x$fpl$f2d           fz_wm.l(f2d.o)
    0x08027b32   0x0000008c   Code   RO         9075    x$fpl$fnaninf       fz_wm.l(fnaninf.o)
    0x08027bbe   0x0000000a   Code   RO         9343    x$fpl$fpinit        fz_wm.l(fpinit.o)
    0x08027bc8   0x0000000a   Code   RO         9077    x$fpl$fretinf       fz_wm.l(fretinf.o)
    0x08027bd2   0x00000004   Code   RO         8933    x$fpl$printf1       fz_wm.l(printf1.o)
    0x08027bd6   0x00000004   Code   RO         8935    x$fpl$printf2       fz_wm.l(printf2.o)
    0x08027bda   0x00000000   Code   RO         9079    x$fpl$usenofp       fz_wm.l(usenofp.o)
    0x08027bda   0x00000002   PAD
    0x08027bdc   0x00000010   Data   RO         1492    .constdata          mainthread.o
    0x08027bec   0x00000010   Data   RO         1569    .constdata          spithread.o
    0x08027bfc   0x0000002c   Data   RO         1630    .constdata          wifithread.o
    0x08027c28   0x00000008   Data   RO         1725    .constdata          lasertimer.o
    0x08027c30   0x00000030   Data   RO         2063    .constdata          ds18b20.o
    0x08027c60   0x00000080   Data   RO         2131    .constdata          lasermisc.o
    0x08027ce0   0x00000089   Data   RO         2249    .constdata          sdcard.o
    0x08027d69   0x00000003   PAD
    0x08027d6c   0x00000024   Data   RO         2467    .constdata          wifidriver.o
    0x08027d90   0x00000002   Data   RO         2787    .constdata          rtx_conf_cm.o
    0x08027d92   0x00000002   PAD
    0x08027d94   0x00000004   Data   RO         2788    .constdata          rtx_conf_cm.o
    0x08027d98   0x00000004   Data   RO         2789    .constdata          rtx_conf_cm.o
    0x08027d9c   0x00000002   Data   RO         2791    .constdata          rtx_conf_cm.o
    0x08027d9e   0x00000002   Data   RO         2792    .constdata          rtx_conf_cm.o
    0x08027da0   0x00000004   Data   RO         2793    .constdata          rtx_conf_cm.o
    0x08027da4   0x00000001   Data   RO         2794    .constdata          rtx_conf_cm.o
    0x08027da5   0x00000003   PAD
    0x08027da8   0x00000010   Data   RO         2795    .constdata          rtx_conf_cm.o
    0x08027db8   0x00000002   Data   RO         2796    .constdata          rtx_conf_cm.o
    0x08027dba   0x00000002   PAD
    0x08027dbc   0x00000004   Data   RO         2797    .constdata          rtx_conf_cm.o
    0x08027dc0   0x00000004   Data   RO         2798    .constdata          rtx_conf_cm.o
    0x08027dc4   0x00000001   Data   RO         2799    .constdata          rtx_conf_cm.o
    0x08027dc5   0x00000003   PAD
    0x08027dc8   0x00000010   Data   RO         2800    .constdata          rtx_conf_cm.o
    0x08027dd8   0x00000008   Data   RO         2801    .constdata          rtx_conf_cm.o
    0x08027de0   0x00000002   Data   RO         2802    .constdata          rtx_conf_cm.o
    0x08027de2   0x00000002   PAD
    0x08027de4   0x00000010   Data   RO         2803    .constdata          rtx_conf_cm.o
    0x08027df4   0x00000008   Data   RO         2888    .constdata          mci_stm32f4xx.o
    0x08027dfc   0x00000034   Data   RO         2889    .constdata          mci_stm32f4xx.o
    0x08027e30   0x00000034   Data   RO         3019    .constdata          spi_stm32f4xx.o
    0x08027e64   0x0000000c   Data   RO         3020    .constdata          spi_stm32f4xx.o
    0x08027e70   0x0000000c   Data   RO         3021    .constdata          spi_stm32f4xx.o
    0x08027e7c   0x0000000c   Data   RO         3022    .constdata          spi_stm32f4xx.o
    0x08027e88   0x0000002c   Data   RO         3023    .constdata          spi_stm32f4xx.o
    0x08027eb4   0x0000006c   Data   RO         3198    .constdata          usart_stm32f4xx.o
    0x08027f20   0x00000008   Data   RO         3199    .constdata          usart_stm32f4xx.o
    0x08027f28   0x00000008   Data   RO         3200    .constdata          usart_stm32f4xx.o
    0x08027f30   0x00000008   Data   RO         3201    .constdata          usart_stm32f4xx.o
    0x08027f38   0x00000008   Data   RO         3202    .constdata          usart_stm32f4xx.o
    0x08027f40   0x00000008   Data   RO         3203    .constdata          usart_stm32f4xx.o
    0x08027f48   0x00000008   Data   RO         3204    .constdata          usart_stm32f4xx.o
    0x08027f50   0x00000018   Data   RO         3205    .constdata          usart_stm32f4xx.o
    0x08027f68   0x00000018   Data   RO         3206    .constdata          usart_stm32f4xx.o
    0x08027f80   0x00000038   Data   RO         3207    .constdata          usart_stm32f4xx.o
    0x08027fb8   0x00000038   Data   RO         3208    .constdata          usart_stm32f4xx.o
    0x08027ff0   0x00000018   Data   RO         3464    .constdata          eventrecorder.o
    0x08028008   0x00000007   Data   RO         3572    .constdata          retarget_io.o
    0x0802800f   0x00000008   Data   RO         3573    .constdata          retarget_io.o
    0x08028017   0x00000008   Data   RO         3574    .constdata          retarget_io.o
    0x0802801f   0x00000008   Data   RO         4071    .constdata          stm32f4xx_hal_dma.o
    0x08028027   0x00000010   Data   RO         5033    .constdata          stm32f4xx_hal_rcc.o
    0x08028037   0x00000010   Data   RO         6811    .constdata          system_stm32f4xx.o
    0x08028047   0x00000001   Data   RO         6896    .constdata          fs_config.o
    0x08028048   0x00000001   Data   RO         6897    .constdata          fs_config.o
    0x08028049   0x00000001   Data   RO         6898    .constdata          fs_config.o
    0x0802804a   0x00000002   PAD
    0x0802804c   0x0000001c   Data   RO         6899    .constdata          fs_config.o
    0x08028068   0x00000008   Data   RO         6900    .constdata          fs_config.o
    0x08028070   0x00000010   Data   RO         8019    .constdata          FS_LFN_CM3_L.lib(fs_mc_mci.o)
    0x08028080   0x000004ac   Data   RO         8634    .constdata          FS_LFN_CM3_L.lib(fs_fat.o)
    0x0802852c   0x00000008   Data   RO         8782    .constdata          c_w.l(_printf_wctomb.o)
    0x08028534   0x00000028   Data   RO         8794    .constdata          c_w.l(_printf_hex_int.o)
    0x0802855c   0x00000011   Data   RO         8829    .constdata          c_w.l(__printf_flags_ss_wp.o)
    0x0802856d   0x00000026   Data   RO         9024    .constdata          c_w.l(_printf_fp_hex.o)
    0x08028593   0x00000001   PAD
    0x08028594   0x00000094   Data   RO         9151    .constdata          c_w.l(bigflt0.o)
    0x08028628   0x00000226   Data   RO         1631    .conststring        wifithread.o
    0x0802884e   0x00000002   PAD
    0x08028850   0x0000014c   Data   RO         2250    .conststring        sdcard.o
    0x0802899c   0x00000020   Data   RO         9384    Region$$Table       anon$$obj.o
    0x080289bc   0x0000001c   Data   RO         9187    locale$$data        c_w.l(lc_numeric_c.o)
    0x080289d8   0x00000110   Data   RO         9313    locale$$data        c_w.l(lc_ctype_c.o)


    Execution Region RW_IRAM1 (Base: 0x20000000, Size: 0x00016548, Max: 0x00020000, ABSOLUTE, COMPRESSED[0x000006e0])

    Base Addr    Size         Type   Attr      Idx    E Section Name        Object

    0x20000000   0x00000001   Data   RW           11    .data               main.o
    0x20000001   0x00000003   PAD
    0x20000004   0x0000006c   Data   RW          454    .data               globalvariables.o
    0x20000070   0x00000002   Data   RW          455    .data               globalvariables.o
    0x20000072   0x00000002   Data   RW          456    .data               globalvariables.o
    0x20000074   0x00000002   Data   RW          457    .data               globalvariables.o
    0x20000076   0x00000002   Data   RW          458    .data               globalvariables.o
    0x20000078   0x00000002   Data   RW          459    .data               globalvariables.o
    0x2000007a   0x00000002   Data   RW          460    .data               globalvariables.o
    0x2000007c   0x00000004   Data   RW          461    .data               globalvariables.o
    0x20000080   0x00000004   Data   RW          462    .data               globalvariables.o
    0x20000084   0x00000004   Data   RW          463    .data               globalvariables.o
    0x20000088   0x00000004   Data   RW          464    .data               globalvariables.o
    0x2000008c   0x00000004   Data   RW          465    .data               globalvariables.o
    0x20000090   0x00000004   Data   RW          466    .data               globalvariables.o
    0x20000094   0x00000004   Data   RW          467    .data               globalvariables.o
    0x20000098   0x00000004   Data   RW          468    .data               globalvariables.o
    0x2000009c   0x00000002   Data   RW          469    .data               globalvariables.o
    0x2000009e   0x00000001   Data   RW          470    .data               globalvariables.o
    0x2000009f   0x00000001   Data   RW          471    .data               globalvariables.o
    0x200000a0   0x00000004   Data   RW          472    .data               globalvariables.o
    0x200000a4   0x00000004   Data   RW          473    .data               globalvariables.o
    0x200000a8   0x00000006   Data   RW          474    .data               globalvariables.o
    0x200000ae   0x00000001   Data   RW          475    .data               globalvariables.o
    0x200000af   0x00000001   PAD
    0x200000b0   0x00000004   Data   RW          476    .data               globalvariables.o
    0x200000b4   0x00000004   Data   RW          477    .data               globalvariables.o
    0x200000b8   0x00000004   Data   RW          478    .data               globalvariables.o
    0x200000bc   0x00000004   Data   RW          479    .data               globalvariables.o
    0x200000c0   0x00000004   Data   RW          480    .data               globalvariables.o
    0x200000c4   0x00000004   Data   RW          481    .data               globalvariables.o
    0x200000c8   0x00000004   Data   RW          482    .data               globalvariables.o
    0x200000cc   0x00000001   Data   RW          483    .data               globalvariables.o
    0x200000cd   0x00000001   PAD
    0x200000ce   0x00000002   Data   RW          484    .data               globalvariables.o
    0x200000d0   0x00000001   Data   RW          485    .data               globalvariables.o
    0x200000d1   0x00000001   Data   RW          486    .data               globalvariables.o
    0x200000d2   0x00000001   Data   RW          487    .data               globalvariables.o
    0x200000d3   0x00000001   Data   RW          488    .data               globalvariables.o
    0x200000d4   0x00000001   Data   RW          489    .data               globalvariables.o
    0x200000d5   0x00000001   Data   RW          490    .data               globalvariables.o
    0x200000d6   0x00000001   Data   RW          491    .data               globalvariables.o
    0x200000d7   0x00000001   PAD
    0x200000d8   0x00000002   Data   RW          492    .data               globalvariables.o
    0x200000da   0x00000002   Data   RW          493    .data               globalvariables.o
    0x200000dc   0x00000004   Data   RW          494    .data               globalvariables.o
    0x200000e0   0x00000004   Data   RW          495    .data               globalvariables.o
    0x200000e4   0x00000002   Data   RW          496    .data               globalvariables.o
    0x200000e6   0x00000002   Data   RW          497    .data               globalvariables.o
    0x200000e8   0x00000001   Data   RW          498    .data               globalvariables.o
    0x200000e9   0x00000001   Data   RW          499    .data               globalvariables.o
    0x200000ea   0x0000000c   Data   RW          500    .data               globalvariables.o
    0x200000f6   0x00000006   Data   RW          652    .data               passwordframe.o
    0x200000fc   0x00000044   Data   RW          777    .data               solidstatelaserinputframe.o
    0x20000140   0x00000004   Data   RW          856    .data               solidstatelaserworkframe.o
    0x20000144   0x00000004   Data   RW          912    .data               wifiscanningframe.o
    0x20000148   0x00000688   Data   RW          976    .data               longpulselaserinputframe.o
    0x200007d0   0x00000008   Data   RW         1050    .data               longpulselaserworkframe.o
    0x200007d8   0x000000bc   Data   RW         1129    .data               fractlaserinputframe.o
    0x20000894   0x00000004   Data   RW         1212    .data               fractlaserworkframe.o
    0x20000898   0x00000134   Data   RW         1249    .data               laserdiodeguipreset.o
    0x200009cc   0x00000008   Data   RW         1407    .data               iplprepareframe.o
    0x200009d4   0x0000000e   Data   RW         1493    .data               mainthread.o
    0x200009e2   0x00000002   PAD
    0x200009e4   0x00000008   Data   RW         1570    .data               spithread.o
    0x200009ec   0x00000018   Data   RW         1632    .data               wifithread.o
    0x20000a04   0x0000000c   Data   RW         1726    .data               lasertimer.o
    0x20000a10   0x00000001   Data   RW         1773    .data               solidstatelaser.o
    0x20000a11   0x00000001   Data   RW         2064    .data               ds18b20.o
    0x20000a12   0x00000002   PAD
    0x20000a14   0x00000028   Data   RW         2251    .data               sdcard.o
    0x20000a3c   0x00000040   Data   RW         2468    .data               wifidriver.o
    0x20000a7c   0x00000001   Data   RW         2469    .data               wifidriver.o
    0x20000a7d   0x00000001   PAD
    0x20000a7e   0x000002d8   Data   RW         2737    .data               ipl_energy_table.o
    0x20000d56   0x00000034   Data   RW         2738    .data               ipl_energy_table.o
    0x20000d8a   0x0000001c   Data   RW         2739    .data               ipl_energy_table.o
    0x20000da6   0x00000024   Data   RW         2756    .data               erb_energy_table.o
    0x20000dca   0x00000024   Data   RW         2757    .data               erb_energy_table.o
    0x20000dee   0x00000024   Data   RW         2758    .data               erb_energy_table.o
    0x20000e12   0x00000002   PAD
    0x20000e14   0x00000004   Data   RW         2805    .data               rtx_conf_cm.o
    0x20000e18   0x00000004   Data   RW         2806    .data               rtx_conf_cm.o
    0x20000e1c   0x00000004   Data   RW         2807    .data               rtx_conf_cm.o
    0x20000e20   0x00000004   Data   RW         2808    .data               rtx_conf_cm.o
    0x20000e24   0x00000004   Data   RW         3575    .data               retarget_io.o
    0x20000e28   0x00000004   Data   RW         6812    .data               system_stm32f4xx.o
    0x20000e2c   0x00000004   Data   RW         6901    .data               fs_config.o
    0x20000e30   0x00000008   Data   RW         7259    .data               RTX_CM4.lib(rt_cmsis.o)
    0x20000e38   0x00000008   Data   RW         7796    .data               RTX_CM4.lib(rt_task.o)
    0x20000e40   0x00000004   Data   RW         7872    .data               RTX_CM4.lib(rt_time.o)
    0x20000e44   0x00000001   Data   RW         7958    .data               FS_LFN_CM3_L.lib(fs_mapi.o)
    0x20000e45   0x00000003   PAD
    0x20000e48   0x00000008   Data   RW         8092    .data               RTX_CM4.lib(rt_system.o)
    0x20000e50   0x00000008   Data   RW         8380    .data               RTX_CM4.lib(rt_robin.o)
    0x20000e58   0x00000001   Data   RW         8460    .data               RTX_CM4.lib(hal_cm.o)
    0x20000e59   0x00000001   Data   RW         8525    .data               FS_LFN_CM3_L.lib(fs_common.o)
    0x20000e5a   0x00000002   PAD
    0x20000e5c   0x00000004   Data   RW         8871    .data               c_w.l(stdio_streams.o)
    0x20000e60   0x00000004   Data   RW         8872    .data               c_w.l(stdio_streams.o)
    0x20000e64   0x00000004   Data   RW         8873    .data               c_w.l(stdio_streams.o)
    0x20000e68   0x00000004   Data   RW         8891    .data               c_w.l(strtok.o)
    0x20000e6c   0x00000004   Data   RW         9056    .data               c_w.l(streamlock.o)
    0x20000e70   0x00000010   Zero   RW          446    .bss                globalvariables.o
    0x20000e80   0x00000010   Zero   RW          447    .bss                globalvariables.o
    0x20000e90   0x00000040   Zero   RW          448    .bss                globalvariables.o
    0x20000ed0   0x00000036   Zero   RW          451    .bss                globalvariables.o
    0x20000f06   0x00000024   Zero   RW          452    .bss                globalvariables.o
    0x20000f2a   0x00000024   Zero   RW          453    .bss                globalvariables.o
    0x20000f4e   0x00000026   Zero   RW          615    .bss                serviceframe.o
    0x20000f74   0x0000001a   Zero   RW          882    .bss                serviceframediodelaser.o
    0x20000f8e   0x000001e0   Zero   RW          911    .bss                wifiscanningframe.o
    0x2000116e   0x00000014   Zero   RW         1076    .bss                coolingserviceframe.o
    0x20001182   0x000000aa   Zero   RW         1248    .bss                laserdiodeguipreset.o
    0x2000122c   0x00000012   Zero   RW         1336    .bss                iplinputframe.o
    0x2000123e   0x00000002   PAD
    0x20001240   0x00000050   Zero   RW         1626    .bss                wifithread.o
    0x20001290   0x0000028c   Zero   RW         1627    .bss                wifithread.o
    0x2000151c   0x00000018   Zero   RW         1628    .bss                wifithread.o
    0x20001534   0x000008c0   Zero   RW         1629    .bss                wifithread.o
    0x20001df4   0x00000018   Zero   RW         1724    .bss                lasertimer.o
    0x20001e0c   0x000000b4   Zero   RW         1772    .bss                solidstatelaser.o
    0x20001ec0   0x00000840   Zero   RW         1895    .bss                dgus.o
    0x20002700   0x00000020   Zero   RW         2060    .bss                ds18b20.o
    0x20002720   0x00000150   Zero   RW         2129    .bss                lasermisc.o
    0x20002870   0x00000050   Zero   RW         2244    .bss                sdcard.o
    0x200028c0   0x00000050   Zero   RW         2245    .bss                sdcard.o
    0x20002910   0x000011cc   Zero   RW         2246    .bss                sdcard.o
    0x20003adc   0x000011cc   Zero   RW         2247    .bss                sdcard.o
    0x20004ca8   0x00000300   Zero   RW         2248    .bss                sdcard.o
    0x20004fa8   0x00006290   Zero   RW         2463    .bss                wifidriver.o
    0x2000b238   0x00000050   Zero   RW         2464    .bss                wifidriver.o
    0x2000b288   0x0000004c   Zero   RW         2465    .bss                wifidriver.o
    0x2000b2d4   0x00000080   Zero   RW         2621    .bss                canbus.o
    0x2000b354   0x00000054   Zero   RW         2676    .bss                i2cbus.o
    0x2000b3a8   0x00000050   Zero   RW         2780    .bss                rtx_conf_cm.o
    0x2000b3f8   0x00000248   Zero   RW         2781    .bss                rtx_conf_cm.o
    0x2000b640   0x00003010   Zero   RW         2782    .bss                rtx_conf_cm.o
    0x2000e650   0x00004c40   Zero   RW         2783    .bss                rtx_conf_cm.o
    0x20013290   0x00000084   Zero   RW         2784    .bss                rtx_conf_cm.o
    0x20013314   0x0000002c   Zero   RW         2785    .bss                rtx_conf_cm.o
    0x20013340   0x000004a0   Zero   RW         2786    .bss                rtx_conf_cm.o
    0x200137e0   0x000000e0   Zero   RW         2887    .bss                mci_stm32f4xx.o
    0x200138c0   0x0000000c   Zero   RW         3017    .bss                spi_stm32f4xx.o
    0x200138cc   0x0000001c   Zero   RW         3018    .bss                spi_stm32f4xx.o
    0x200138e8   0x00000014   Zero   RW         3193    .bss                usart_stm32f4xx.o
    0x200138fc   0x00000024   Zero   RW         3194    .bss                usart_stm32f4xx.o
    0x20013920   0x00000014   Zero   RW         3195    .bss                usart_stm32f4xx.o
    0x20013934   0x00000024   Zero   RW         3196    .bss                usart_stm32f4xx.o
    0x20013958   0x000000c0   Zero   RW         3197    .bss                usart_stm32f4xx.o
    0x20013a18   0x00000020   Zero   RW         4220    .bss                stm32f4xx_hal_flash.o
    0x20013a38   0x00000010   Zero   RW         6892    .bss                fs_config.o
    0x20013a48   0x00000090   Zero   RW         6893    .bss                fs_config.o
    0x20013ad8   0x0000001c   Zero   RW         6894    .bss                fs_config.o
    0x20013af4   0x000014a8   Zero   RW         6895    .bss                fs_config.o
    0x20014f9c   0x00000034   Zero   RW         7795    .bss                RTX_CM4.lib(rt_task.o)
    0x20014fd0   0x00000030   Zero   RW         8222    .bss                RTX_CM4.lib(rt_list.o)
    0x20015000   0x00000060   Zero   RW         8755    .bss                c_w.l(libspace.o)
    0x20015060   0x00000054   Zero   RW         8868    .bss                c_w.l(stdio_streams.o)
    0x200150b4   0x00000054   Zero   RW         8869    .bss                c_w.l(stdio_streams.o)
    0x20015108   0x00000054   Zero   RW         8870    .bss                c_w.l(stdio_streams.o)
    0x2001515c   0x00000024   PAD
    0x20015180   0x000004a4   Zero   RW         3465    .noinit             eventrecorder.o
    0x20015624   0x00000004   PAD
    0x20015628   0x00000720   Zero   RW         6800    HEAP                startup_stm32f407xx.o
    0x20015d48   0x00000800   Zero   RW         6799    STACK               startup_stm32f407xx.o


==============================================================================

Image component sizes


      Code (inc. data)   RO Data    RW Data    ZI Data      Debug   Object Name

       504         72          0          0        128       3678   canbus.o
       464         42          0          0         20       2121   coolingserviceframe.o
      1806        102          0          0       2112      26992   dgus.o
       406         54         48          1         32       4900   ds18b20.o
         0          0          0        108          0        733   erb_energy_table.o
         0          0         24          0       1188       4316   eventrecorder.o
       952        112          0        188          0       4258   fractlaserinputframe.o
       472         78          0          0          0       3387   fractlaserprepareframe.o
       692         56          0          4          0       2138   fractlaserworkframe.o
       334         70         39          4       5476      31144   fs_config.o
      1476         94          0        239        222      18223   globalvariables.o
       232         30          0          0         84       2117   i2cbus.o
        20          4          0        808          0       1328   ipl_energy_table.o
      1352        134          0          0         18       8136   iplinputframe.o
       904        130          0          8          0       5500   iplprepareframe.o
       256         28          0          0          0       1462   iplworkframe.o
      1946        110          0        308        170      11353   laserdiodeguipreset.o
      1344        130          0          0          0       3493   laserdiodeinputframe.o
       692         94          0          0          0       3679   laserdiodeprepareframe.o
       436         56          0          0          0       1761   laserdiodeworkframe.o
       844        100        128          0        336       6450   lasermisc.o
       624        100          8         12         24       2416   lasertimer.o
       132         10          0          0          0       1443   logframe.o
      1204         92          0       1672          0       3981   longpulselaserinputframe.o
       516         82          0          0          0       3461   longpulselaserprepareframe.o
       816         56          0          8          0       2262   longpulselaserworkframe.o
       680        112          0          1          0     388435   main.o
      1604        226         16         14          0       5934   mainthread.o
      2520        244         60          0        224      23158   mci_stm32f4xx.o
        88         14          0          6          0       1389   passwordframe.o
       412         38         23          4          0       8681   retarget_io.o
       196         48         88         16      33848      10959   rtx_conf_cm.o
      3532       1074        469         40      10040      23541   sdcard.o
       548         34          0          0         38       2695   serviceframe.o
       336         22          0          0         26       2497   serviceframediodelaser.o
      2562        288          0          1        180      11503   solidstatelaser.o
      1068        104          0         68          0       4264   solidstatelaserinputframe.o
       548         84          0          0          0       3513   solidstatelaserprepareframe.o
       692         56          0          4          0       2167   solidstatelaserworkframe.o
      2600        160        132          0         40      50648   spi_stm32f4xx.o
       524        100         16          8          0       7552   spithread.o
        64         26        392          0       3872        904   startup_stm32f407xx.o
       126         14          0          0          0       3693   stm32f4xx_hal.o
      2036         38          0          0          0       9442   stm32f4xx_hal_can.o
       250         14          0          0          0      35180   stm32f4xx_hal_cortex.o
      1180         20          8          0          0       8583   stm32f4xx_hal_dma.o
       284         34          0          0         32       2990   stm32f4xx_hal_flash.o
       364         22          0          0          0       4286   stm32f4xx_hal_flash_ex.o
       808         98          0          0          0       5208   stm32f4xx_hal_gpio.o
      2584         52          0          0          0      21265   stm32f4xx_hal_i2c.o
       668         30          0          0          0       1898   stm32f4xx_hal_msp.o
       178         20          0          0          0       3083   stm32f4xx_hal_pwr.o
      1320         80         16          0          0       6355   stm32f4xx_hal_rcc.o
      1994        106          0          0          0      23512   stm32f4xx_hal_tim.o
       450         10          0          0          0       5149   stm32f4xx_hal_tim_ex.o
      1334         14          0          0          0       6769   stm32f4xx_hal_uart.o
       298        152          0          0          0      10736   stm32f4xx_it.o
       208         38         16          4          0       2225   system_stm32f4xx.o
      5082        340        316          0        304      43063   usart_stm32f4xx.o
        84         10          0          0          0        702   wifiauthenticationframe.o
      2162        420         36         65      25388      19441   wifidriver.o
       444         42          0          4        480       3368   wifiscanningframe.o
      2132        670        594         24       2996      12819   wifithread.o

    ----------------------------------------------------------------------
     60444       6690       2480       3632      87284     938339   Object Totals
         0          0         32          0          0          0   (incl. Generated)
        60          0         19         13          6          0   (incl. Padding)

    ----------------------------------------------------------------------

      Code (inc. data)   RO Data    RW Data    ZI Data      Debug   Library Member Name

       232         22          0          1          0        424   fs_common.o
     10354        260       1196          0          0       5240   fs_fat.o
       532         56          0          1          0        408   fs_mapi.o
      4142         50         16          0          0       2492   fs_mc_mci.o
       724         54          0          0          0        500   fs_sys.o
        26          0          0          0          0         68   fs_time.o
       268         24          0          1          0       4524   hal_cm.o
       408         34          0          0          0        824   hal_cm4.o
      2402        270          0          8          0      58420   rt_cmsis.o
       300         24          0          0          0       3423   rt_event.o
       566         44          0          0         48       9272   rt_list.o
       706         14          0          0          0       5123   rt_mailbox.o
       140          0          0          0          0       2069   rt_membox.o
       128          0          0          0          0       2451   rt_memory.o
       352         14          0          0          0       2249   rt_mutex.o
        96         22          0          8          0       1254   rt_robin.o
        52          4          0          0          0        621   rt_semaphore.o
       334         64          0          8          0       7475   rt_system.o
      1264        184          0          8         52      10675   rt_task.o
         6          0          0          4          0        700   rt_time.o
         4          4          0          0          0        208   svc_table.o
        90          0          0          0          0          0   __dczerorl2.o
         8          0          0          0          0         68   __main.o
       392          4         17          0          0         92   __printf_flags_ss_wp.o
        14          0          0          0          0         68   __printf_wp.o
         0          0          0          0          0          0   __rtentry.o
        20          0          0          0          0          0   __rtentry2.o
         6          0          0          0          0          0   __rtentry4.o
        52          8          0          0          0          0   __scatter.o
        28          0          0          0          0          0   __scatter_zi.o
        28          0          0          0          0         68   _chval.o
         6          0          0          0          0          0   _printf_a.o
         6          0          0          0          0          0   _printf_c.o
        44          0          0          0          0        108   _printf_char.o
        48          6          0          0          0         96   _printf_char_common.o
        64          6          0          0          0         84   _printf_char_file_locked.o
         6          0          0          0          0          0   _printf_d.o
       120         16          0          0          0         92   _printf_dec.o
         6          0          0          0          0          0   _printf_e.o
         6          0          0          0          0          0   _printf_f.o
      1050          0          0          0          0        216   _printf_fp_dec.o
       764          8         38          0          0        100   _printf_fp_hex.o
       128         16          0          0          0         84   _printf_fp_infnan.o
         6          0          0          0          0          0   _printf_g.o
        88          4         40          0          0         88   _printf_hex_int.o
         6          0          0          0          0          0   _printf_i.o
       178          0          0          0          0         88   _printf_intcommon.o
        10          0          0          0          0          0   _printf_l.o
         6          0          0          0          0          0   _printf_lc.o
         6          0          0          0          0          0   _printf_o.o
        80          8          0          0          0         88   _printf_oct_int.o
        78          0          0          0          0        108   _printf_pad.o
         0          0          0          0          0          0   _printf_percent.o
         4          0          0          0          0          0   _printf_percent_end.o
         6          0          0          0          0          0   _printf_s.o
        82          0          0          0          0         80   _printf_str.o
        36          0          0          0          0         84   _printf_truncate.o
         6          0          0          0          0          0   _printf_u.o
        44          0          0          0          0        108   _printf_wchar.o
       188          6          8          0          0         92   _printf_wctomb.o
         6          0          0          0          0          0   _printf_x.o
        10          0          0          0          0         68   _sputc.o
       158          0          0          0          0         92   _strtoul.o
        64          0          0          0          0         92   _wcrtomb.o
        16          0          0          0          0         68   aeabi_memset.o
        26          0          0          0          0         80   atol.o
       220          4        148          0          0         96   bigflt0.o
      1910        128          0          0          0        672   btod.o
        10          0          0          0          0         68   defsig_exit.o
        50          0          0          0          0         88   defsig_general.o
        80         58          0          0          0         76   defsig_rtmem_inner.o
        14          0          0          0          0         80   defsig_rtmem_outer.o
        52         38          0          0          0         76   defsig_rtred_inner.o
        14          0          0          0          0         80   defsig_rtred_outer.o
        18          0          0          0          0         80   exit.o
        76          0          0          0          0         88   fclose.o
        52          6          0          0          0         80   fclose_locked.o
        30          0          0          0          0         80   feof_locked.o
       144         10          0          0          0        128   fflush_locked.o
        24          0          0          0          0         68   fgetc.o
        32          0          0          0          0         80   fgetc_locked.o
        86          0          0          0          0         84   fgets_locked.o
       570          0          0          0          0        132   filbuf.o
       470          0          0          0          0         88   flsbuf.o
        92          8          0          0          0         88   flushlinebuffered_locked.o
       324          8          0          0          0        152   fopen_locked.o
        26          0          0          0          0         68   fputc.o
       306          0          0          0          0         96   freadfast_locked.o
       248          6          0          0          0         84   fseek.o
        44          0          0          0          0         84   fseek_locked.o
        66          0          0          0          0         76   ftell.o
        32          0          0          0          0         80   ftell_locked.o
       208          0          0          0          0         92   fwritefast_locked.o
         4          0          0          0          0         68   getc.o
       158          0          0          0          0        128   h1_alloc_mt.o
        62          0          0          0          0         80   h1_extend_mt.o
       118          0          0          0          0        108   h1_free_mt.o
        18          0          0          0          0         84   h1_init_mt.o
         6          0          0          0          0        152   heapauxi.o
         4          0          0          0          0        136   hguard.o
         0          0          0          0          0          0   indicate_semi.o
       138          0          0          0          0        168   init_alloc.o
       456         48          0          0          0        116   initio_locked.o
        44         10        272          0          0         76   lc_ctype_c.o
        44         10         28          0          0         76   lc_numeric_c.o
         2          0          0          0          0          0   libinit.o
        46          0          0          0          0          0   libinit2.o
         2          0          0          0          0          0   libshutdown.o
         6          0          0          0          0          0   libshutdown2.o
         8          4          0          0         96         68   libspace.o
       138          0          0          0          0         80   lludiv10.o
       238          0          0          0          0        100   lludivv7m.o
         0          0          0          0          0          0   maybetermalloc1.o
        20          0          0          0          0         84   noretval__2fprintf.o
        24          4          0          0          0         84   noretval__2printf.o
        40          6          0          0          0         84   noretval__2sprintf.o
        16          4          0          0          0         76   rt_ctype_table.o
         4          0          0          0          0         68   rt_errno_addr_twolibspace.o
        10          0          0          0          0         76   rt_heap_descriptor_twolibspace.o
        10          0          0          0          0         76   rt_locale_twolibspace.o
        68          0          0          0          0         68   rt_memclr.o
        78          0          0          0          0         80   rt_memclr_w.o
       138          0          0          0          0         68   rt_memcpy_v6.o
       100          0          0          0          0         80   rt_memcpy_w.o
         2          0          0          0          0          0   rtexit.o
        10          0          0          0          0          0   rtexit2.o
       104          0          0          0          0         88   setvbuf_locked.o
       240          6          0          0          0        156   stdio.o
         0          0          0         12        252          0   stdio_streams.o
       128          0          0          0          0         68   strcmpv7m.o
        72          0          0          0          0         80   strcpy.o
        32          0          0          0          0         80   strcspn.o
         0          0          0          4          0          0   streamlock.o
        62          0          0          0          0         76   strlen.o
        50          0          0          0          0         84   strncasecmp.o
        28          0          0          0          0         80   strspn.o
        36          0          0          0          0         80   strstr.o
        12          6          0          4          0         68   strtok.o
        68          4          0          0          0         84   strtok_int.o
       112          0          0          0          0         88   strtol.o
        12          4          0          0          0         68   sys_exit.o
        74          0          0          0          0         80   sys_stackheap_outer.o
        26          0          0          0          0         76   tolower.o
         2          0          0          0          0         68   use_no_semi.o
        98          4          0          0          0        140   d2f.o
        90          4          0          0          0        140   dfixu.o
        38          0          0          0          0        116   dflt_clz.o
       340         12          0          0          0        152   dmul.o
       156          4          0          0          0        140   dnaninf.o
        12          0          0          0          0        116   dretinf.o
        86          4          0          0          0        132   f2d.o
       140          4          0          0          0        132   fnaninf.o
        10          0          0          0          0        116   fpinit.o
        10          0          0          0          0        116   fretinf.o
         4          0          0          0          0        116   printf1.o
         4          0          0          0          0        116   printf2.o
         0          0          0          0          0          0   usenofp.o
        48          0          0          0          0        124   fpclassify.o

    ----------------------------------------------------------------------
     36408       1630       1764         64        484     128860   Library Totals
        78          0          1          5         36          0   (incl. Padding)

    ----------------------------------------------------------------------

      Code (inc. data)   RO Data    RW Data    ZI Data      Debug   Library Name

     16010        442       1212          2          0       9132   FS_LFN_CM3_L.lib
      7026        702          0         37        100     109288   RTX_CM4.lib
     12258        454        551         20        348       8784   c_w.l
       988         32          0          0          0       1532   fz_wm.l
        48          0          0          0          0        124   m_wm.l

    ----------------------------------------------------------------------
     36408       1630       1764         64        484     128860   Library Totals

    ----------------------------------------------------------------------

==============================================================================


      Code (inc. data)   RO Data    RW Data    ZI Data      Debug   

     96852       8320       4244       3696      87768     994083   Grand Totals
     96852       8320       4244       1760      87768     994083   ELF Image Totals (compressed)
     96852       8320       4244       1760          0          0   ROM Totals

==============================================================================

    Total RO  Size (Code + RO Data)               101096 (  98.73kB)
    Total RW  Size (RW Data + ZI Data)             91464 (  89.32kB)
    Total ROM Size (Code + RO Data + RW Data)     102856 ( 100.45kB)

==============================================================================

